Archive member included to satisfy reference by file (symbol)

c:/nxp/mcuxpressoide_11.0.1_2563/ide/plugins/com.nxp.mcuxpresso.tools.win32_11.0.1.201907311258/tools/bin/../lib/gcc/arm-none-eabi/8.2.1/../../../../arm-none-eabi/lib/thumb/v7e-m+fp/hard\libcr_semihost_nf.a(_cr__main.o)
                              ./startup/startup_mk64f12.o (__main)
c:/nxp/mcuxpressoide_11.0.1_2563/ide/plugins/com.nxp.mcuxpresso.tools.win32_11.0.1.201907311258/tools/bin/../lib/gcc/arm-none-eabi/8.2.1/../../../../arm-none-eabi/lib/thumb/v7e-m+fp/hard\libcr_semihost_nf.a(_cr_assert.o)
                              ./utilities/fsl_debug_console.o (__assertion_failed)
c:/nxp/mcuxpressoide_11.0.1_2563/ide/plugins/com.nxp.mcuxpresso.tools.win32_11.0.1.201907311258/tools/bin/../lib/gcc/arm-none-eabi/8.2.1/../../../../arm-none-eabi/lib/thumb/v7e-m+fp/hard\libcr_semihost_nf.a(__ciob.o)
                              c:/nxp/mcuxpressoide_11.0.1_2563/ide/plugins/com.nxp.mcuxpresso.tools.win32_11.0.1.201907311258/tools/bin/../lib/gcc/arm-none-eabi/8.2.1/../../../../arm-none-eabi/lib/thumb/v7e-m+fp/hard\libcr_semihost_nf.a(_cr_assert.o) (__Ciob)
c:/nxp/mcuxpressoide_11.0.1_2563/ide/plugins/com.nxp.mcuxpresso.tools.win32_11.0.1.201907311258/tools/bin/../lib/gcc/arm-none-eabi/8.2.1/../../../../arm-none-eabi/lib/thumb/v7e-m+fp/hard\libcr_semihost_nf.a(__sys_appexit.o)
                              c:/nxp/mcuxpressoide_11.0.1_2563/ide/plugins/com.nxp.mcuxpresso.tools.win32_11.0.1.201907311258/tools/bin/../lib/gcc/arm-none-eabi/8.2.1/../../../../arm-none-eabi/lib/thumb/v7e-m+fp/hard\libcr_semihost_nf.a(_cr_assert.o) (__sys_appexit)
c:/nxp/mcuxpressoide_11.0.1_2563/ide/plugins/com.nxp.mcuxpresso.tools.win32_11.0.1.201907311258/tools/bin/../lib/gcc/arm-none-eabi/8.2.1/../../../../arm-none-eabi/lib/thumb/v7e-m+fp/hard\libcr_c.a(memset.o)
                              ./utilities/fsl_debug_console.o (memset)
c:/nxp/mcuxpressoide_11.0.1_2563/ide/plugins/com.nxp.mcuxpresso.tools.win32_11.0.1.201907311258/tools/bin/../lib/gcc/arm-none-eabi/8.2.1/../../../../arm-none-eabi/lib/thumb/v7e-m+fp/hard\libcr_c.a(_deferredlazyseek.o)
                              c:/nxp/mcuxpressoide_11.0.1_2563/ide/plugins/com.nxp.mcuxpresso.tools.win32_11.0.1.201907311258/tools/bin/../lib/gcc/arm-none-eabi/8.2.1/../../../../arm-none-eabi/lib/thumb/v7e-m+fp/hard\libcr_semihost_nf.a(_cr_assert.o) (__flsbuf)
c:/nxp/mcuxpressoide_11.0.1_2563/ide/plugins/com.nxp.mcuxpresso.tools.win32_11.0.1.201907311258/tools/bin/../lib/gcc/arm-none-eabi/8.2.1/../../../../arm-none-eabi/lib/thumb/v7e-m+fp/hard\libcr_c.a(_fflush.o)
                              c:/nxp/mcuxpressoide_11.0.1_2563/ide/plugins/com.nxp.mcuxpresso.tools.win32_11.0.1.201907311258/tools/bin/../lib/gcc/arm-none-eabi/8.2.1/../../../../arm-none-eabi/lib/thumb/v7e-m+fp/hard\libcr_c.a(_deferredlazyseek.o) (_fflush)
c:/nxp/mcuxpressoide_11.0.1_2563/ide/plugins/com.nxp.mcuxpresso.tools.win32_11.0.1.201907311258/tools/bin/../lib/gcc/arm-none-eabi/8.2.1/../../../../arm-none-eabi/lib/thumb/v7e-m+fp/hard\libcr_c.a(_writebuf.o)
                              c:/nxp/mcuxpressoide_11.0.1_2563/ide/plugins/com.nxp.mcuxpresso.tools.win32_11.0.1.201907311258/tools/bin/../lib/gcc/arm-none-eabi/8.2.1/../../../../arm-none-eabi/lib/thumb/v7e-m+fp/hard\libcr_c.a(_deferredlazyseek.o) (_Cwritebuf)
c:/nxp/mcuxpressoide_11.0.1_2563/ide/plugins/com.nxp.mcuxpresso.tools.win32_11.0.1.201907311258/tools/bin/../lib/gcc/arm-none-eabi/8.2.1/../../../../arm-none-eabi/lib/thumb/v7e-m+fp/hard\libcr_c.a(alloc.o)
                              ./drivers/fsl_common.o (malloc)
c:/nxp/mcuxpressoide_11.0.1_2563/ide/plugins/com.nxp.mcuxpresso.tools.win32_11.0.1.201907311258/tools/bin/../lib/gcc/arm-none-eabi/8.2.1/../../../../arm-none-eabi/lib/thumb/v7e-m+fp/hard\libcr_c.a(fputs.o)
                              c:/nxp/mcuxpressoide_11.0.1_2563/ide/plugins/com.nxp.mcuxpresso.tools.win32_11.0.1.201907311258/tools/bin/../lib/gcc/arm-none-eabi/8.2.1/../../../../arm-none-eabi/lib/thumb/v7e-m+fp/hard\libcr_semihost_nf.a(_cr_assert.o) (fputs)
c:/nxp/mcuxpressoide_11.0.1_2563/ide/plugins/com.nxp.mcuxpresso.tools.win32_11.0.1.201907311258/tools/bin/../lib/gcc/arm-none-eabi/8.2.1/../../../../arm-none-eabi/lib/thumb/v7e-m+fp/hard\libcr_c.a(fseek.o)
                              c:/nxp/mcuxpressoide_11.0.1_2563/ide/plugins/com.nxp.mcuxpresso.tools.win32_11.0.1.201907311258/tools/bin/../lib/gcc/arm-none-eabi/8.2.1/../../../../arm-none-eabi/lib/thumb/v7e-m+fp/hard\libcr_c.a(_deferredlazyseek.o) (fseek)
c:/nxp/mcuxpressoide_11.0.1_2563/ide/plugins/com.nxp.mcuxpresso.tools.win32_11.0.1.201907311258/tools/bin/../lib/gcc/arm-none-eabi/8.2.1/../../../../arm-none-eabi/lib/thumb/v7e-m+fp/hard\libcr_c.a(ftell.o)
                              c:/nxp/mcuxpressoide_11.0.1_2563/ide/plugins/com.nxp.mcuxpresso.tools.win32_11.0.1.201907311258/tools/bin/../lib/gcc/arm-none-eabi/8.2.1/../../../../arm-none-eabi/lib/thumb/v7e-m+fp/hard\libcr_c.a(fseek.o) (ftell)
[...]
Memory Configuration

Name             Origin             Length             Attributes
PROGRAM_FLASH    0x00000000         0x00100000         xr
SRAM_UPPER       0x20000000         0x00030000         xrw
SRAM_LOWER       0x1fff0000         0x00010000         xrw
FLEX_RAM         0x14000000         0x00001000         xrw
*default*        0x00000000         0xffffffff

Linker script and memory map

LOAD ./utilities/fsl_debug_console.o
LOAD ./utilities/fsl_str.o
LOAD ./startup/startup_mk64f12.o
LOAD ./source/buttonDriver.o
LOAD ./source/hardwareInit.o
LOAD ./source/inputControl.o
LOAD ./source/joystickDriver.o
LOAD ./source/lcdControl.o
LOAD ./source/lcdDriver.o
LOAD ./source/ledControl.o
LOAD ./source/ledDriver.o
LOAD ./source/main.o
LOAD ./source/speakerControl.o
LOAD ./source/speakerDriver.o
LOAD ./drivers/fsl_adc16.o
LOAD ./drivers/fsl_clock.o
LOAD ./drivers/fsl_common.o
LOAD ./drivers/fsl_dspi.o
LOAD ./drivers/fsl_gpio.o
LOAD ./drivers/fsl_i2c.o
LOAD ./drivers/fsl_rtc.o
LOAD ./drivers/fsl_smc.o
LOAD ./drivers/fsl_uart.o
LOAD ./device/system_MK64F12.o
LOAD ./component/uart/uart_adapter.o
LOAD ./component/serial_manager/serial_manager.o
LOAD ./component/serial_manager/serial_port_uart.o
LOAD ./component/lists/generic_list.o
LOAD ./board/boards/board.o
LOAD ./board/boards/clock_config.o
LOAD ./board/boards/peripherals.o
LOAD ./board/boards/pin_mux.o
START GROUP
LOAD c:/nxp/mcuxpressoide_11.0.1_2563/ide/plugins/com.nxp.mcuxpresso.tools.win32_11.0.1.201907311258/tools/bin/../lib/gcc/arm-none-eabi/8.2.1/../../../../arm-none-eabi/lib/thumb/v7e-m+fp/hard\libcr_semihost_nf.a
LOAD c:/nxp/mcuxpressoide_11.0.1_2563/ide/plugins/com.nxp.mcuxpresso.tools.win32_11.0.1.201907311258/tools/bin/../lib/gcc/arm-none-eabi/8.2.1/../../../../arm-none-eabi/lib/thumb/v7e-m+fp/hard\libcr_c.a
LOAD c:/nxp/mcuxpressoide_11.0.1_2563/ide/plugins/com.nxp.mcuxpresso.tools.win32_11.0.1.201907311258/tools/bin/../lib/gcc/arm-none-eabi/8.2.1/thumb/v7e-m+fp/hard\libcr_eabihelpers.a
LOAD c:/nxp/mcuxpressoide_11.0.1_2563/ide/plugins/com.nxp.mcuxpresso.tools.win32_11.0.1.201907311258/tools/bin/../lib/gcc/arm-none-eabi/8.2.1/thumb/v7e-m+fp/hard\libgcc.a
END GROUP
                0x00000000                __base_PROGRAM_FLASH = 0x0
                0x00000000                __base_Flash = 0x0
                0x00100000                __top_PROGRAM_FLASH = 0x100000
                0x00100000                __top_Flash = 0x100000
                0x20000000                __base_SRAM_UPPER = 0x20000000
                0x20000000                __base_RAM = 0x20000000
                0x20030000                __top_SRAM_UPPER = 0x20030000
                0x20030000                __top_RAM = 0x20030000
                0x1fff0000                __base_SRAM_LOWER = 0x1fff0000
                0x1fff0000                __base_RAM2 = 0x1fff0000
                0x20000000                __top_SRAM_LOWER = 0x20000000
                0x20000000                __top_RAM2 = 0x20000000
                0x14000000                __base_FLEX_RAM = 0x14000000
                0x14000000                __base_RAM3 = 0x14000000
                0x14001000                __top_FLEX_RAM = 0x14001000
                0x14001000                __top_RAM3 = 0x14001000

.text           0x00000000     0x4158
 FILL mask 0xff
                0x00000000                __vectors_start__ = ABSOLUTE (.)
 *(SORT_BY_ALIGNMENT(.isr_vector))
 .isr_vector    0x00000000      0x198 ./startup/startup_mk64f12.o
                0x00000000                g_pfnVectors
                0x00000000                __Vectors
                0x00000198                . = ALIGN (0x4)
                0x00000198                __section_table_start = .
                0x00000198                __data_section_table = .
                0x00000198        0x4 LONG 0x4158 LOADADDR (.data)
                0x0000019c        0x4 LONG 0x20000000 ADDR (.data)
                0x000001a0        0x4 LONG 0x0 SIZEOF (.data)
                0x000001a4        0x4 LONG 0x4158 LOADADDR (.data_RAM2)
                0x000001a8        0x4 LONG 0x1fff0000 ADDR (.data_RAM2)
                0x000001ac        0x4 LONG 0x0 SIZEOF (.data_RAM2)
                0x000001b0        0x4 LONG 0x4158 LOADADDR (.data_RAM3)
                0x000001b4        0x4 LONG 0x14000000 ADDR (.data_RAM3)
                0x000001b8        0x4 LONG 0x0 SIZEOF (.data_RAM3)
                0x000001bc                __data_section_table_end = .
                0x000001bc                __bss_section_table = .
                0x000001bc        0x4 LONG 0x20000000 ADDR (.bss)
                0x000001c0        0x4 LONG 0x330 SIZEOF (.bss)
                0x000001c4        0x4 LONG 0x1fff0000 ADDR (.bss_RAM2)
                0x000001c8        0x4 LONG 0x0 SIZEOF (.bss_RAM2)
                0x000001cc        0x4 LONG 0x14000000 ADDR (.bss_RAM3)
                0x000001d0        0x4 LONG 0x0 SIZEOF (.bss_RAM3)
                0x000001d4                __bss_section_table_end = .
                0x000001d4                __section_table_end = .
 *(SORT_BY_ALIGNMENT(.after_vectors*))
 .after_vectors.reset
                0x000001d4       0x4c ./startup/startup_mk64f12.o
                0x000001d4                ResetISR
 .after_vectors.init_data
                0x00000220       0x1e ./startup/startup_mk64f12.o
                0x00000220                data_init
 .after_vectors.init_bss
                0x0000023e       0x12 ./startup/startup_mk64f12.o
                0x0000023e                bss_init
 .after_vectors
                0x00000250       0x14 ./startup/startup_mk64f12.o
                0x00000250                NMI_Handler
                0x00000252                HardFault_Handler
                0x00000254                MemManage_Handler
                0x00000256                BusFault_Handler
                0x00000258                UsageFault_Handler
                0x0000025a                SVC_Handler
                0x0000025c                DebugMon_Handler
                0x0000025e                PendSV_Handler
                0x00000260                SysTick_Handler
                0x00000262                DMA_Error_DriverIRQHandler
                0x00000262                FTM1_DriverIRQHandler
                0x00000262                FTM2_DriverIRQHandler
                0x00000262                PIT2_DriverIRQHandler
                0x00000262                SDHC_DriverIRQHandler
                0x00000262                I2S0_Tx_DriverIRQHandler
                0x00000262                RTC_Seconds_DriverIRQHandler
                0x00000262                DMA6_DriverIRQHandler
                0x00000262                LLWU_DriverIRQHandler
                0x00000262                MCM_DriverIRQHandler
                0x00000262                MCG_DriverIRQHandler
                0x00000262                ENET_1588_Timer_DriverIRQHandler
                0x00000262                DAC1_DriverIRQHandler
                0x00000262                LPTMR0_DriverIRQHandler
                0x00000262                CMP1_DriverIRQHandler
                0x00000262                FTM0_DriverIRQHandler
                0x00000262                IntDefaultHandler
                0x00000262                USB0_DriverIRQHandler
                0x00000262                UART5_ERR_DriverIRQHandler
                0x00000262                PORTC_DriverIRQHandler
                0x00000262                DMA11_DriverIRQHandler
                0x00000262                DAC0_DriverIRQHandler
                0x00000262                DMA10_DriverIRQHandler
                0x00000262                CMP2_DriverIRQHandler
                0x00000262                UART2_ERR_DriverIRQHandler
                0x00000262                LVD_LVW_DriverIRQHandler
                0x00000262                PIT0_DriverIRQHandler
                0x00000262                DMA12_DriverIRQHandler
                0x00000262                DMA5_DriverIRQHandler
                0x00000262                DMA4_DriverIRQHandler
                0x00000262                USBDCD_DriverIRQHandler
                0x00000262                UART3_ERR_DriverIRQHandler
                0x00000262                DMA3_DriverIRQHandler
                0x00000262                DMA8_DriverIRQHandler
                0x00000262                DMA9_DriverIRQHandler
                0x00000262                UART0_ERR_DriverIRQHandler
                0x00000262                CMT_DriverIRQHandler
                0x00000262                Reserved71_DriverIRQHandler
                0x00000262                ADC1_DriverIRQHandler
                0x00000262                PORTA_DriverIRQHandler
                0x00000262                DMA14_DriverIRQHandler
                0x00000262                PIT3_DriverIRQHandler
                0x00000262                PIT1_DriverIRQHandler
                0x00000262                WDOG_EWM_DriverIRQHandler
                0x00000262                PDB0_DriverIRQHandler
                0x00000262                RTC_DriverIRQHandler
                0x00000262                I2S0_Rx_DriverIRQHandler
                0x00000262                Read_Collision_DriverIRQHandler
                0x00000262                SWI_DriverIRQHandler
                0x00000262                UART4_ERR_DriverIRQHandler
                0x00000262                PORTB_DriverIRQHandler
                0x00000262                UART0_LON_DriverIRQHandler
                0x00000262                DMA0_DriverIRQHandler
                0x00000262                DMA1_DriverIRQHandler
                0x00000262                ENET_Receive_DriverIRQHandler
                0x00000262                DMA13_DriverIRQHandler
                0x00000262                ENET_Error_DriverIRQHandler
                0x00000262                DMA15_DriverIRQHandler
                0x00000262                ADC0_DriverIRQHandler
                0x00000262                CMP0_DriverIRQHandler
                0x00000262                CAN0_DriverIRQHandler
                0x00000262                FTM3_DriverIRQHandler
                0x00000262                RNG_DriverIRQHandler
                0x00000262                UART1_ERR_DriverIRQHandler
                0x00000262                DMA2_DriverIRQHandler
                0x00000262                ENET_Transmit_DriverIRQHandler
                0x00000262                PORTD_DriverIRQHandler
                0x00000262                PORTE_DriverIRQHandler
                0x00000262                FTFE_DriverIRQHandler
                0x00000262                DMA7_DriverIRQHandler
                0x00000400                . = 0x400
 *fill*         0x00000264      0x19c ff
                0x00000400                PROVIDE (__FLASH_CONFIG_START__ = .)
 *(SORT_BY_ALIGNMENT(.FlashConfig))
 .FlashConfig   0x00000400       0x10 ./startup/startup_mk64f12.o
                0x00000400                Flash_Config
                0x00000410                PROVIDE (__FLASH_CONFIG_END__ = .)
                0x00000001                ASSERT (! ((__FLASH_CONFIG_START__ == __FLASH_CONFIG_END__)), Linker Flash Config Support Enabled, but no .FlashConfig section provided within application)
 *(SORT_BY_ALIGNMENT(.text*))
 .text.delay_us
                0x00000410       0x48 ./source/lcdDriver.o
                0x00000410                delay_us
 .text.initEnums
                0x00000458       0x38 ./source/inputControl.o
                0x00000458                initEnums
 .text.getTuneNr
                0x00000490       0x18 ./source/inputControl.o
                0x00000490                getTuneNr
 .text.getDisplay
                0x000004a8       0x18 ./source/inputControl.o
                0x000004a8                getDisplay
 .text.getHour  0x000004c0       0x18 ./source/inputControl.o
                0x000004c0                getHour
 .text.getMin   0x000004d8       0x18 ./source/inputControl.o
                0x000004d8                getMin
 .text.getSec   0x000004f0       0x18 ./source/inputControl.o
                0x000004f0                getSec
 .text.getHourAlarm
                0x00000508       0x18 ./source/inputControl.o
                0x00000508                getHourAlarm
 .text.getMinAlarm
                0x00000520       0x18 ./source/inputControl.o
                0x00000520                getMinAlarm
 .text.getSecAlarm
                0x00000538       0x18 ./source/inputControl.o
                0x00000538                getSecAlarm
 .text.getSettingNr
                0x00000550       0x18 ./source/inputControl.o
                0x00000550                getSettingNr
 .text.getSetting
                0x00000568       0x6c ./source/inputControl.o
                0x00000568                getSetting
 .text.getTune  0x000005d4       0x6c ./source/inputControl.o
                0x000005d4                getTune
 .text.incrementTime
                0x00000640       0x88 ./source/inputControl.o
                0x00000640                incrementTime
 .text.decrementTime
                0x000006c8       0x88 ./source/inputControl.o
                0x000006c8                decrementTime
 .text.incrementAlarm
                0x00000750       0x88 ./source/inputControl.o
                0x00000750                incrementAlarm
 .text.decrementAlarm
                0x000007d8       0x88 ./source/inputControl.o
                0x000007d8                decrementAlarm
 .text.setDisplay
                0x00000860       0x20 ./source/inputControl.o
                0x00000860                setDisplay
 .text.PORTC_IRQHandler
                0x00000880      0x298 ./source/inputControl.o
                0x00000880                PORTC_IRQHandler
 .text.PORTB_IRQHandler
                0x00000b18      0x24c ./source/inputControl.o
                0x00000b18                PORTB_IRQHandler
 .text.__NVIC_EnableIRQ
                0x00000d64       0x3c ./source/joystickDriver.o
 .text.joystickInit
                0x00000da0       0xb4 ./source/joystickDriver.o
                0x00000da0                joystickInit
 .text.spi_write
                0x00000e54       0x98 ./source/lcdDriver.o
                0x00000e54                spi_write
 .text.lcd_data
                0x00000eec       0x2c ./source/lcdDriver.o
                0x00000eec                lcd_data
 .text.lcd_comm
                0x00000f18       0x2c ./source/lcdDriver.o
                0x00000f18                lcd_comm
 .text.pins_init
                0x00000f44       0xcc ./source/lcdDriver.o
                0x00000f44                pins_init
 .text.copy_to_lcd
                0x00001010      0x100 ./source/lcdDriver.o
                0x00001010                copy_to_lcd
 .text.lcd_clear
                0x00001110       0x34 ./source/lcdDriver.o
                0x00001110                lcd_clear
 .text.lcd_init
                0x00001144       0x8c ./source/lcdDriver.o
                0x00001144                lcd_init
 .text.turnOnLed
                0x000011d0       0xbc ./source/ledDriver.o
                0x000011d0                turnOnLed
 .text.turnOffLed
                0x0000128c       0xcc ./source/ledDriver.o
                0x0000128c                turnOffLed
 .text.initialiseLed
                0x00001358      0x198 ./source/ledDriver.o
                0x00001358                initialiseLed
 .text.getState
                0x000014f0       0x18 ./source/main.o
                0x000014f0                getState
 .text.getAlarm
                0x00001508       0x18 ./source/main.o
                0x00001508                getAlarm
 .text.setAlarm
                0x00001520       0x20 ./source/main.o
                0x00001520                setAlarm
 .text.setState
                0x00001540       0x20 ./source/main.o
                0x00001540                setState
 .text.main     0x00001560      0x154 ./source/main.o
                0x00001560                main
 .text.standardAlarmSound
                0x000016b4       0x54 ./source/speakerControl.o
                0x000016b4                standardAlarmSound
 .text.Morgenstimmung_EG
                0x00001708       0x98 ./source/speakerControl.o
                0x00001708                Morgenstimmung_EG
 .text.furElise_LvB
                0x000017a0      0x194 ./source/speakerControl.o
                0x000017a0                furElise_LvB
 .text.octave   0x00001934       0xac ./source/speakerControl.o
                0x00001934                octave
 .text.Gc3_E4_Gc4_B4_C5_A3_E4
                0x000019e0       0x64 ./source/speakerControl.o
                0x000019e0                Gc3_E4_Gc4_B4_C5_A3_E4
 .text.Gc3_E4_C5_B4_A4
                0x00001a44       0x4c ./source/speakerControl.o
                0x00001a44                Gc3_E4_C5_B4_A4
 .text.A3_C4_E4_A4_B4
                0x00001a90       0x4c ./source/speakerControl.o
                0x00001a90                A3_C4_E4_A4_B4
 .text.A5_Fc5_E5_D5_E5_Fc5
                0x00001adc       0x58 ./source/speakerControl.o
                0x00001adc                A5_Fc5_E5_D5_E5_Fc5
 .text.E5_Dc5_E5_Dc5_E5_B4_D5_C5_A4
                0x00001b34       0x74 ./source/speakerControl.o
                0x00001b34                E5_Dc5_E5_Dc5_E5_B4_D5_C5_A4
 .text.playMusic
                0x00001ba8       0x4c ./source/speakerControl.o
                0x00001ba8                playMusic
 .text.playNote
                0x00001bf4       0x5c ./source/speakerDriver.o
                0x00001bf4                playNote
 .text.stopNote
                0x00001c50       0x18 ./source/speakerDriver.o
                0x00001c50                stopNote
 .text.initPWM  0x00001c68       0x3c ./source/speakerDriver.o
                0x00001c68                initPWM
 .text.DSPI_CommonIRQHandler
                0x00001ca4       0x40 ./drivers/fsl_dspi.o
 .text.SPI0_DriverIRQHandler
                0x00001ce4       0x30 ./drivers/fsl_dspi.o
                0x00001ce4                SPI0_DriverIRQHandler
 .text.SPI1_DriverIRQHandler
                0x00001d14       0x30 ./drivers/fsl_dspi.o
                0x00001d14                SPI1_DriverIRQHandler
 .text.SPI2_DriverIRQHandler
                0x00001d44       0x30 ./drivers/fsl_dspi.o
                0x00001d44                SPI2_DriverIRQHandler
 .text.I2C_TransferCommonIRQHandler
                0x00001d74       0x54 ./drivers/fsl_i2c.o
 .text.I2C0_DriverIRQHandler
                0x00001dc8       0x1c ./drivers/fsl_i2c.o
                0x00001dc8                I2C0_DriverIRQHandler
 .text.I2C1_DriverIRQHandler
                0x00001de4       0x1c ./drivers/fsl_i2c.o
                0x00001de4                I2C1_DriverIRQHandler
 .text.I2C2_DriverIRQHandler
                0x00001e00       0x1c ./drivers/fsl_i2c.o
                0x00001e00                I2C2_DriverIRQHandler
 .text.UART0_DriverIRQHandler
                0x00001e1c       0x28 ./drivers/fsl_uart.o
                0x00001e1c                UART0_DriverIRQHandler
 .text.UART1_DriverIRQHandler
                0x00001e44       0x28 ./drivers/fsl_uart.o
                0x00001e44                UART1_DriverIRQHandler
 .text.UART2_DriverIRQHandler
                0x00001e6c       0x28 ./drivers/fsl_uart.o
                0x00001e6c                UART2_DriverIRQHandler
 .text.UART3_DriverIRQHandler
                0x00001e94       0x28 ./drivers/fsl_uart.o
                0x00001e94                UART3_DriverIRQHandler
 .text.UART4_DriverIRQHandler
                0x00001ebc       0x28 ./drivers/fsl_uart.o
                0x00001ebc                UART4_DriverIRQHandler
 .text.UART5_DriverIRQHandler
                0x00001ee4       0x28 ./drivers/fsl_uart.o
                0x00001ee4                UART5_DriverIRQHandler
 .text.SystemInit
                0x00001f0c       0x3c ./device/system_MK64F12.o
                0x00001f0c                SystemInit
 .text.__assertion_failed
                0x00001f48       0x4c c:/nxp/mcuxpressoide_11.0.1_2563/ide/plugins/com.nxp.mcuxpresso.tools.win32_11.0.1.201907311258/tools/bin/../lib/gcc/arm-none-eabi/8.2.1/../../../../arm-none-eabi/lib/thumb/v7e-m+fp/hard\libcr_semihost_nf.a(_cr_assert.o)
                0x00001f48                __assertion_failed
 .text.__sys_appexit
                0x00001f94        0xc c:/nxp/mcuxpressoide_11.0.1_2563/ide/plugins/com.nxp.mcuxpresso.tools.win32_11.0.1.201907311258/tools/bin/../lib/gcc/arm-none-eabi/8.2.1/../../../../arm-none-eabi/lib/thumb/v7e-m+fp/hard\libcr_semihost_nf.a(__sys_appexit.o)
                0x00001f94                __sys_appexit
                0x00001f94                __exit
 .text._Cwritebuf
                0x00001fa0       0x6c c:/nxp/mcuxpressoide_11.0.1_2563/ide/plugins/com.nxp.mcuxpresso.tools.win32_11.0.1.201907311258/tools/bin/../lib/gcc/arm-none-eabi/8.2.1/../../../../arm-none-eabi/lib/thumb/v7e-m+fp/hard\libcr_c.a(_writebuf.o)
                0x00001fa0                _Cwritebuf
 .text.malloc   0x0000200c       0xc8 c:/nxp/mcuxpressoide_11.0.1_2563/ide/plugins/com.nxp.mcuxpresso.tools.win32_11.0.1.201907311258/tools/bin/../lib/gcc/arm-none-eabi/8.2.1/../../../../arm-none-eabi/lib/thumb/v7e-m+fp/hard\libcr_c.a(alloc.o)
                0x0000200c                malloc
 .text._Csys_alloc
                0x000020d4       0x20 c:/nxp/mcuxpressoide_11.0.1_2563/ide/plugins/com.nxp.mcuxpresso.tools.win32_11.0.1.201907311258/tools/bin/../lib/gcc/arm-none-eabi/8.2.1/../../../../arm-none-eabi/lib/thumb/v7e-m+fp/hard\libcr_c.a(alloc.o)
                0x000020d4                _Csys_alloc
 .text.fseek    0x000020f4      0x100 c:/nxp/mcuxpressoide_11.0.1_2563/ide/plugins/com.nxp.mcuxpresso.tools.win32_11.0.1.201907311258/tools/bin/../lib/gcc/arm-none-eabi/8.2.1/../../../../arm-none-eabi/lib/thumb/v7e-m+fp/hard\libcr_c.a(fseek.o)
                0x000020f4                fseek
 .text.ftell    0x000021f4       0x48 c:/nxp/mcuxpressoide_11.0.1_2563/ide/plugins/com.nxp.mcuxpresso.tools.win32_11.0.1.201907311258/tools/bin/../lib/gcc/arm-none-eabi/8.2.1/../../../../arm-none-eabi/lib/thumb/v7e-m+fp/hard\libcr_c.a(ftell.o)
                0x000021f4                ftell
 .text._initio  0x0000223c       0x78 c:/nxp/mcuxpressoide_11.0.1_2563/ide/plugins/com.nxp.mcuxpresso.tools.win32_11.0.1.201907311258/tools/bin/../lib/gcc/arm-none-eabi/8.2.1/../../../../arm-none-eabi/lib/thumb/v7e-m+fp/hard\libcr_c.a(initio.o)
                0x0000223c                _initio
 .text.__vfprintf
                0x000022b4      0xbe0 c:/nxp/mcuxpressoide_11.0.1_2563/ide/plugins/com.nxp.mcuxpresso.tools.win32_11.0.1.201907311258/tools/bin/../lib/gcc/arm-none-eabi/8.2.1/../../../../arm-none-eabi/lib/thumb/v7e-m+fp/hard\libcr_c.a(printf.o)
                0x000022b4                __vfprintf
 .text._vsnprintf
                0x00002e94       0x68 c:/nxp/mcuxpressoide_11.0.1_2563/ide/plugins/com.nxp.mcuxpresso.tools.win32_11.0.1.201907311258/tools/bin/../lib/gcc/arm-none-eabi/8.2.1/../../../../arm-none-eabi/lib/thumb/v7e-m+fp/hard\libcr_c.a(printf.o)
                0x00002e94                _vsnprintf
 .text._printf  0x00002efc       0x54 c:/nxp/mcuxpressoide_11.0.1_2563/ide/plugins/com.nxp.mcuxpresso.tools.win32_11.0.1.201907311258/tools/bin/../lib/gcc/arm-none-eabi/8.2.1/../../../../arm-none-eabi/lib/thumb/v7e-m+fp/hard\libcr_c.a(printf.o)
                0x00002efc                _printf
 .text.setvbuf  0x00002f50       0x40 c:/nxp/mcuxpressoide_11.0.1_2563/ide/plugins/com.nxp.mcuxpresso.tools.win32_11.0.1.201907311258/tools/bin/../lib/gcc/arm-none-eabi/8.2.1/../../../../arm-none-eabi/lib/thumb/v7e-m+fp/hard\libcr_c.a(setvbuf.o)
                0x00002f50                setvbuf
 .text._sbrk    0x00002f90       0x3c c:/nxp/mcuxpressoide_11.0.1_2563/ide/plugins/com.nxp.mcuxpresso.tools.win32_11.0.1.201907311258/tools/bin/../lib/gcc/arm-none-eabi/8.2.1/../../../../arm-none-eabi/lib/thumb/v7e-m+fp/hard\libcr_c.a(_cr_sbrk.o)
                0x00002f90                _sbrk
 .text.fflush   0x00002fcc       0x44 c:/nxp/mcuxpressoide_11.0.1_2563/ide/plugins/com.nxp.mcuxpresso.tools.win32_11.0.1.201907311258/tools/bin/../lib/gcc/arm-none-eabi/8.2.1/../../../../arm-none-eabi/lib/thumb/v7e-m+fp/hard\libcr_c.a(fflush.o)
                0x00002fcc                fflush
 .text.__check_heap_overflow
                0x00003010       0x18 c:/nxp/mcuxpressoide_11.0.1_2563/ide/plugins/com.nxp.mcuxpresso.tools.win32_11.0.1.201907311258/tools/bin/../lib/gcc/arm-none-eabi/8.2.1/../../../../arm-none-eabi/lib/thumb/v7e-m+fp/hard\libcr_c.a(_cr_check_heap.o)
                0x00003010                __check_heap_overflow
 .text.__aeabi_dmul
                0x00003028      0x114 c:/nxp/mcuxpressoide_11.0.1_2563/ide/plugins/com.nxp.mcuxpresso.tools.win32_11.0.1.201907311258/tools/bin/../lib/gcc/arm-none-eabi/8.2.1/thumb/v7e-m+fp/hard\libcr_eabihelpers.a(double.o)
                0x00003028                __aeabi_dmul
 .text.DMA0_IRQHandler
                0x0000313c        0x8 ./startup/startup_mk64f12.o
                0x0000313c                DMA0_IRQHandler
 .text.DMA1_IRQHandler
                0x00003144        0x8 ./startup/startup_mk64f12.o
                0x00003144                DMA1_IRQHandler
 .text.DMA2_IRQHandler
                0x0000314c        0x8 ./startup/startup_mk64f12.o
                0x0000314c                DMA2_IRQHandler
 .text.DMA3_IRQHandler
                0x00003154        0x8 ./startup/startup_mk64f12.o
                0x00003154                DMA3_IRQHandler
 .text.DMA4_IRQHandler
                0x0000315c        0x8 ./startup/startup_mk64f12.o
                0x0000315c                DMA4_IRQHandler
 .text.DMA5_IRQHandler
                0x00003164        0x8 ./startup/startup_mk64f12.o
                0x00003164                DMA5_IRQHandler
 .text.DMA6_IRQHandler
                0x0000316c        0x8 ./startup/startup_mk64f12.o
                0x0000316c                DMA6_IRQHandler
 .text.DMA7_IRQHandler
                0x00003174        0x8 ./startup/startup_mk64f12.o
                0x00003174                DMA7_IRQHandler
 .text.DMA8_IRQHandler
                0x0000317c        0x8 ./startup/startup_mk64f12.o
                0x0000317c                DMA8_IRQHandler
 .text.DMA9_IRQHandler
                0x00003184        0x8 ./startup/startup_mk64f12.o
                0x00003184                DMA9_IRQHandler
 .text.DMA10_IRQHandler
                0x0000318c        0x8 ./startup/startup_mk64f12.o
                0x0000318c                DMA10_IRQHandler
 .text.DMA11_IRQHandler
                0x00003194        0x8 ./startup/startup_mk64f12.o
                0x00003194                DMA11_IRQHandler
 .text.DMA12_IRQHandler
                0x0000319c        0x8 ./startup/startup_mk64f12.o
                0x0000319c                DMA12_IRQHandler
 .text.DMA13_IRQHandler
                0x000031a4        0x8 ./startup/startup_mk64f12.o
                0x000031a4                DMA13_IRQHandler
 .text.DMA14_IRQHandler
                0x000031ac        0x8 ./startup/startup_mk64f12.o
                0x000031ac                DMA14_IRQHandler
 .text.DMA15_IRQHandler
                0x000031b4        0x8 ./startup/startup_mk64f12.o
                0x000031b4                DMA15_IRQHandler
 .text.DMA_Error_IRQHandler
                0x000031bc        0x8 ./startup/startup_mk64f12.o
                0x000031bc                DMA_Error_IRQHandler
 .text.MCM_IRQHandler
                0x000031c4        0x8 ./startup/startup_mk64f12.o
                0x000031c4                MCM_IRQHandler
 .text.FTFE_IRQHandler
                0x000031cc        0x8 ./startup/startup_mk64f12.o
                0x000031cc                FTFE_IRQHandler
 .text.Read_Collision_IRQHandler
                0x000031d4        0x8 ./startup/startup_mk64f12.o
                0x000031d4                Read_Collision_IRQHandler
 .text.LVD_LVW_IRQHandler
                0x000031dc        0x8 ./startup/startup_mk64f12.o
                0x000031dc                LVD_LVW_IRQHandler
 .text.LLWU_IRQHandler
                0x000031e4        0x8 ./startup/startup_mk64f12.o
                0x000031e4                LLWU_IRQHandler
 .text.WDOG_EWM_IRQHandler
                0x000031ec        0x8 ./startup/startup_mk64f12.o
                0x000031ec                WDOG_EWM_IRQHandler
 .text.RNG_IRQHandler
                0x000031f4        0x8 ./startup/startup_mk64f12.o
                0x000031f4                RNG_IRQHandler
 .text.I2C0_IRQHandler
                0x000031fc        0x8 ./startup/startup_mk64f12.o
                0x000031fc                I2C0_IRQHandler
 .text.I2C1_IRQHandler
                0x00003204        0x8 ./startup/startup_mk64f12.o
                0x00003204                I2C1_IRQHandler
 .text.SPI0_IRQHandler
                0x0000320c        0x8 ./startup/startup_mk64f12.o
                0x0000320c                SPI0_IRQHandler
 .text.SPI1_IRQHandler
                0x00003214        0x8 ./startup/startup_mk64f12.o
                0x00003214                SPI1_IRQHandler
 .text.I2S0_Tx_IRQHandler
                0x0000321c        0x8 ./startup/startup_mk64f12.o
                0x0000321c                I2S0_Tx_IRQHandler
 .text.I2S0_Rx_IRQHandler
                0x00003224        0x8 ./startup/startup_mk64f12.o
                0x00003224                I2S0_Rx_IRQHandler
 .text.UART0_LON_IRQHandler
                0x0000322c        0x8 ./startup/startup_mk64f12.o
                0x0000322c                UART0_LON_IRQHandler
 .text.UART0_RX_TX_IRQHandler
                0x00003234        0x8 ./startup/startup_mk64f12.o
                0x00003234                UART0_RX_TX_IRQHandler
 .text.UART0_ERR_IRQHandler
                0x0000323c        0x8 ./startup/startup_mk64f12.o
                0x0000323c                UART0_ERR_IRQHandler
 .text.UART1_RX_TX_IRQHandler
                0x00003244        0x8 ./startup/startup_mk64f12.o
                0x00003244                UART1_RX_TX_IRQHandler
 .text.UART1_ERR_IRQHandler
                0x0000324c        0x8 ./startup/startup_mk64f12.o
                0x0000324c                UART1_ERR_IRQHandler
 .text.UART2_RX_TX_IRQHandler
                0x00003254        0x8 ./startup/startup_mk64f12.o
                0x00003254                UART2_RX_TX_IRQHandler
 .text.UART2_ERR_IRQHandler
                0x0000325c        0x8 ./startup/startup_mk64f12.o
                0x0000325c                UART2_ERR_IRQHandler
 .text.UART3_RX_TX_IRQHandler
                0x00003264        0x8 ./startup/startup_mk64f12.o
                0x00003264                UART3_RX_TX_IRQHandler
 .text.UART3_ERR_IRQHandler
                0x0000326c        0x8 ./startup/startup_mk64f12.o
                0x0000326c                UART3_ERR_IRQHandler
 .text.ADC0_IRQHandler
                0x00003274        0x8 ./startup/startup_mk64f12.o
                0x00003274                ADC0_IRQHandler
 .text.CMP0_IRQHandler
                0x0000327c        0x8 ./startup/startup_mk64f12.o
                0x0000327c                CMP0_IRQHandler
 .text.CMP1_IRQHandler
                0x00003284        0x8 ./startup/startup_mk64f12.o
                0x00003284                CMP1_IRQHandler
 .text.FTM0_IRQHandler
                0x0000328c        0x8 ./startup/startup_mk64f12.o
                0x0000328c                FTM0_IRQHandler
 .text.FTM1_IRQHandler
                0x00003294        0x8 ./startup/startup_mk64f12.o
                0x00003294                FTM1_IRQHandler
 .text.FTM2_IRQHandler
                0x0000329c        0x8 ./startup/startup_mk64f12.o
                0x0000329c                FTM2_IRQHandler
 .text.CMT_IRQHandler
                0x000032a4        0x8 ./startup/startup_mk64f12.o
                0x000032a4                CMT_IRQHandler
 .text.RTC_IRQHandler
                0x000032ac        0x8 ./startup/startup_mk64f12.o
                0x000032ac                RTC_IRQHandler
 .text.RTC_Seconds_IRQHandler
                0x000032b4        0x8 ./startup/startup_mk64f12.o
                0x000032b4                RTC_Seconds_IRQHandler
 .text.PIT0_IRQHandler
                0x000032bc        0x8 ./startup/startup_mk64f12.o
                0x000032bc                PIT0_IRQHandler
 .text.PIT1_IRQHandler
                0x000032c4        0x8 ./startup/startup_mk64f12.o
                0x000032c4                PIT1_IRQHandler
 .text.PIT2_IRQHandler
                0x000032cc        0x8 ./startup/startup_mk64f12.o
                0x000032cc                PIT2_IRQHandler
 .text.PIT3_IRQHandler
                0x000032d4        0x8 ./startup/startup_mk64f12.o
                0x000032d4                PIT3_IRQHandler
 .text.PDB0_IRQHandler
                0x000032dc        0x8 ./startup/startup_mk64f12.o
                0x000032dc                PDB0_IRQHandler
 .text.USB0_IRQHandler
                0x000032e4        0x8 ./startup/startup_mk64f12.o
                0x000032e4                USB0_IRQHandler
 .text.USBDCD_IRQHandler
                0x000032ec        0x8 ./startup/startup_mk64f12.o
                0x000032ec                USBDCD_IRQHandler
 .text.Reserved71_IRQHandler
                0x000032f4        0x8 ./startup/startup_mk64f12.o
                0x000032f4                Reserved71_IRQHandler
 .text.DAC0_IRQHandler
                0x000032fc        0x8 ./startup/startup_mk64f12.o
                0x000032fc                DAC0_IRQHandler
 .text.MCG_IRQHandler
                0x00003304        0x8 ./startup/startup_mk64f12.o
                0x00003304                MCG_IRQHandler
 .text.LPTMR0_IRQHandler
                0x0000330c        0x8 ./startup/startup_mk64f12.o
                0x0000330c                LPTMR0_IRQHandler
 .text.PORTA_IRQHandler
                0x00003314        0x8 ./startup/startup_mk64f12.o
                0x00003314                PORTA_IRQHandler
 .text.PORTD_IRQHandler
                0x0000331c        0x8 ./startup/startup_mk64f12.o
                0x0000331c                PORTD_IRQHandler
 .text.PORTE_IRQHandler
                0x00003324        0x8 ./startup/startup_mk64f12.o
                0x00003324                PORTE_IRQHandler
 .text.SWI_IRQHandler
                0x0000332c        0x8 ./startup/startup_mk64f12.o
                0x0000332c                SWI_IRQHandler
 .text.SPI2_IRQHandler
                0x00003334        0x8 ./startup/startup_mk64f12.o
                0x00003334                SPI2_IRQHandler
 .text.UART4_RX_TX_IRQHandler
                0x0000333c        0x8 ./startup/startup_mk64f12.o
                0x0000333c                UART4_RX_TX_IRQHandler
 .text.UART4_ERR_IRQHandler
                0x00003344        0x8 ./startup/startup_mk64f12.o
                0x00003344                UART4_ERR_IRQHandler
 .text.UART5_RX_TX_IRQHandler
                0x0000334c        0x8 ./startup/startup_mk64f12.o
                0x0000334c                UART5_RX_TX_IRQHandler
 .text.UART5_ERR_IRQHandler
                0x00003354        0x8 ./startup/startup_mk64f12.o
                0x00003354                UART5_ERR_IRQHandler
 .text.CMP2_IRQHandler
                0x0000335c        0x8 ./startup/startup_mk64f12.o
                0x0000335c                CMP2_IRQHandler
 .text.FTM3_IRQHandler
                0x00003364        0x8 ./startup/startup_mk64f12.o
                0x00003364                FTM3_IRQHandler
 .text.DAC1_IRQHandler
                0x0000336c        0x8 ./startup/startup_mk64f12.o
                0x0000336c                DAC1_IRQHandler
 .text.ADC1_IRQHandler
                0x00003374        0x8 ./startup/startup_mk64f12.o
                0x00003374                ADC1_IRQHandler
 .text.I2C2_IRQHandler
                0x0000337c        0x8 ./startup/startup_mk64f12.o
                0x0000337c                I2C2_IRQHandler
 .text.CAN0_ORed_Message_buffer_IRQHandler
                0x00003384        0x8 ./startup/startup_mk64f12.o
                0x00003384                CAN0_ORed_Message_buffer_IRQHandler
 .text.CAN0_Bus_Off_IRQHandler
                0x0000338c        0x8 ./startup/startup_mk64f12.o
                0x0000338c                CAN0_Bus_Off_IRQHandler
 .text.CAN0_Error_IRQHandler
                0x00003394        0x8 ./startup/startup_mk64f12.o
                0x00003394                CAN0_Error_IRQHandler
 .text.CAN0_Tx_Warning_IRQHandler
                0x0000339c        0x8 ./startup/startup_mk64f12.o
                0x0000339c                CAN0_Tx_Warning_IRQHandler
 .text.CAN0_Rx_Warning_IRQHandler
                0x000033a4        0x8 ./startup/startup_mk64f12.o
                0x000033a4                CAN0_Rx_Warning_IRQHandler
 .text.CAN0_Wake_Up_IRQHandler
                0x000033ac        0x8 ./startup/startup_mk64f12.o
                0x000033ac                CAN0_Wake_Up_IRQHandler
 .text.SDHC_IRQHandler
                0x000033b4        0x8 ./startup/startup_mk64f12.o
                0x000033b4                SDHC_IRQHandler
 .text.ENET_1588_Timer_IRQHandler
                0x000033bc        0x8 ./startup/startup_mk64f12.o
                0x000033bc                ENET_1588_Timer_IRQHandler
 .text.ENET_Transmit_IRQHandler
                0x000033c4        0x8 ./startup/startup_mk64f12.o
                0x000033c4                ENET_Transmit_IRQHandler
 .text.ENET_Receive_IRQHandler
                0x000033cc        0x8 ./startup/startup_mk64f12.o
                0x000033cc                ENET_Receive_IRQHandler
 .text.ENET_Error_IRQHandler
                0x000033d4        0x8 ./startup/startup_mk64f12.o
                0x000033d4                ENET_Error_IRQHandler
 .text.init     0x000033dc       0x20 ./source/hardwareInit.o
                0x000033dc                init
 .text.delay_ms
                0x000033fc       0x30 ./source/lcdDriver.o
                0x000033fc                delay_ms
 .text.turnOn   0x0000342c       0x16 ./source/ledControl.o
                0x0000342c                turnOn
 .text.turnOff  0x00003442       0x16 ./source/ledControl.o
                0x00003442                turnOff
 .text.getAlarmStatus
                0x00003458        0xe ./source/speakerControl.o
                0x00003458                getAlarmStatus
 .text.pause    0x00003466       0x22 ./source/speakerControl.o
                0x00003466                pause
 .text.note     0x00003488       0x28 ./source/speakerControl.o
                0x00003488                note
 .text.DSPI_IsMaster
                0x000034b0       0x22 ./drivers/fsl_dspi.o
 .text.UART0_RX_TX_DriverIRQHandler
                0x000034d2       0x10 ./drivers/fsl_uart.o
                0x000034d2                UART0_RX_TX_DriverIRQHandler
 .text.UART1_RX_TX_DriverIRQHandler
                0x000034e2       0x10 ./drivers/fsl_uart.o
                0x000034e2                UART1_RX_TX_DriverIRQHandler
 .text.UART2_RX_TX_DriverIRQHandler
                0x000034f2       0x10 ./drivers/fsl_uart.o
                0x000034f2                UART2_RX_TX_DriverIRQHandler
 .text.UART3_RX_TX_DriverIRQHandler
                0x00003502       0x10 ./drivers/fsl_uart.o
                0x00003502                UART3_RX_TX_DriverIRQHandler
 .text.UART4_RX_TX_DriverIRQHandler
                0x00003512       0x10 ./drivers/fsl_uart.o
                0x00003512                UART4_RX_TX_DriverIRQHandler
 .text.UART5_RX_TX_DriverIRQHandler
                0x00003522       0x10 ./drivers/fsl_uart.o
                0x00003522                UART5_RX_TX_DriverIRQHandler
 .text.SystemInitHook
                0x00003532        0xe ./device/system_MK64F12.o
                0x00003532                SystemInitHook
 .text.__main   0x00003540        0xe c:/nxp/mcuxpressoide_11.0.1_2563/ide/plugins/com.nxp.mcuxpresso.tools.win32_11.0.1.201907311258/tools/bin/../lib/gcc/arm-none-eabi/8.2.1/../../../../arm-none-eabi/lib/thumb/v7e-m+fp/hard\libcr_semihost_nf.a(_cr__main.o)
                0x00003540                __CR_SEMIHOST
                0x00003540                __main
 .text.memset   0x0000354e        0x4 c:/nxp/mcuxpressoide_11.0.1_2563/ide/plugins/com.nxp.mcuxpresso.tools.win32_11.0.1.201907311258/tools/bin/../lib/gcc/arm-none-eabi/8.2.1/../../../../arm-none-eabi/lib/thumb/v7e-m+fp/hard\libcr_c.a(memset.o)
                0x0000354e                memset
 .text._deferredlazyseek
                0x00003552       0x40 c:/nxp/mcuxpressoide_11.0.1_2563/ide/plugins/com.nxp.mcuxpresso.tools.win32_11.0.1.201907311258/tools/bin/../lib/gcc/arm-none-eabi/8.2.1/../../../../arm-none-eabi/lib/thumb/v7e-m+fp/hard\libcr_c.a(_deferredlazyseek.o)
                0x00003552                _deferredlazyseek
 .text.__flsbuf
                0x00003592      0x140 c:/nxp/mcuxpressoide_11.0.1_2563/ide/plugins/com.nxp.mcuxpresso.tools.win32_11.0.1.201907311258/tools/bin/../lib/gcc/arm-none-eabi/8.2.1/../../../../arm-none-eabi/lib/thumb/v7e-m+fp/hard\libcr_c.a(_deferredlazyseek.o)
                0x00003592                __flsbuf
 .text._fflush  0x000036d2       0x52 c:/nxp/mcuxpressoide_11.0.1_2563/ide/plugins/com.nxp.mcuxpresso.tools.win32_11.0.1.201907311258/tools/bin/../lib/gcc/arm-none-eabi/8.2.1/../../../../arm-none-eabi/lib/thumb/v7e-m+fp/hard\libcr_c.a(_fflush.o)
                0x000036d2                _fflush
 .text.free     0x00003724       0x30 c:/nxp/mcuxpressoide_11.0.1_2563/ide/plugins/com.nxp.mcuxpresso.tools.win32_11.0.1.201907311258/tools/bin/../lib/gcc/arm-none-eabi/8.2.1/../../../../arm-none-eabi/lib/thumb/v7e-m+fp/hard\libcr_c.a(alloc.o)
                0x00003724                free
 .text.fputs    0x00003754       0x2c c:/nxp/mcuxpressoide_11.0.1_2563/ide/plugins/com.nxp.mcuxpresso.tools.win32_11.0.1.201907311258/tools/bin/../lib/gcc/arm-none-eabi/8.2.1/../../../../arm-none-eabi/lib/thumb/v7e-m+fp/hard\libcr_c.a(fputs.o)
                0x00003754                fputs
 .text.no_fp_display
                0x00003780        0x4 c:/nxp/mcuxpressoide_11.0.1_2563/ide/plugins/com.nxp.mcuxpresso.tools.win32_11.0.1.201907311258/tools/bin/../lib/gcc/arm-none-eabi/8.2.1/../../../../arm-none-eabi/lib/thumb/v7e-m+fp/hard\libcr_c.a(printf.o)
 .text.strlen   0x00003784       0x4c c:/nxp/mcuxpressoide_11.0.1_2563/ide/plugins/com.nxp.mcuxpresso.tools.win32_11.0.1.201907311258/tools/bin/../lib/gcc/arm-none-eabi/8.2.1/../../../../arm-none-eabi/lib/thumb/v7e-m+fp/hard\libcr_c.a(strlen.o)
                0x00003784                strlen
 .text._fdopen  0x000037d0       0x68 c:/nxp/mcuxpressoide_11.0.1_2563/ide/plugins/com.nxp.mcuxpresso.tools.win32_11.0.1.201907311258/tools/bin/../lib/gcc/arm-none-eabi/8.2.1/../../../../arm-none-eabi/lib/thumb/v7e-m+fp/hard\libcr_c.a(_fdopen.o)
                0x000037d0                _fdopen
 .text.fclose   0x00003838       0x58 c:/nxp/mcuxpressoide_11.0.1_2563/ide/plugins/com.nxp.mcuxpresso.tools.win32_11.0.1.201907311258/tools/bin/../lib/gcc/arm-none-eabi/8.2.1/../../../../arm-none-eabi/lib/thumb/v7e-m+fp/hard\libcr_c.a(fclose.o)
                0x00003838                fclose
 .text.remove   0x00003890       0x14 c:/nxp/mcuxpressoide_11.0.1_2563/ide/plugins/com.nxp.mcuxpresso.tools.win32_11.0.1.201907311258/tools/bin/../lib/gcc/arm-none-eabi/8.2.1/../../../../arm-none-eabi/lib/thumb/v7e-m+fp/hard\libcr_c.a(remove.o)
                0x00003890                remove
 .text._do_fflush
                0x000038a4       0x40 c:/nxp/mcuxpressoide_11.0.1_2563/ide/plugins/com.nxp.mcuxpresso.tools.win32_11.0.1.201907311258/tools/bin/../lib/gcc/arm-none-eabi/8.2.1/../../../../arm-none-eabi/lib/thumb/v7e-m+fp/hard\libcr_c.a(_do_fflush.o)
                0x000038a4                _do_fflush
 .text.__aeabi_d2iz
                0x000038e4       0x40 c:/nxp/mcuxpressoide_11.0.1_2563/ide/plugins/com.nxp.mcuxpresso.tools.win32_11.0.1.201907311258/tools/bin/../lib/gcc/arm-none-eabi/8.2.1/thumb/v7e-m+fp/hard\libcr_eabihelpers.a(double.o)
                0x000038e4                __aeabi_d2iz
 .text.__bhs_ui2d
                0x00003924       0x46 c:/nxp/mcuxpressoide_11.0.1_2563/ide/plugins/com.nxp.mcuxpresso.tools.win32_11.0.1.201907311258/tools/bin/../lib/gcc/arm-none-eabi/8.2.1/thumb/v7e-m+fp/hard\libcr_eabihelpers.a(double.o)
                0x00003924                __bhs_ui2d
 .text.__aeabi_i2d
                0x0000396a       0x12 c:/nxp/mcuxpressoide_11.0.1_2563/ide/plugins/com.nxp.mcuxpresso.tools.win32_11.0.1.201907311258/tools/bin/../lib/gcc/arm-none-eabi/8.2.1/thumb/v7e-m+fp/hard\libcr_eabihelpers.a(double.o)
                0x0000396a                __aeabi_i2d
 .text.__aeabi_memset_lowlevel
                0x0000397c       0x32 c:/nxp/mcuxpressoide_11.0.1_2563/ide/plugins/com.nxp.mcuxpresso.tools.win32_11.0.1.201907311258/tools/bin/../lib/gcc/arm-none-eabi/8.2.1/thumb/v7e-m+fp/hard\libcr_eabihelpers.a(memcpy.o)
                0x0000397c                __aeabi_lowlevel_memset
 .text.__sys_close
                0x000039ae        0xc c:/nxp/mcuxpressoide_11.0.1_2563/ide/plugins/com.nxp.mcuxpresso.tools.win32_11.0.1.201907311258/tools/bin/../lib/gcc/arm-none-eabi/8.2.1/../../../../arm-none-eabi/lib/thumb/v7e-m+fp/hard\libcr_semihost_nf.a(__sys_close.o)
                0x000039ae                __sys_close
 .text.__sys_flen
                0x000039ba        0xc c:/nxp/mcuxpressoide_11.0.1_2563/ide/plugins/com.nxp.mcuxpresso.tools.win32_11.0.1.201907311258/tools/bin/../lib/gcc/arm-none-eabi/8.2.1/../../../../arm-none-eabi/lib/thumb/v7e-m+fp/hard\libcr_semihost_nf.a(__sys_flen.o)
                0x000039ba                __sys_flen
 .text.__sys_istty
                0x000039c6        0xc c:/nxp/mcuxpressoide_11.0.1_2563/ide/plugins/com.nxp.mcuxpresso.tools.win32_11.0.1.201907311258/tools/bin/../lib/gcc/arm-none-eabi/8.2.1/../../../../arm-none-eabi/lib/thumb/v7e-m+fp/hard\libcr_semihost_nf.a(__sys_istty.o)
                0x000039c6                __sys_istty
 .text.__sys_remove
                0x000039d2        0xc c:/nxp/mcuxpressoide_11.0.1_2563/ide/plugins/com.nxp.mcuxpresso.tools.win32_11.0.1.201907311258/tools/bin/../lib/gcc/arm-none-eabi/8.2.1/../../../../arm-none-eabi/lib/thumb/v7e-m+fp/hard\libcr_semihost_nf.a(__sys_remove.o)
                0x000039d2                __sys_remove
 .text.__sys_seek
                0x000039de        0xc c:/nxp/mcuxpressoide_11.0.1_2563/ide/plugins/com.nxp.mcuxpresso.tools.win32_11.0.1.201907311258/tools/bin/../lib/gcc/arm-none-eabi/8.2.1/../../../../arm-none-eabi/lib/thumb/v7e-m+fp/hard\libcr_semihost_nf.a(__sys_seek.o)
                0x000039de                __sys_seek
 .text.__sys_tmpnam
                0x000039ea        0xc c:/nxp/mcuxpressoide_11.0.1_2563/ide/plugins/com.nxp.mcuxpresso.tools.win32_11.0.1.201907311258/tools/bin/../lib/gcc/arm-none-eabi/8.2.1/../../../../arm-none-eabi/lib/thumb/v7e-m+fp/hard\libcr_semihost_nf.a(__sys_tmpnam.o)
                0x000039ea                __sys_tmpnam
 .text.__sys_write
                0x000039f6        0xc c:/nxp/mcuxpressoide_11.0.1_2563/ide/plugins/com.nxp.mcuxpresso.tools.win32_11.0.1.201907311258/tools/bin/../lib/gcc/arm-none-eabi/8.2.1/../../../../arm-none-eabi/lib/thumb/v7e-m+fp/hard\libcr_semihost_nf.a(__sys_write.o)
                0x000039f6                __sys_write
 *(SORT_BY_ALIGNMENT(.rodata) SORT_BY_ALIGNMENT(.rodata.*) SORT_BY_ALIGNMENT(.constdata) SORT_BY_ALIGNMENT(.constdata.*))
 *fill*         0x00003a02        0x2 ff
 .rodata        0x00003a04       0x87 ./source/inputControl.o
 *fill*         0x00003a8b        0x1 ff
 .rodata        0x00003a8c       0x36 ./source/main.o
 *fill*         0x00003ac2        0x2 ff
 .rodata        0x00003ac4      0x625 ./drivers/fsl_dspi.o
 *fill*         0x000040e9        0x3 ff
 .rodata.__num_Ciob_streams
                0x000040ec        0x4 c:/nxp/mcuxpressoide_11.0.1_2563/ide/plugins/com.nxp.mcuxpresso.tools.win32_11.0.1.201907311258/tools/bin/../lib/gcc/arm-none-eabi/8.2.1/../../../../arm-none-eabi/lib/thumb/v7e-m+fp/hard\libcr_semihost_nf.a(__ciob.o)
                0x000040ec                __num_Ciob_streams
 .rodata.__assertion_failed.str1.1
                0x000040f0       0x15 c:/nxp/mcuxpressoide_11.0.1_2563/ide/plugins/com.nxp.mcuxpresso.tools.win32_11.0.1.201907311258/tools/bin/../lib/gcc/arm-none-eabi/8.2.1/../../../../arm-none-eabi/lib/thumb/v7e-m+fp/hard\libcr_semihost_nf.a(_cr_assert.o)
 .rodata._Csys_alloc.str1.1
                0x00004105       0x18 c:/nxp/mcuxpressoide_11.0.1_2563/ide/plugins/com.nxp.mcuxpresso.tools.win32_11.0.1.201907311258/tools/bin/../lib/gcc/arm-none-eabi/8.2.1/../../../../arm-none-eabi/lib/thumb/v7e-m+fp/hard\libcr_c.a(alloc.o)
 .rodata._initio.str1.1
                0x0000411d        0x4 c:/nxp/mcuxpressoide_11.0.1_2563/ide/plugins/com.nxp.mcuxpresso.tools.win32_11.0.1.201907311258/tools/bin/../lib/gcc/arm-none-eabi/8.2.1/../../../../arm-none-eabi/lib/thumb/v7e-m+fp/hard\libcr_c.a(initio.o)
 .rodata.__vfprintf.str1.1
                0x00004121       0x35 c:/nxp/mcuxpressoide_11.0.1_2563/ide/plugins/com.nxp.mcuxpresso.tools.win32_11.0.1.201907311258/tools/bin/../lib/gcc/arm-none-eabi/8.2.1/../../../../arm-none-eabi/lib/thumb/v7e-m+fp/hard\libcr_c.a(printf.o)
                                 0x38 (size before relaxing)
                0x00004158                . = ALIGN (0x8)
 *fill*         0x00004156        0x2 ff

.glue_7         0x00004158        0x0
 .glue_7        0x00004158        0x0 linker stubs

.glue_7t        0x00004158        0x0
 .glue_7t       0x00004158        0x0 linker stubs

.vfp11_veneer   0x00004158        0x0
 .vfp11_veneer  0x00004158        0x0 linker stubs

.v4_bx          0x00004158        0x0
 .v4_bx         0x00004158        0x0 linker stubs

.iplt           0x00004158        0x0
 .iplt          0x00004158        0x0 ./startup/startup_mk64f12.o

.rel.dyn        0x00004158        0x0
 .rel.iplt      0x00004158        0x0 ./startup/startup_mk64f12.o

.ARM.extab
 *(SORT_BY_ALIGNMENT(.ARM.extab*) SORT_BY_ALIGNMENT(.gnu.linkonce.armextab.*))
                0x00004158                __exidx_start = .

.ARM.exidx
 *(SORT_BY_ALIGNMENT(.ARM.exidx*) SORT_BY_ALIGNMENT(.gnu.linkonce.armexidx.*))
                0x00004158                __exidx_end = .
                0x00004158                _etext = .

.m_usb_data
 *(SORT_BY_ALIGNMENT(m_usb_bdt))

.data_RAM2      0x1fff0000        0x0 load address 0x00004158
 FILL mask 0xff
                [!provide]                PROVIDE (__start_data_RAM2 = .)
 *(SORT_BY_ALIGNMENT(.ramfunc.$RAM2))
 *(SORT_BY_ALIGNMENT(.ramfunc.$SRAM_LOWER))
 *(SORT_BY_ALIGNMENT(.data.$RAM2))
 *(SORT_BY_ALIGNMENT(.data.$SRAM_LOWER))
 *(SORT_BY_ALIGNMENT(.data.$RAM2.*))
 *(SORT_BY_ALIGNMENT(.data.$SRAM_LOWER.*))
                0x1fff0000                . = ALIGN (0x8)
                [!provide]                PROVIDE (__end_data_RAM2 = .)

.data_RAM3      0x14000000        0x0 load address 0x00004158
 FILL mask 0xff
                [!provide]                PROVIDE (__start_data_RAM3 = .)
 *(SORT_BY_ALIGNMENT(.ramfunc.$RAM3))
 *(SORT_BY_ALIGNMENT(.ramfunc.$FLEX_RAM))
 *(SORT_BY_ALIGNMENT(.data.$RAM3))
 *(SORT_BY_ALIGNMENT(.data.$FLEX_RAM))
 *(SORT_BY_ALIGNMENT(.data.$RAM3.*))
 *(SORT_BY_ALIGNMENT(.data.$FLEX_RAM.*))
                0x14000000                . = ALIGN (0x8)
                [!provide]                PROVIDE (__end_data_RAM3 = .)

.uninit_RESERVED
                0x20000000        0x0
                0x20000000                . = ALIGN (0x8)
 *(SORT_BY_ALIGNMENT(.bss.$RESERVED*))
                0x20000000                . = ALIGN (0x8)
                0x20000000                _end_uninit_RESERVED = .

.data           0x20000000        0x0 load address 0x00004158
 FILL mask 0xff
                0x20000000                _data = .
 *(SORT_BY_ALIGNMENT(vtable))
 *(SORT_BY_ALIGNMENT(.ramfunc*))
 *(SORT_BY_ALIGNMENT(CodeQuickAccess))
 *(SORT_BY_ALIGNMENT(DataQuickAccess))
 *(SORT_BY_ALIGNMENT(RamFunction))
 *(SORT_BY_ALIGNMENT(.data*))
                0x20000000                . = ALIGN (0x8)
                0x20000000                _edata = .

.igot.plt       0x20000000        0x0 load address 0x00004158
 .igot.plt      0x20000000        0x0 ./startup/startup_mk64f12.o

.bss_RAM2       0x1fff0000        0x0
                0x1fff0000                . = ALIGN (0x8)
                [!provide]                PROVIDE (__start_bss_RAM2 = .)
 *(SORT_BY_ALIGNMENT(.bss.$RAM2))
 *(SORT_BY_ALIGNMENT(.bss.$SRAM_LOWER))
 *(SORT_BY_ALIGNMENT(.bss.$RAM2.*))
 *(SORT_BY_ALIGNMENT(.bss.$SRAM_LOWER.*))
                0x1fff0000                . = ALIGN ((. != 0x0)?0x8:0x1)
                [!provide]                PROVIDE (__end_bss_RAM2 = .)

.bss_RAM3       0x14000000        0x0
                0x14000000                . = ALIGN (0x8)
                [!provide]                PROVIDE (__start_bss_RAM3 = .)
 *(SORT_BY_ALIGNMENT(.bss.$RAM3))
 *(SORT_BY_ALIGNMENT(.bss.$FLEX_RAM))
 *(SORT_BY_ALIGNMENT(.bss.$RAM3.*))
 *(SORT_BY_ALIGNMENT(.bss.$FLEX_RAM.*))
                0x14000000                . = ALIGN ((. != 0x0)?0x8:0x1)
                [!provide]                PROVIDE (__end_bss_RAM3 = .)

.bss            0x20000000      0x330
                0x20000000                . = ALIGN (0x8)
                0x20000000                _bss = .
 *(SORT_BY_ALIGNMENT(.bss*))
 .bss.hour_time
                0x20000000        0x4 ./source/inputControl.o
                0x20000000                hour_time
 .bss.min_time  0x20000004        0x4 ./source/inputControl.o
                0x20000004                min_time
 .bss.sec_time  0x20000008        0x4 ./source/inputControl.o
                0x20000008                sec_time
 .bss.hour_alarm
                0x2000000c        0x4 ./source/inputControl.o
                0x2000000c                hour_alarm
 .bss.min_alarm
                0x20000010        0x4 ./source/inputControl.o
                0x20000010                min_alarm
 .bss.sec_alarm
                0x20000014        0x4 ./source/inputControl.o
                0x20000014                sec_alarm
 .bss.disp      0x20000018        0x4 ./source/inputControl.o
                0x20000018                disp
 .bss.buffer    0x2000001c      0x200 ./source/lcdDriver.o
                0x2000001c                buffer
 .bss.alarmOnOff
                0x2000021c        0x4 ./source/main.o
                0x2000021c                alarmOnOff
 .bss.g_dspiHandle
                0x20000220        0xc ./drivers/fsl_dspi.o
 .bss.s_dspiMasterIsr
                0x2000022c        0x4 ./drivers/fsl_dspi.o
 .bss.s_dspiSlaveIsr
                0x20000230        0x4 ./drivers/fsl_dspi.o
 .bss.s_i2cHandle
                0x20000234        0xc ./drivers/fsl_i2c.o
 .bss.s_i2cMasterIsr
                0x20000240        0x4 ./drivers/fsl_i2c.o
 .bss.s_i2cSlaveIsr
                0x20000244        0x4 ./drivers/fsl_i2c.o
 .bss.s_uartHandle
                0x20000248       0x18 ./drivers/fsl_uart.o
 .bss.s_uartIsr
                0x20000260        0x4 ./drivers/fsl_uart.o
 .bss.__Ciob    0x20000264       0xb4 c:/nxp/mcuxpressoide_11.0.1_2563/ide/plugins/com.nxp.mcuxpresso.tools.win32_11.0.1.201907311258/tools/bin/../lib/gcc/arm-none-eabi/8.2.1/../../../../arm-none-eabi/lib/thumb/v7e-m+fp/hard\libcr_semihost_nf.a(__ciob.o)
                0x20000264                __Ciob
 .bss.__end_of_heap
                0x20000318        0x4 c:/nxp/mcuxpressoide_11.0.1_2563/ide/plugins/com.nxp.mcuxpresso.tools.win32_11.0.1.201907311258/tools/bin/../lib/gcc/arm-none-eabi/8.2.1/../../../../arm-none-eabi/lib/thumb/v7e-m+fp/hard\libcr_c.a(__init_alloc.o)
                0x20000318                __end_of_heap
 .bss.__heaps   0x2000031c        0x4 c:/nxp/mcuxpressoide_11.0.1_2563/ide/plugins/com.nxp.mcuxpresso.tools.win32_11.0.1.201907311258/tools/bin/../lib/gcc/arm-none-eabi/8.2.1/../../../../arm-none-eabi/lib/thumb/v7e-m+fp/hard\libcr_c.a(__init_alloc.o)
                0x2000031c                __heaps
 .bss.errno     0x20000320        0x4 c:/nxp/mcuxpressoide_11.0.1_2563/ide/plugins/com.nxp.mcuxpresso.tools.win32_11.0.1.201907311258/tools/bin/../lib/gcc/arm-none-eabi/8.2.1/../../../../arm-none-eabi/lib/thumb/v7e-m+fp/hard\libcr_c.a(errno.o)
                0x20000320                errno
 .bss.tune      0x20000324        0x1 ./source/inputControl.o
                0x20000324                tune
 .bss.timePart  0x20000325        0x1 ./source/inputControl.o
                0x20000325                timePart
 .bss.selectState
                0x20000326        0x1 ./source/inputControl.o
                0x20000326                selectState
 .bss.alarmPart
                0x20000327        0x1 ./source/inputControl.o
                0x20000327                alarmPart
 .bss.state     0x20000328        0x1 ./source/main.o
                0x20000328                state
 *(SORT_BY_ALIGNMENT(COMMON))
                0x20000330                . = ALIGN (0x8)
 *fill*         0x20000329        0x7 
                0x20000330                _ebss = .
                [!provide]                PROVIDE (end = .)

.noinit_RAM2    0x1fff0000        0x0
                0x1fff0000                . = ALIGN (0x8)
 *(SORT_BY_ALIGNMENT(.noinit.$RAM2))
 *(SORT_BY_ALIGNMENT(.noinit.$SRAM_LOWER))
 *(SORT_BY_ALIGNMENT(.noinit.$RAM2.*))
 *(SORT_BY_ALIGNMENT(.noinit.$SRAM_LOWER.*))
                0x1fff0000                . = ALIGN (0x8)

.noinit_RAM3    0x14000000        0x0
                0x14000000                . = ALIGN (0x8)
 *(SORT_BY_ALIGNMENT(.noinit.$RAM3))
 *(SORT_BY_ALIGNMENT(.noinit.$FLEX_RAM))
 *(SORT_BY_ALIGNMENT(.noinit.$RAM3.*))
 *(SORT_BY_ALIGNMENT(.noinit.$FLEX_RAM.*))
                0x14000000                . = ALIGN (0x8)

.noinit         0x20000330        0x0
                0x20000330                . = ALIGN (0x8)
                0x20000330                _noinit = .
 *(SORT_BY_ALIGNMENT(.noinit*))
                0x20000330                . = ALIGN (0x8)
                0x20000330                _end_noinit = .
                0x00001000                _HeapSize = 0x1000

.heap           0x20000330     0x1000
                0x20000330                _pvHeapStart = .
                0x20001330                . = (. + _HeapSize)
 *fill*         0x20000330     0x1000 
                0x20001330                . = ALIGN (0x8)
                0x20001330                _pvHeapLimit = .
                0x00001000                _StackSize = 0x1000

.heap2stackfill
                0x20001330     0x1000
                0x20002330                . = (. + _StackSize)
 *fill*         0x20001330     0x1000 

.stack          0x2002f000        0x0
                0x2002f000                _vStackBase = .
                0x2002f000                . = ALIGN (0x8)
                0x20030000                _vStackTop = (. + _StackSize)
                0x00000000                _image_start = LOADADDR (.text)
                0x00004158                _image_end = (LOADADDR (.data) + SIZEOF (.data))
                0x00004158                _image_size = (_image_end - _image_start)
OUTPUT(wekker.axf elf32-littlearm)

.debug_info     0x00000000     0x9dd6
 .debug_info    0x00000000      0x92e ./startup/startup_mk64f12.o
 .debug_info    0x0000092e      0x1a8 ./source/hardwareInit.o
 .debug_info    0x00000ad6      0x68e ./source/inputControl.o
 .debug_info    0x00001164      0x8d6 ./source/joystickDriver.o
 .debug_info    0x00001a3a      0x750 ./source/lcdDriver.o
 .debug_info    0x0000218a      0x297 ./source/ledControl.o
 .debug_info    0x00002421      0x574 ./source/ledDriver.o
 .debug_info    0x00002995      0x2da ./source/main.o
 .debug_info    0x00002c6f      0x3be ./source/speakerControl.o
 .debug_info    0x0000302d      0x706 ./source/speakerDriver.o
 .debug_info    0x00003733     0x2593 ./drivers/fsl_dspi.o
 .debug_info    0x00005cc6     0x1ede ./drivers/fsl_i2c.o
 .debug_info    0x00007ba4     0x1ba2 ./drivers/fsl_uart.o
 .debug_info    0x00009746      0x690 ./device/system_MK64F12.o

.debug_abbrev   0x00000000     0x1a6b
 .debug_abbrev  0x00000000      0x17a ./startup/startup_mk64f12.o
 .debug_abbrev  0x0000017a       0xc5 ./source/hardwareInit.o
 .debug_abbrev  0x0000023f      0x1fa ./source/inputControl.o
 .debug_abbrev  0x00000439      0x19d ./source/joystickDriver.o
 .debug_abbrev  0x000005d6      0x213 ./source/lcdDriver.o
 .debug_abbrev  0x000007e9      0x124 ./source/ledControl.o
 .debug_abbrev  0x0000090d      0x169 ./source/ledDriver.o
 .debug_abbrev  0x00000a76      0x146 ./source/main.o
 .debug_abbrev  0x00000bbc      0x16d ./source/speakerControl.o
 .debug_abbrev  0x00000d29      0x181 ./source/speakerDriver.o
 .debug_abbrev  0x00000eaa      0x38a ./drivers/fsl_dspi.o
 .debug_abbrev  0x00001234      0x382 ./drivers/fsl_i2c.o
 .debug_abbrev  0x000015b6      0x345 ./drivers/fsl_uart.o
 .debug_abbrev  0x000018fb      0x170 ./device/system_MK64F12.o

.debug_aranges  0x00000000      0xaf0
 .debug_aranges
                0x00000000      0x330 ./startup/startup_mk64f12.o
 .debug_aranges
                0x00000330       0x20 ./source/hardwareInit.o
 .debug_aranges
                0x00000350       0xb0 ./source/inputControl.o
 .debug_aranges
                0x00000400       0x28 ./source/joystickDriver.o
 .debug_aranges
                0x00000428       0x68 ./source/lcdDriver.o
 .debug_aranges
                0x00000490       0x38 ./source/ledControl.o
 .debug_aranges
                0x000004c8       0x30 ./source/ledDriver.o
 .debug_aranges
                0x000004f8       0x40 ./source/main.o
 .debug_aranges
                0x00000538       0x90 ./source/speakerControl.o
 .debug_aranges
                0x000005c8       0x30 ./source/speakerDriver.o
 .debug_aranges
                0x000005f8      0x1d8 ./drivers/fsl_dspi.o
 .debug_aranges
                0x000007d0      0x180 ./drivers/fsl_i2c.o
 .debug_aranges
                0x00000950      0x170 ./drivers/fsl_uart.o
 .debug_aranges
                0x00000ac0       0x30 ./device/system_MK64F12.o

.debug_ranges   0x00000000      0xa10
 .debug_ranges  0x00000000      0x320 ./startup/startup_mk64f12.o
 .debug_ranges  0x00000320       0x10 ./source/hardwareInit.o
 .debug_ranges  0x00000330       0xa0 ./source/inputControl.o
 .debug_ranges  0x000003d0       0x18 ./source/joystickDriver.o
 .debug_ranges  0x000003e8       0x58 ./source/lcdDriver.o
 .debug_ranges  0x00000440       0x28 ./source/ledControl.o
 .debug_ranges  0x00000468       0x20 ./source/ledDriver.o
 .debug_ranges  0x00000488       0x30 ./source/main.o
 .debug_ranges  0x000004b8       0x80 ./source/speakerControl.o
 .debug_ranges  0x00000538       0x20 ./source/speakerDriver.o
 .debug_ranges  0x00000558      0x1c8 ./drivers/fsl_dspi.o
 .debug_ranges  0x00000720      0x170 ./drivers/fsl_i2c.o
 .debug_ranges  0x00000890      0x160 ./drivers/fsl_uart.o
 .debug_ranges  0x000009f0       0x20 ./device/system_MK64F12.o

.debug_macro    0x00000000      0xb7c
 .debug_macro   0x00000000       0x29 ./startup/startup_mk64f12.o
 .debug_macro   0x00000029       0x6a ./source/hardwareInit.o
 .debug_macro   0x00000093       0xa0 ./source/hardwareInit.o
 .debug_macro   0x00000133       0x4c ./source/hardwareInit.o
 .debug_macro   0x0000017f       0x34 ./source/hardwareInit.o
 .debug_macro   0x000001b3       0x2e ./source/hardwareInit.o
 .debug_macro   0x000001e1       0xbf ./source/inputControl.o
 .debug_macro   0x000002a0       0xab ./source/joystickDriver.o
 .debug_macro   0x0000034b       0xb5 ./source/lcdDriver.o
 .debug_macro   0x00000400       0x22 ./source/lcdDriver.o
 .debug_macro   0x00000422       0xab ./source/ledControl.o
 .debug_macro   0x000004cd       0x2e ./source/ledControl.o
 .debug_macro   0x000004fb       0xa2 ./source/ledDriver.o
 .debug_macro   0x0000059d       0xdc ./source/main.o
 .debug_macro   0x00000679       0x59 ./source/speakerControl.o
 .debug_macro   0x000006d2       0xac ./source/speakerDriver.o
 .debug_macro   0x0000077e      0x103 ./drivers/fsl_dspi.o
 .debug_macro   0x00000881       0x3a ./drivers/fsl_dspi.o
 .debug_macro   0x000008bb      0x103 ./drivers/fsl_i2c.o
 .debug_macro   0x000009be       0x1c ./drivers/fsl_i2c.o
 .debug_macro   0x000009da      0x10a ./drivers/fsl_uart.o
 .debug_macro   0x00000ae4       0x98 ./device/system_MK64F12.o

.debug_line     0x00000000     0x681c
 .debug_line    0x00000000      0x90e ./startup/startup_mk64f12.o
 .debug_line    0x0000090e      0x1da ./source/hardwareInit.o
 .debug_line    0x00000ae8      0x7d8 ./source/inputControl.o
 .debug_line    0x000012c0      0x28f ./source/joystickDriver.o
 .debug_line    0x0000154f      0x47f ./source/lcdDriver.o
 .debug_line    0x000019ce      0x276 ./source/ledControl.o
 .debug_line    0x00001c44      0x2ef ./source/ledDriver.o
 .debug_line    0x00001f33      0x32f ./source/main.o
 .debug_line    0x00002262      0x3b0 ./source/speakerControl.o
 .debug_line    0x00002612      0x296 ./source/speakerDriver.o
 .debug_line    0x000028a8     0x1727 ./drivers/fsl_dspi.o
 .debug_line    0x00003fcf     0x136d ./drivers/fsl_i2c.o
 .debug_line    0x0000533c     0x1138 ./drivers/fsl_uart.o
 .debug_line    0x00006474      0x3a8 ./device/system_MK64F12.o

.debug_str      0x00000000    0x7e3b7
 .debug_str     0x00000000     0x36af ./startup/startup_mk64f12.o
                               0x3707 (size before relaxing)
 .debug_str     0x000036af      0xadc ./source/hardwareInit.o
                               0x398a (size before relaxing)
 .debug_str     0x0000418b    0x6dff5 ./source/inputControl.o
                              0x71864 (size before relaxing)
 .debug_str     0x00072180      0x610 ./source/joystickDriver.o
                              0x71c6b (size before relaxing)
 .debug_str     0x00072790      0x106 ./source/lcdDriver.o
                              0x717b7 (size before relaxing)
 .debug_str     0x00072896       0xa5 ./source/ledControl.o
                              0x71689 (size before relaxing)
 .debug_str     0x0007293b       0x39 ./source/ledDriver.o
                              0x71734 (size before relaxing)
 .debug_str     0x00072974       0xa9 ./source/main.o
                              0x71743 (size before relaxing)
 .debug_str     0x00072a1d      0x113 ./source/speakerControl.o
                               0x398b (size before relaxing)
 .debug_str     0x00072b30       0xd3 ./source/speakerDriver.o
                              0x7181d (size before relaxing)
 .debug_str     0x00072c03     0x9c26 ./drivers/fsl_dspi.o
                              0x7b4a2 (size before relaxing)
 .debug_str     0x0007c829      0xca2 ./drivers/fsl_i2c.o
                              0x7ad3c (size before relaxing)
 .debug_str     0x0007d4cb      0xdc6 ./drivers/fsl_uart.o
                              0x7ae49 (size before relaxing)
 .debug_str     0x0007e291      0x126 ./device/system_MK64F12.o
                              0x7811c (size before relaxing)

.comment        0x00000000       0x75
 .comment       0x00000000       0x75 ./startup/startup_mk64f12.o
                                 0x76 (size before relaxing)
 .comment       0x00000075       0x76 ./source/hardwareInit.o
 .comment       0x00000075       0x76 ./source/inputControl.o
 .comment       0x00000075       0x76 ./source/joystickDriver.o
 .comment       0x00000075       0x76 ./source/lcdDriver.o
 .comment       0x00000075       0x76 ./source/ledControl.o
 .comment       0x00000075       0x76 ./source/ledDriver.o
 .comment       0x00000075       0x76 ./source/main.o
 .comment       0x00000075       0x76 ./source/speakerControl.o
 .comment       0x00000075       0x76 ./source/speakerDriver.o
 .comment       0x00000075       0x76 ./drivers/fsl_dspi.o
 .comment       0x00000075       0x76 ./drivers/fsl_i2c.o
 .comment       0x00000075       0x76 ./drivers/fsl_uart.o
 .comment       0x00000075       0x76 ./device/system_MK64F12.o
 .comment       0x00000075       0x76 c:/nxp/mcuxpressoide_11.0.1_2563/ide/plugins/com.nxp.mcuxpresso.tools.win32_11.0.1.201907311258/tools/bin/../lib/gcc/arm-none-eabi/8.2.1/../../../../arm-none-eabi/lib/thumb/v7e-m+fp/hard\libcr_semihost_nf.a(_cr__main.o)
 .comment       0x00000075       0x76 c:/nxp/mcuxpressoide_11.0.1_2563/ide/plugins/com.nxp.mcuxpresso.tools.win32_11.0.1.201907311258/tools/bin/../lib/gcc/arm-none-eabi/8.2.1/../../../../arm-none-eabi/lib/thumb/v7e-m+fp/hard\libcr_semihost_nf.a(_cr_assert.o)
 .comment       0x00000075       0x76 c:/nxp/mcuxpressoide_11.0.1_2563/ide/plugins/com.nxp.mcuxpresso.tools.win32_11.0.1.201907311258/tools/bin/../lib/gcc/arm-none-eabi/8.2.1/../../../../arm-none-eabi/lib/thumb/v7e-m+fp/hard\libcr_semihost_nf.a(__ciob.o)
 .comment       0x00000075       0x76 c:/nxp/mcuxpressoide_11.0.1_2563/ide/plugins/com.nxp.mcuxpresso.tools.win32_11.0.1.201907311258/tools/bin/../lib/gcc/arm-none-eabi/8.2.1/../../../../arm-none-eabi/lib/thumb/v7e-m+fp/hard\libcr_c.a(memset.o)
 .comment       0x00000075       0x76 c:/nxp/mcuxpressoide_11.0.1_2563/ide/plugins/com.nxp.mcuxpresso.tools.win32_11.0.1.201907311258/tools/bin/../lib/gcc/arm-none-eabi/8.2.1/../../../../arm-none-eabi/lib/thumb/v7e-m+fp/hard\libcr_c.a(_deferredlazyseek.o)
 .comment       0x00000075       0x76 c:/nxp/mcuxpressoide_11.0.1_2563/ide/plugins/com.nxp.mcuxpresso.tools.win32_11.0.1.201907311258/tools/bin/../lib/gcc/arm-none-eabi/8.2.1/../../../../arm-none-eabi/lib/thumb/v7e-m+fp/hard\libcr_c.a(_fflush.o)
 .comment       0x00000075       0x76 c:/nxp/mcuxpressoide_11.0.1_2563/ide/plugins/com.nxp.mcuxpresso.tools.win32_11.0.1.201907311258/tools/bin/../lib/gcc/arm-none-eabi/8.2.1/../../../../arm-none-eabi/lib/thumb/v7e-m+fp/hard\libcr_c.a(_writebuf.o)
 .comment       0x00000075       0x76 c:/nxp/mcuxpressoide_11.0.1_2563/ide/plugins/com.nxp.mcuxpresso.tools.win32_11.0.1.201907311258/tools/bin/../lib/gcc/arm-none-eabi/8.2.1/../../../../arm-none-eabi/lib/thumb/v7e-m+fp/hard\libcr_c.a(alloc.o)
 .comment       0x00000075       0x76 c:/nxp/mcuxpressoide_11.0.1_2563/ide/plugins/com.nxp.mcuxpresso.tools.win32_11.0.1.201907311258/tools/bin/../lib/gcc/arm-none-eabi/8.2.1/../../../../arm-none-eabi/lib/thumb/v7e-m+fp/hard\libcr_c.a(fputs.o)
 .comment       0x00000075       0x76 c:/nxp/mcuxpressoide_11.0.1_2563/ide/plugins/com.nxp.mcuxpresso.tools.win32_11.0.1.201907311258/tools/bin/../lib/gcc/arm-none-eabi/8.2.1/../../../../arm-none-eabi/lib/thumb/v7e-m+fp/hard\libcr_c.a(fseek.o)
 .comment       0x00000075       0x76 c:/nxp/mcuxpressoide_11.0.1_2563/ide/plugins/com.nxp.mcuxpresso.tools.win32_11.0.1.201907311258/tools/bin/../lib/gcc/arm-none-eabi/8.2.1/../../../../arm-none-eabi/lib/thumb/v7e-m+fp/hard\libcr_c.a(ftell.o)
 .comment       0x00000075       0x76 c:/nxp/mcuxpressoide_11.0.1_2563/ide/plugins/com.nxp.mcuxpresso.tools.win32_11.0.1.201907311258/tools/bin/../lib/gcc/arm-none-eabi/8.2.1/../../../../arm-none-eabi/lib/thumb/v7e-m+fp/hard\libcr_c.a(initio.o)
 .comment       0x00000075       0x76 c:/nxp/mcuxpressoide_11.0.1_2563/ide/plugins/com.nxp.mcuxpresso.tools.win32_11.0.1.201907311258/tools/bin/../lib/gcc/arm-none-eabi/8.2.1/../../../../arm-none-eabi/lib/thumb/v7e-m+fp/hard\libcr_c.a(printf.o)
 .comment       0x00000075       0x76 c:/nxp/mcuxpressoide_11.0.1_2563/ide/plugins/com.nxp.mcuxpresso.tools.win32_11.0.1.201907311258/tools/bin/../lib/gcc/arm-none-eabi/8.2.1/../../../../arm-none-eabi/lib/thumb/v7e-m+fp/hard\libcr_c.a(setvbuf.o)
 .comment       0x00000075       0x76 c:/nxp/mcuxpressoide_11.0.1_2563/ide/plugins/com.nxp.mcuxpresso.tools.win32_11.0.1.201907311258/tools/bin/../lib/gcc/arm-none-eabi/8.2.1/../../../../arm-none-eabi/lib/thumb/v7e-m+fp/hard\libcr_c.a(strlen.o)
 .comment       0x00000075       0x76 c:/nxp/mcuxpressoide_11.0.1_2563/ide/plugins/com.nxp.mcuxpresso.tools.win32_11.0.1.201907311258/tools/bin/../lib/gcc/arm-none-eabi/8.2.1/../../../../arm-none-eabi/lib/thumb/v7e-m+fp/hard\libcr_c.a(__init_alloc.o)
 .comment       0x00000075       0x76 c:/nxp/mcuxpressoide_11.0.1_2563/ide/plugins/com.nxp.mcuxpresso.tools.win32_11.0.1.201907311258/tools/bin/../lib/gcc/arm-none-eabi/8.2.1/../../../../arm-none-eabi/lib/thumb/v7e-m+fp/hard\libcr_c.a(_cr_sbrk.o)
 .comment       0x00000075       0x76 c:/nxp/mcuxpressoide_11.0.1_2563/ide/plugins/com.nxp.mcuxpresso.tools.win32_11.0.1.201907311258/tools/bin/../lib/gcc/arm-none-eabi/8.2.1/../../../../arm-none-eabi/lib/thumb/v7e-m+fp/hard\libcr_c.a(_fdopen.o)
 .comment       0x00000075       0x76 c:/nxp/mcuxpressoide_11.0.1_2563/ide/plugins/com.nxp.mcuxpresso.tools.win32_11.0.1.201907311258/tools/bin/../lib/gcc/arm-none-eabi/8.2.1/../../../../arm-none-eabi/lib/thumb/v7e-m+fp/hard\libcr_c.a(errno.o)
 .comment       0x00000075       0x76 c:/nxp/mcuxpressoide_11.0.1_2563/ide/plugins/com.nxp.mcuxpresso.tools.win32_11.0.1.201907311258/tools/bin/../lib/gcc/arm-none-eabi/8.2.1/../../../../arm-none-eabi/lib/thumb/v7e-m+fp/hard\libcr_c.a(fclose.o)
 .comment       0x00000075       0x76 c:/nxp/mcuxpressoide_11.0.1_2563/ide/plugins/com.nxp.mcuxpresso.tools.win32_11.0.1.201907311258/tools/bin/../lib/gcc/arm-none-eabi/8.2.1/../../../../arm-none-eabi/lib/thumb/v7e-m+fp/hard\libcr_c.a(fflush.o)
 .comment       0x00000075       0x76 c:/nxp/mcuxpressoide_11.0.1_2563/ide/plugins/com.nxp.mcuxpresso.tools.win32_11.0.1.201907311258/tools/bin/../lib/gcc/arm-none-eabi/8.2.1/../../../../arm-none-eabi/lib/thumb/v7e-m+fp/hard\libcr_c.a(remove.o)
 .comment       0x00000075       0x76 c:/nxp/mcuxpressoide_11.0.1_2563/ide/plugins/com.nxp.mcuxpresso.tools.win32_11.0.1.201907311258/tools/bin/../lib/gcc/arm-none-eabi/8.2.1/../../../../arm-none-eabi/lib/thumb/v7e-m+fp/hard\libcr_c.a(_cr_check_heap.o)
 .comment       0x00000075       0x76 c:/nxp/mcuxpressoide_11.0.1_2563/ide/plugins/com.nxp.mcuxpresso.tools.win32_11.0.1.201907311258/tools/bin/../lib/gcc/arm-none-eabi/8.2.1/../../../../arm-none-eabi/lib/thumb/v7e-m+fp/hard\libcr_c.a(_do_fflush.o)
 .comment       0x00000075       0x76 c:/nxp/mcuxpressoide_11.0.1_2563/ide/plugins/com.nxp.mcuxpresso.tools.win32_11.0.1.201907311258/tools/bin/../lib/gcc/arm-none-eabi/8.2.1/thumb/v7e-m+fp/hard\libcr_eabihelpers.a(double.o)

.ARM.attributes
                0x00000000       0x32
 .ARM.attributes
                0x00000000       0x34 ./startup/startup_mk64f12.o
 .ARM.attributes
                0x00000034       0x34 ./source/hardwareInit.o
 .ARM.attributes
                0x00000068       0x34 ./source/inputControl.o
 .ARM.attributes
                0x0000009c       0x34 ./source/joystickDriver.o
 .ARM.attributes
                0x000000d0       0x34 ./source/lcdDriver.o
 .ARM.attributes
                0x00000104       0x34 ./source/ledControl.o
 .ARM.attributes
                0x00000138       0x34 ./source/ledDriver.o
 .ARM.attributes
                0x0000016c       0x34 ./source/main.o
 .ARM.attributes
                0x000001a0       0x34 ./source/speakerControl.o
 .ARM.attributes
                0x000001d4       0x34 ./source/speakerDriver.o
 .ARM.attributes
                0x00000208       0x34 ./drivers/fsl_dspi.o
 .ARM.attributes
                0x0000023c       0x34 ./drivers/fsl_i2c.o
 .ARM.attributes
                0x00000270       0x34 ./drivers/fsl_uart.o
 .ARM.attributes
                0x000002a4       0x34 ./device/system_MK64F12.o
 .ARM.attributes
                0x000002d8       0x34 c:/nxp/mcuxpressoide_11.0.1_2563/ide/plugins/com.nxp.mcuxpresso.tools.win32_11.0.1.201907311258/tools/bin/../lib/gcc/arm-none-eabi/8.2.1/../../../../arm-none-eabi/lib/thumb/v7e-m+fp/hard\libcr_semihost_nf.a(_cr__main.o)
 .ARM.attributes
                0x0000030c       0x34 c:/nxp/mcuxpressoide_11.0.1_2563/ide/plugins/com.nxp.mcuxpresso.tools.win32_11.0.1.201907311258/tools/bin/../lib/gcc/arm-none-eabi/8.2.1/../../../../arm-none-eabi/lib/thumb/v7e-m+fp/hard\libcr_semihost_nf.a(_cr_assert.o)
 .ARM.attributes
                0x00000340       0x39 c:/nxp/mcuxpressoide_11.0.1_2563/ide/plugins/com.nxp.mcuxpresso.tools.win32_11.0.1.201907311258/tools/bin/../lib/gcc/arm-none-eabi/8.2.1/../../../../arm-none-eabi/lib/thumb/v7e-m+fp/hard\libcr_semihost_nf.a(__ciob.o)
 .ARM.attributes
                0x00000379       0x20 c:/nxp/mcuxpressoide_11.0.1_2563/ide/plugins/com.nxp.mcuxpresso.tools.win32_11.0.1.201907311258/tools/bin/../lib/gcc/arm-none-eabi/8.2.1/../../../../arm-none-eabi/lib/thumb/v7e-m+fp/hard\libcr_semihost_nf.a(__sys_appexit.o)
 .ARM.attributes
                0x00000399       0x34 c:/nxp/mcuxpressoide_11.0.1_2563/ide/plugins/com.nxp.mcuxpresso.tools.win32_11.0.1.201907311258/tools/bin/../lib/gcc/arm-none-eabi/8.2.1/../../../../arm-none-eabi/lib/thumb/v7e-m+fp/hard\libcr_c.a(memset.o)
 .ARM.attributes
                0x000003cd       0x34 c:/nxp/mcuxpressoide_11.0.1_2563/ide/plugins/com.nxp.mcuxpresso.tools.win32_11.0.1.201907311258/tools/bin/../lib/gcc/arm-none-eabi/8.2.1/../../../../arm-none-eabi/lib/thumb/v7e-m+fp/hard\libcr_c.a(_deferredlazyseek.o)
 .ARM.attributes
                0x00000401       0x34 c:/nxp/mcuxpressoide_11.0.1_2563/ide/plugins/com.nxp.mcuxpresso.tools.win32_11.0.1.201907311258/tools/bin/../lib/gcc/arm-none-eabi/8.2.1/../../../../arm-none-eabi/lib/thumb/v7e-m+fp/hard\libcr_c.a(_fflush.o)
 .ARM.attributes
                0x00000435       0x34 c:/nxp/mcuxpressoide_11.0.1_2563/ide/plugins/com.nxp.mcuxpresso.tools.win32_11.0.1.201907311258/tools/bin/../lib/gcc/arm-none-eabi/8.2.1/../../../../arm-none-eabi/lib/thumb/v7e-m+fp/hard\libcr_c.a(_writebuf.o)
 .ARM.attributes
                0x00000469       0x34 c:/nxp/mcuxpressoide_11.0.1_2563/ide/plugins/com.nxp.mcuxpresso.tools.win32_11.0.1.201907311258/tools/bin/../lib/gcc/arm-none-eabi/8.2.1/../../../../arm-none-eabi/lib/thumb/v7e-m+fp/hard\libcr_c.a(alloc.o)
 .ARM.attributes
                0x0000049d       0x34 c:/nxp/mcuxpressoide_11.0.1_2563/ide/plugins/com.nxp.mcuxpresso.tools.win32_11.0.1.201907311258/tools/bin/../lib/gcc/arm-none-eabi/8.2.1/../../../../arm-none-eabi/lib/thumb/v7e-m+fp/hard\libcr_c.a(fputs.o)
 .ARM.attributes
                0x000004d1       0x34 c:/nxp/mcuxpressoide_11.0.1_2563/ide/plugins/com.nxp.mcuxpresso.tools.win32_11.0.1.201907311258/tools/bin/../lib/gcc/arm-none-eabi/8.2.1/../../../../arm-none-eabi/lib/thumb/v7e-m+fp/hard\libcr_c.a(fseek.o)
 .ARM.attributes
                0x00000505       0x34 c:/nxp/mcuxpressoide_11.0.1_2563/ide/plugins/com.nxp.mcuxpresso.tools.win32_11.0.1.201907311258/tools/bin/../lib/gcc/arm-none-eabi/8.2.1/../../../../arm-none-eabi/lib/thumb/v7e-m+fp/hard\libcr_c.a(ftell.o)
 .ARM.attributes
                0x00000539       0x34 c:/nxp/mcuxpressoide_11.0.1_2563/ide/plugins/com.nxp.mcuxpresso.tools.win32_11.0.1.201907311258/tools/bin/../lib/gcc/arm-none-eabi/8.2.1/../../../../arm-none-eabi/lib/thumb/v7e-m+fp/hard\libcr_c.a(initio.o)
 .ARM.attributes
                0x0000056d       0x34 c:/nxp/mcuxpressoide_11.0.1_2563/ide/plugins/com.nxp.mcuxpresso.tools.win32_11.0.1.201907311258/tools/bin/../lib/gcc/arm-none-eabi/8.2.1/../../../../arm-none-eabi/lib/thumb/v7e-m+fp/hard\libcr_c.a(printf.o)
 .ARM.attributes
                0x000005a1       0x34 c:/nxp/mcuxpressoide_11.0.1_2563/ide/plugins/com.nxp.mcuxpresso.tools.win32_11.0.1.201907311258/tools/bin/../lib/gcc/arm-none-eabi/8.2.1/../../../../arm-none-eabi/lib/thumb/v7e-m+fp/hard\libcr_c.a(setvbuf.o)
 .ARM.attributes
                0x000005d5       0x34 c:/nxp/mcuxpressoide_11.0.1_2563/ide/plugins/com.nxp.mcuxpresso.tools.win32_11.0.1.201907311258/tools/bin/../lib/gcc/arm-none-eabi/8.2.1/../../../../arm-none-eabi/lib/thumb/v7e-m+fp/hard\libcr_c.a(strlen.o)
 .ARM.attributes
                0x00000609       0x34 c:/nxp/mcuxpressoide_11.0.1_2563/ide/plugins/com.nxp.mcuxpresso.tools.win32_11.0.1.201907311258/tools/bin/../lib/gcc/arm-none-eabi/8.2.1/../../../../arm-none-eabi/lib/thumb/v7e-m+fp/hard\libcr_c.a(__init_alloc.o)
 .ARM.attributes
                0x0000063d       0x34 c:/nxp/mcuxpressoide_11.0.1_2563/ide/plugins/com.nxp.mcuxpresso.tools.win32_11.0.1.201907311258/tools/bin/../lib/gcc/arm-none-eabi/8.2.1/../../../../arm-none-eabi/lib/thumb/v7e-m+fp/hard\libcr_c.a(_cr_sbrk.o)
 .ARM.attributes
                0x00000671       0x34 c:/nxp/mcuxpressoide_11.0.1_2563/ide/plugins/com.nxp.mcuxpresso.tools.win32_11.0.1.201907311258/tools/bin/../lib/gcc/arm-none-eabi/8.2.1/../../../../arm-none-eabi/lib/thumb/v7e-m+fp/hard\libcr_c.a(_fdopen.o)
 .ARM.attributes
                0x000006a5       0x39 c:/nxp/mcuxpressoide_11.0.1_2563/ide/plugins/com.nxp.mcuxpresso.tools.win32_11.0.1.201907311258/tools/bin/../lib/gcc/arm-none-eabi/8.2.1/../../../../arm-none-eabi/lib/thumb/v7e-m+fp/hard\libcr_c.a(errno.o)
 .ARM.attributes
                0x000006de       0x34 c:/nxp/mcuxpressoide_11.0.1_2563/ide/plugins/com.nxp.mcuxpresso.tools.win32_11.0.1.201907311258/tools/bin/../lib/gcc/arm-none-eabi/8.2.1/../../../../arm-none-eabi/lib/thumb/v7e-m+fp/hard\libcr_c.a(fclose.o)
 .ARM.attributes
                0x00000712       0x34 c:/nxp/mcuxpressoide_11.0.1_2563/ide/plugins/com.nxp.mcuxpresso.tools.win32_11.0.1.201907311258/tools/bin/../lib/gcc/arm-none-eabi/8.2.1/../../../../arm-none-eabi/lib/thumb/v7e-m+fp/hard\libcr_c.a(fflush.o)
 .ARM.attributes
                0x00000746       0x34 c:/nxp/mcuxpressoide_11.0.1_2563/ide/plugins/com.nxp.mcuxpresso.tools.win32_11.0.1.201907311258/tools/bin/../lib/gcc/arm-none-eabi/8.2.1/../../../../arm-none-eabi/lib/thumb/v7e-m+fp/hard\libcr_c.a(remove.o)
 .ARM.attributes
                0x0000077a       0x34 c:/nxp/mcuxpressoide_11.0.1_2563/ide/plugins/com.nxp.mcuxpresso.tools.win32_11.0.1.201907311258/tools/bin/../lib/gcc/arm-none-eabi/8.2.1/../../../../arm-none-eabi/lib/thumb/v7e-m+fp/hard\libcr_c.a(_cr_check_heap.o)
 .ARM.attributes
                0x000007ae       0x34 c:/nxp/mcuxpressoide_11.0.1_2563/ide/plugins/com.nxp.mcuxpresso.tools.win32_11.0.1.201907311258/tools/bin/../lib/gcc/arm-none-eabi/8.2.1/../../../../arm-none-eabi/lib/thumb/v7e-m+fp/hard\libcr_c.a(_do_fflush.o)
 .ARM.attributes
                0x000007e2       0x34 c:/nxp/mcuxpressoide_11.0.1_2563/ide/plugins/com.nxp.mcuxpresso.tools.win32_11.0.1.201907311258/tools/bin/../lib/gcc/arm-none-eabi/8.2.1/thumb/v7e-m+fp/hard\libcr_eabihelpers.a(double.o)
 .ARM.attributes
                0x00000816       0x20 c:/nxp/mcuxpressoide_11.0.1_2563/ide/plugins/com.nxp.mcuxpresso.tools.win32_11.0.1.201907311258/tools/bin/../lib/gcc/arm-none-eabi/8.2.1/thumb/v7e-m+fp/hard\libcr_eabihelpers.a(memcpy.o)
 .ARM.attributes
                0x00000836       0x20 c:/nxp/mcuxpressoide_11.0.1_2563/ide/plugins/com.nxp.mcuxpresso.tools.win32_11.0.1.201907311258/tools/bin/../lib/gcc/arm-none-eabi/8.2.1/../../../../arm-none-eabi/lib/thumb/v7e-m+fp/hard\libcr_semihost_nf.a(__sys_close.o)
 .ARM.attributes
                0x00000856       0x20 c:/nxp/mcuxpressoide_11.0.1_2563/ide/plugins/com.nxp.mcuxpresso.tools.win32_11.0.1.201907311258/tools/bin/../lib/gcc/arm-none-eabi/8.2.1/../../../../arm-none-eabi/lib/thumb/v7e-m+fp/hard\libcr_semihost_nf.a(__sys_flen.o)
 .ARM.attributes
                0x00000876       0x20 c:/nxp/mcuxpressoide_11.0.1_2563/ide/plugins/com.nxp.mcuxpresso.tools.win32_11.0.1.201907311258/tools/bin/../lib/gcc/arm-none-eabi/8.2.1/../../../../arm-none-eabi/lib/thumb/v7e-m+fp/hard\libcr_semihost_nf.a(__sys_istty.o)
 .ARM.attributes
                0x00000896       0x20 c:/nxp/mcuxpressoide_11.0.1_2563/ide/plugins/com.nxp.mcuxpresso.tools.win32_11.0.1.201907311258/tools/bin/../lib/gcc/arm-none-eabi/8.2.1/../../../../arm-none-eabi/lib/thumb/v7e-m+fp/hard\libcr_semihost_nf.a(__sys_remove.o)
 .ARM.attributes
                0x000008b6       0x20 c:/nxp/mcuxpressoide_11.0.1_2563/ide/plugins/com.nxp.mcuxpresso.tools.win32_11.0.1.201907311258/tools/bin/../lib/gcc/arm-none-eabi/8.2.1/../../../../arm-none-eabi/lib/thumb/v7e-m+fp/hard\libcr_semihost_nf.a(__sys_seek.o)
 .ARM.attributes
                0x000008d6       0x20 c:/nxp/mcuxpressoide_11.0.1_2563/ide/plugins/com.nxp.mcuxpresso.tools.win32_11.0.1.201907311258/tools/bin/../lib/gcc/arm-none-eabi/8.2.1/../../../../arm-none-eabi/lib/thumb/v7e-m+fp/hard\libcr_semihost_nf.a(__sys_tmpnam.o)
 .ARM.attributes
                0x000008f6       0x20 c:/nxp/mcuxpressoide_11.0.1_2563/ide/plugins/com.nxp.mcuxpresso.tools.win32_11.0.1.201907311258/tools/bin/../lib/gcc/arm-none-eabi/8.2.1/../../../../arm-none-eabi/lib/thumb/v7e-m+fp/hard\libcr_semihost_nf.a(__sys_write.o)

.debug_frame    0x00000000     0x273c
 .debug_frame   0x00000000      0x904 ./startup/startup_mk64f12.o
 .debug_frame   0x00000904       0x2c ./source/hardwareInit.o
 .debug_frame   0x00000930      0x2a0 ./source/inputControl.o
 .debug_frame   0x00000bd0       0x54 ./source/joystickDriver.o
 .debug_frame   0x00000c24      0x178 ./source/lcdDriver.o
 .debug_frame   0x00000d9c       0xa4 ./source/ledControl.o
 .debug_frame   0x00000e40       0x88 ./source/ledDriver.o
 .debug_frame   0x00000ec8       0xc0 ./source/main.o
 .debug_frame   0x00000f88      0x218 ./source/speakerControl.o
 .debug_frame   0x000011a0       0x74 ./source/speakerDriver.o
 .debug_frame   0x00001214      0x834 ./drivers/fsl_dspi.o
 .debug_frame   0x00001a48      0x694 ./drivers/fsl_i2c.o
 .debug_frame   0x000020dc      0x5ec ./drivers/fsl_uart.o
 .debug_frame   0x000026c8       0x74 ./device/system_MK64F12.o

Cross Reference Table

Symbol                                            File
A3_C4_E4_A4_B4                                    ./source/speakerControl.o
A4_Fc4_E4_D4_E4_Fc4                               ./source/speakerControl.o
A5_Fc5_E5_D5_E5_Fc5                               ./source/speakerControl.o
ADC0_DriverIRQHandler                             ./startup/startup_mk64f12.o
ADC0_IRQHandler                                   ./startup/startup_mk64f12.o
ADC16_ClearStatusFlags                            ./drivers/fsl_adc16.o
ADC16_Deinit                                      ./drivers/fsl_adc16.o
ADC16_DoAutoCalibration                           ./drivers/fsl_adc16.o
ADC16_GetChannelStatusFlags                       ./drivers/fsl_adc16.o
ADC16_GetDefaultConfig                            ./drivers/fsl_adc16.o
ADC16_GetStatusFlags                              ./drivers/fsl_adc16.o
ADC16_Init                                        ./drivers/fsl_adc16.o
ADC16_SetChannelConfig                            ./drivers/fsl_adc16.o
ADC16_SetChannelMuxMode                           ./drivers/fsl_adc16.o
ADC16_SetHardwareAverage                          ./drivers/fsl_adc16.o
ADC16_SetHardwareCompareConfig                    ./drivers/fsl_adc16.o
ADC1_DriverIRQHandler                             ./startup/startup_mk64f12.o
ADC1_IRQHandler                                   ./startup/startup_mk64f12.o
BOARD_BootClockRUN                                ./board/boards/clock_config.o
BOARD_BootClockVLPR                               ./board/boards/clock_config.o
BOARD_InitACCELPins                               ./board/boards/pin_mux.o
BOARD_InitBootClocks                              ./board/boards/clock_config.o
BOARD_InitBootPeripherals                         ./board/boards/peripherals.o
BOARD_InitBootPins                                ./board/boards/pin_mux.o
BOARD_InitButtonsPins                             ./board/boards/pin_mux.o
BOARD_InitDEBUG_UARTPins                          ./board/boards/pin_mux.o
BOARD_InitDebugConsole                            ./board/boards/board.o
BOARD_InitENETPins                                ./board/boards/pin_mux.o
BOARD_InitLEDsPins                                ./board/boards/pin_mux.o
BOARD_InitOSCPins                                 ./board/boards/pin_mux.o
BOARD_InitPeripherals                             ./board/boards/peripherals.o
BOARD_InitPins                                    ./board/boards/pin_mux.o
BOARD_InitSDHCPins                                ./board/boards/pin_mux.o
BOARD_InitUSBPins                                 ./board/boards/pin_mux.o
BusFault_Handler                                  ./startup/startup_mk64f12.o
CAN0_Bus_Off_IRQHandler                           ./startup/startup_mk64f12.o
CAN0_DriverIRQHandler                             ./startup/startup_mk64f12.o
CAN0_Error_IRQHandler                             ./startup/startup_mk64f12.o
CAN0_ORed_Message_buffer_IRQHandler               ./startup/startup_mk64f12.o
CAN0_Rx_Warning_IRQHandler                        ./startup/startup_mk64f12.o
CAN0_Tx_Warning_IRQHandler                        ./startup/startup_mk64f12.o
CAN0_Wake_Up_IRQHandler                           ./startup/startup_mk64f12.o
CLOCK_BootToBlpeMode                              ./drivers/fsl_clock.o
CLOCK_BootToBlpiMode                              ./drivers/fsl_clock.o
                                                  ./board/boards/clock_config.o
CLOCK_BootToFeeMode                               ./drivers/fsl_clock.o
CLOCK_BootToFeiMode                               ./drivers/fsl_clock.o
CLOCK_BootToPeeMode                               ./drivers/fsl_clock.o
                                                  ./board/boards/clock_config.o
CLOCK_CalcPllDiv                                  ./drivers/fsl_clock.o
CLOCK_ClearStatusFlags                            ./drivers/fsl_clock.o
CLOCK_DeinitOsc0                                  ./drivers/fsl_clock.o
CLOCK_EnablePll0                                  ./drivers/fsl_clock.o
CLOCK_EnableUsbfs0Clock                           ./drivers/fsl_clock.o
                                                  ./board/boards/clock_config.o
CLOCK_ExternalModeToFbeModeQuick                  ./drivers/fsl_clock.o
CLOCK_GetBusClkFreq                               ./drivers/fsl_clock.o
CLOCK_GetCoreSysClkFreq                           ./drivers/fsl_clock.o
                                                  ./board/boards/board.o
CLOCK_GetEr32kClkFreq                             ./drivers/fsl_clock.o
CLOCK_GetFixedFreqClkFreq                         ./drivers/fsl_clock.o
CLOCK_GetFlashClkFreq                             ./drivers/fsl_clock.o
CLOCK_GetFlexBusClkFreq                           ./drivers/fsl_clock.o
CLOCK_GetFllFreq                                  ./drivers/fsl_clock.o
CLOCK_GetFreq                                     ./drivers/fsl_clock.o
CLOCK_GetInternalRefClkFreq                       ./drivers/fsl_clock.o
CLOCK_GetMode                                     ./drivers/fsl_clock.o
CLOCK_GetOsc0ErClkFreq                            ./drivers/fsl_clock.o
CLOCK_GetOutClkFreq                               ./drivers/fsl_clock.o
CLOCK_GetPlatClkFreq                              ./drivers/fsl_clock.o
CLOCK_GetPll0Freq                                 ./drivers/fsl_clock.o
CLOCK_GetPllFllSelClkFreq                         ./drivers/fsl_clock.o
CLOCK_GetStatusFlags                              ./drivers/fsl_clock.o
CLOCK_InitOsc0                                    ./drivers/fsl_clock.o
                                                  ./board/boards/clock_config.o
CLOCK_InternalModeToFbiModeQuick                  ./drivers/fsl_clock.o
CLOCK_SetBlpeMode                                 ./drivers/fsl_clock.o
CLOCK_SetBlpiMode                                 ./drivers/fsl_clock.o
CLOCK_SetExternalRefClkConfig                     ./drivers/fsl_clock.o
CLOCK_SetFbeMode                                  ./drivers/fsl_clock.o
CLOCK_SetFbiMode                                  ./drivers/fsl_clock.o
CLOCK_SetFeeMode                                  ./drivers/fsl_clock.o
CLOCK_SetFeiMode                                  ./drivers/fsl_clock.o
CLOCK_SetInternalRefClkConfig                     ./drivers/fsl_clock.o
                                                  ./board/boards/clock_config.o
CLOCK_SetMcgConfig                                ./drivers/fsl_clock.o
CLOCK_SetOsc0MonitorMode                          ./drivers/fsl_clock.o
CLOCK_SetPbeMode                                  ./drivers/fsl_clock.o
CLOCK_SetPeeMode                                  ./drivers/fsl_clock.o
CLOCK_SetPll0MonitorMode                          ./drivers/fsl_clock.o
CLOCK_SetRtcOscMonitorMode                        ./drivers/fsl_clock.o
CLOCK_SetSimConfig                                ./drivers/fsl_clock.o
                                                  ./board/boards/clock_config.o
CLOCK_TrimInternalRefClk                          ./drivers/fsl_clock.o
CMP0_DriverIRQHandler                             ./startup/startup_mk64f12.o
CMP0_IRQHandler                                   ./startup/startup_mk64f12.o
CMP1_DriverIRQHandler                             ./startup/startup_mk64f12.o
CMP1_IRQHandler                                   ./startup/startup_mk64f12.o
CMP2_DriverIRQHandler                             ./startup/startup_mk64f12.o
CMP2_IRQHandler                                   ./startup/startup_mk64f12.o
CMT_DriverIRQHandler                              ./startup/startup_mk64f12.o
CMT_IRQHandler                                    ./startup/startup_mk64f12.o
DAC0_DriverIRQHandler                             ./startup/startup_mk64f12.o
DAC0_IRQHandler                                   ./startup/startup_mk64f12.o
DAC1_DriverIRQHandler                             ./startup/startup_mk64f12.o
DAC1_IRQHandler                                   ./startup/startup_mk64f12.o
DMA0_DriverIRQHandler                             ./startup/startup_mk64f12.o
DMA0_IRQHandler                                   ./startup/startup_mk64f12.o
DMA10_DriverIRQHandler                            ./startup/startup_mk64f12.o
DMA10_IRQHandler                                  ./startup/startup_mk64f12.o
DMA11_DriverIRQHandler                            ./startup/startup_mk64f12.o
DMA11_IRQHandler                                  ./startup/startup_mk64f12.o
DMA12_DriverIRQHandler                            ./startup/startup_mk64f12.o
DMA12_IRQHandler                                  ./startup/startup_mk64f12.o
DMA13_DriverIRQHandler                            ./startup/startup_mk64f12.o
DMA13_IRQHandler                                  ./startup/startup_mk64f12.o
DMA14_DriverIRQHandler                            ./startup/startup_mk64f12.o
DMA14_IRQHandler                                  ./startup/startup_mk64f12.o
DMA15_DriverIRQHandler                            ./startup/startup_mk64f12.o
DMA15_IRQHandler                                  ./startup/startup_mk64f12.o
DMA1_DriverIRQHandler                             ./startup/startup_mk64f12.o
DMA1_IRQHandler                                   ./startup/startup_mk64f12.o
DMA2_DriverIRQHandler                             ./startup/startup_mk64f12.o
DMA2_IRQHandler                                   ./startup/startup_mk64f12.o
DMA3_DriverIRQHandler                             ./startup/startup_mk64f12.o
DMA3_IRQHandler                                   ./startup/startup_mk64f12.o
DMA4_DriverIRQHandler                             ./startup/startup_mk64f12.o