Archive member included to satisfy reference by file (symbol)

c:/nxp/mcuxpressoide_11.0.1_2563/ide/plugins/com.nxp.mcuxpresso.tools.win32_11.0.1.201907311258/tools/bin/../lib/gcc/arm-none-eabi/8.2.1/../../../../arm-none-eabi/lib/thumb/v7e-m+fp/hard\libcr_semihost_nf.a(_cr__main.o)
                              ./startup/startup_mk64f12.o (__main)
c:/nxp/mcuxpressoide_11.0.1_2563/ide/plugins/com.nxp.mcuxpresso.tools.win32_11.0.1.201907311258/tools/bin/../lib/gcc/arm-none-eabi/8.2.1/../../../../arm-none-eabi/lib/thumb/v7e-m+fp/hard\libcr_semihost_nf.a(_cr_assert.o)
                              ./utilities/fsl_debug_console.o (__assertion_failed)
c:/nxp/mcuxpressoide_11.0.1_2563/ide/plugins/com.nxp.mcuxpresso.tools.win32_11.0.1.201907311258/tools/bin/../lib/gcc/arm-none-eabi/8.2.1/../../../../arm-none-eabi/lib/thumb/v7e-m+fp/hard\libcr_semihost_nf.a(__ciob.o)
                              c:/nxp/mcuxpressoide_11.0.1_2563/ide/plugins/com.nxp.mcuxpresso.tools.win32_11.0.1.201907311258/tools/bin/../lib/gcc/arm-none-eabi/8.2.1/../../../../arm-none-eabi/lib/thumb/v7e-m+fp/hard\libcr_semihost_nf.a(_cr_assert.o) (__Ciob)
c:/nxp/mcuxpressoide_11.0.1_2563/ide/plugins/com.nxp.mcuxpresso.tools.win32_11.0.1.201907311258/tools/bin/../lib/gcc/arm-none-eabi/8.2.1/../../../../arm-none-eabi/lib/thumb/v7e-m+fp/hard\libcr_semihost_nf.a(__sys_appexit.o)
                              c:/nxp/mcuxpressoide_11.0.1_2563/ide/plugins/com.nxp.mcuxpresso.tools.win32_11.0.1.201907311258/tools/bin/../lib/gcc/arm-none-eabi/8.2.1/../../../../arm-none-eabi/lib/thumb/v7e-m+fp/hard\libcr_semihost_nf.a(_cr_assert.o) (__sys_appexit)
c:/nxp/mcuxpressoide_11.0.1_2563/ide/plugins/com.nxp.mcuxpresso.tools.win32_11.0.1.201907311258/tools/bin/../lib/gcc/arm-none-eabi/8.2.1/../../../../arm-none-eabi/lib/thumb/v7e-m+fp/hard\libcr_c.a(memset.o)
                              ./utilities/fsl_debug_console.o (memset)
c:/nxp/mcuxpressoide_11.0.1_2563/ide/plugins/com.nxp.mcuxpresso.tools.win32_11.0.1.201907311258/tools/bin/../lib/gcc/arm-none-eabi/8.2.1/../../../../arm-none-eabi/lib/thumb/v7e-m+fp/hard\libcr_c.a(_deferredlazyseek.o)
                              c:/nxp/mcuxpressoide_11.0.1_2563/ide/plugins/com.nxp.mcuxpresso.tools.win32_11.0.1.201907311258/tools/bin/../lib/gcc/arm-none-eabi/8.2.1/../../../../arm-none-eabi/lib/thumb/v7e-m+fp/hard\libcr_semihost_nf.a(_cr_assert.o) (__flsbuf)
c:/nxp/mcuxpressoide_11.0.1_2563/ide/plugins/com.nxp.mcuxpresso.tools.win32_11.0.1.201907311258/tools/bin/../lib/gcc/arm-none-eabi/8.2.1/../../../../arm-none-eabi/lib/thumb/v7e-m+fp/hard\libcr_c.a(_fflush.o)
                              c:/nxp/mcuxpressoide_11.0.1_2563/ide/plugins/com.nxp.mcuxpresso.tools.win32_11.0.1.201907311258/tools/bin/../lib/gcc/arm-none-eabi/8.2.1/../../../../arm-none-eabi/lib/thumb/v7e-m+fp/hard\libcr_c.a(_deferredlazyseek.o) (_fflush)
c:/nxp/mcuxpressoide_11.0.1_2563/ide/plugins/com.nxp.mcuxpresso.tools.win32_11.0.1.201907311258/tools/bin/../lib/gcc/arm-none-eabi/8.2.1/../../../../arm-none-eabi/lib/thumb/v7e-m+fp/hard\libcr_c.a(_writebuf.o)
                              c:/nxp/mcuxpressoide_11.0.1_2563/ide/plugins/com.nxp.mcuxpresso.tools.win32_11.0.1.201907311258/tools/bin/../lib/gcc/arm-none-eabi/8.2.1/../../../../arm-none-eabi/lib/thumb/v7e-m+fp/hard\libcr_c.a(_deferredlazyseek.o) (_Cwritebuf)
c:/nxp/mcuxpressoide_11.0.1_2563/ide/plugins/com.nxp.mcuxpresso.tools.win32_11.0.1.201907311258/tools/bin/../lib/gcc/arm-none-eabi/8.2.1/../../../../arm-none-eabi/lib/thumb/v7e-m+fp/hard\libcr_c.a(alloc.o)
                              ./drivers/fsl_common.o (malloc)
c:/nxp/mcuxpressoide_11.0.1_2563/ide/plugins/com.nxp.mcuxpresso.tools.win32_11.0.1.201907311258/tools/bin/../lib/gcc/arm-none-eabi/8.2.1/../../../../arm-none-eabi/lib/thumb/v7e-m+fp/hard\libcr_c.a(fputs.o)
                              c:/nxp/mcuxpressoide_11.0.1_2563/ide/plugins/com.nxp.mcuxpresso.tools.win32_11.0.1.201907311258/tools/bin/../lib/gcc/arm-none-eabi/8.2.1/../../../../arm-none-eabi/lib/thumb/v7e-m+fp/hard\libcr_semihost_nf.a(_cr_assert.o) (fputs)
c:/nxp/mcuxpressoide_11.0.1_2563/ide/plugins/com.nxp.mcuxpresso.tools.win32_11.0.1.201907311258/tools/bin/../lib/gcc/arm-none-eabi/8.2.1/../../../../arm-none-eabi/lib/thumb/v7e-m+fp/hard\libcr_c.a(fseek.o)
                              c:/nxp/mcuxpressoide_11.0.1_2563/ide/plugins/com.nxp.mcuxpresso.tools.win32_11.0.1.201907311258/tools/bin/../lib/gcc/arm-none-eabi/8.2.1/../../../../arm-none-eabi/lib/thumb/v7e-m+fp/hard\libcr_c.a(_deferredlazyseek.o) (fseek)
c:/nxp/mcuxpressoide_11.0.1_2563/ide/plugins/com.nxp.mcuxpresso.tools.win32_11.0.1.201907311258/tools/bin/../lib/gcc/arm-none-eabi/8.2.1/../../../../arm-none-eabi/lib/thumb/v7e-m+fp/hard\libcr_c.a(ftell.o)
                              c:/nxp/mcuxpressoide_11.0.1_2563/ide/plugins/com.nxp.mcuxpresso.tools.win32_11.0.1.201907311258/tools/bin/../lib/gcc/arm-none-eabi/8.2.1/../../../../arm-none-eabi/lib/thumb/v7e-m+fp/hard\libcr_c.a(fseek.o) (ftell)
[...]
Memory Configuration

Name             Origin             Length             Attributes
PROGRAM_FLASH    0x00000000         0x00100000         xr
SRAM_UPPER       0x20000000         0x00030000         xrw
SRAM_LOWER       0x1fff0000         0x00010000         xrw
FLEX_RAM         0x14000000         0x00001000         xrw
*default*        0x00000000         0xffffffff

Linker script and memory map

LOAD ./utilities/fsl_debug_console.o
LOAD ./utilities/fsl_str.o
LOAD ./startup/startup_mk64f12.o
LOAD ./source/buttonDriver.o
LOAD ./source/hardwareInit.o
LOAD ./source/inputControl.o
LOAD ./source/joystickDriver.o
LOAD ./source/lcdControl.o
LOAD ./source/lcdDriver.o
LOAD ./source/ledControl.o
LOAD ./source/ledDriver.o
LOAD ./source/main.o
LOAD ./source/speakerControl.o
LOAD ./source/speakerDriver.o
LOAD ./drivers/fsl_adc16.o
LOAD ./drivers/fsl_clock.o
LOAD ./drivers/fsl_common.o
LOAD ./drivers/fsl_dspi.o
LOAD ./drivers/fsl_gpio.o
LOAD ./drivers/fsl_i2c.o
LOAD ./drivers/fsl_rtc.o
LOAD ./drivers/fsl_smc.o
LOAD ./drivers/fsl_uart.o
LOAD ./device/system_MK64F12.o
LOAD ./component/uart/uart_adapter.o
LOAD ./component/serial_manager/serial_manager.o
LOAD ./component/serial_manager/serial_port_uart.o
LOAD ./component/lists/generic_list.o
LOAD ./board/boards/board.o
LOAD ./board/boards/clock_config.o
LOAD ./board/boards/peripherals.o
LOAD ./board/boards/pin_mux.o
START GROUP
LOAD c:/nxp/mcuxpressoide_11.0.1_2563/ide/plugins/com.nxp.mcuxpresso.tools.win32_11.0.1.201907311258/tools/bin/../lib/gcc/arm-none-eabi/8.2.1/../../../../arm-none-eabi/lib/thumb/v7e-m+fp/hard\libcr_semihost_nf.a
LOAD c:/nxp/mcuxpressoide_11.0.1_2563/ide/plugins/com.nxp.mcuxpresso.tools.win32_11.0.1.201907311258/tools/bin/../lib/gcc/arm-none-eabi/8.2.1/../../../../arm-none-eabi/lib/thumb/v7e-m+fp/hard\libcr_c.a
LOAD c:/nxp/mcuxpressoide_11.0.1_2563/ide/plugins/com.nxp.mcuxpresso.tools.win32_11.0.1.201907311258/tools/bin/../lib/gcc/arm-none-eabi/8.2.1/thumb/v7e-m+fp/hard\libcr_eabihelpers.a
LOAD c:/nxp/mcuxpressoide_11.0.1_2563/ide/plugins/com.nxp.mcuxpresso.tools.win32_11.0.1.201907311258/tools/bin/../lib/gcc/arm-none-eabi/8.2.1/thumb/v7e-m+fp/hard\libgcc.a
END GROUP
                0x00000000                __base_PROGRAM_FLASH = 0x0
                0x00000000                __base_Flash = 0x0
                0x00100000                __top_PROGRAM_FLASH = 0x100000
                0x00100000                __top_Flash = 0x100000
                0x20000000                __base_SRAM_UPPER = 0x20000000
                0x20000000                __base_RAM = 0x20000000
                0x20030000                __top_SRAM_UPPER = 0x20030000
                0x20030000                __top_RAM = 0x20030000
                0x1fff0000                __base_SRAM_LOWER = 0x1fff0000
                0x1fff0000                __base_RAM2 = 0x1fff0000
                0x20000000                __top_SRAM_LOWER = 0x20000000
                0x20000000                __top_RAM2 = 0x20000000
                0x14000000                __base_FLEX_RAM = 0x14000000
                0x14000000                __base_RAM3 = 0x14000000
                0x14001000                __top_FLEX_RAM = 0x14001000
                0x14001000                __top_RAM3 = 0x14001000

.text           0x00000000     0x2750
 FILL mask 0xff
                0x00000000                __vectors_start__ = ABSOLUTE (.)
 *(SORT_BY_ALIGNMENT(.isr_vector))
 .isr_vector    0x00000000      0x198 ./startup/startup_mk64f12.o
                0x00000000                g_pfnVectors
                0x00000000                __Vectors
                0x00000198                . = ALIGN (0x4)
                0x00000198                __section_table_start = .
                0x00000198                __data_section_table = .
                0x00000198        0x4 LONG 0x2750 LOADADDR (.data)
                0x0000019c        0x4 LONG 0x20000000 ADDR (.data)
                0x000001a0        0x4 LONG 0x0 SIZEOF (.data)
                0x000001a4        0x4 LONG 0x2750 LOADADDR (.data_RAM2)
                0x000001a8        0x4 LONG 0x1fff0000 ADDR (.data_RAM2)
                0x000001ac        0x4 LONG 0x0 SIZEOF (.data_RAM2)
                0x000001b0        0x4 LONG 0x2750 LOADADDR (.data_RAM3)
                0x000001b4        0x4 LONG 0x14000000 ADDR (.data_RAM3)
                0x000001b8        0x4 LONG 0x0 SIZEOF (.data_RAM3)
                0x000001bc                __data_section_table_end = .
                0x000001bc                __bss_section_table = .
                0x000001bc        0x4 LONG 0x20000000 ADDR (.bss)
                0x000001c0        0x4 LONG 0x328 SIZEOF (.bss)
                0x000001c4        0x4 LONG 0x1fff0000 ADDR (.bss_RAM2)
                0x000001c8        0x4 LONG 0x0 SIZEOF (.bss_RAM2)
                0x000001cc        0x4 LONG 0x14000000 ADDR (.bss_RAM3)
                0x000001d0        0x4 LONG 0x0 SIZEOF (.bss_RAM3)
                0x000001d4                __bss_section_table_end = .
                0x000001d4                __section_table_end = .
 *(SORT_BY_ALIGNMENT(.after_vectors*))
 .after_vectors.reset
                0x000001d4       0x4c ./startup/startup_mk64f12.o
                0x000001d4                ResetISR
 .after_vectors.init_data
                0x00000220       0x1e ./startup/startup_mk64f12.o
                0x00000220                data_init
 .after_vectors.init_bss
                0x0000023e       0x12 ./startup/startup_mk64f12.o
                0x0000023e                bss_init
 .after_vectors
                0x00000250       0x14 ./startup/startup_mk64f12.o
                0x00000250                NMI_Handler
                0x00000252                HardFault_Handler
                0x00000254                MemManage_Handler
                0x00000256                BusFault_Handler
                0x00000258                UsageFault_Handler
                0x0000025a                SVC_Handler
                0x0000025c                DebugMon_Handler
                0x0000025e                PendSV_Handler
                0x00000260                SysTick_Handler
                0x00000262                DMA_Error_DriverIRQHandler
                0x00000262                FTM1_DriverIRQHandler
                0x00000262                FTM2_DriverIRQHandler
                0x00000262                PIT2_DriverIRQHandler
                0x00000262                SDHC_DriverIRQHandler
                0x00000262                I2S0_Tx_DriverIRQHandler
                0x00000262                RTC_Seconds_DriverIRQHandler
                0x00000262                DMA6_DriverIRQHandler
                0x00000262                LLWU_DriverIRQHandler
                0x00000262                MCM_DriverIRQHandler
                0x00000262                MCG_DriverIRQHandler
                0x00000262                ENET_1588_Timer_DriverIRQHandler
                0x00000262                DAC1_DriverIRQHandler
                0x00000262                LPTMR0_DriverIRQHandler
                0x00000262                CMP1_DriverIRQHandler
                0x00000262                FTM0_DriverIRQHandler
                0x00000262                IntDefaultHandler
                0x00000262                USB0_DriverIRQHandler
                0x00000262                UART5_ERR_DriverIRQHandler
                0x00000262                PORTC_DriverIRQHandler
                0x00000262                DMA11_DriverIRQHandler
                0x00000262                DAC0_DriverIRQHandler
                0x00000262                DMA10_DriverIRQHandler
                0x00000262                CMP2_DriverIRQHandler
                0x00000262                UART2_ERR_DriverIRQHandler
                0x00000262                LVD_LVW_DriverIRQHandler
                0x00000262                PIT0_DriverIRQHandler
                0x00000262                DMA12_DriverIRQHandler
                0x00000262                DMA5_DriverIRQHandler
                0x00000262                DMA4_DriverIRQHandler
                0x00000262                USBDCD_DriverIRQHandler
                0x00000262                UART3_ERR_DriverIRQHandler
                0x00000262                DMA3_DriverIRQHandler
                0x00000262                DMA8_DriverIRQHandler
                0x00000262                DMA9_DriverIRQHandler
                0x00000262                UART0_ERR_DriverIRQHandler
                0x00000262                CMT_DriverIRQHandler
                0x00000262                Reserved71_DriverIRQHandler
                0x00000262                ADC1_DriverIRQHandler
                0x00000262                PORTA_DriverIRQHandler
                0x00000262                DMA14_DriverIRQHandler
                0x00000262                PIT3_DriverIRQHandler
                0x00000262                PIT1_DriverIRQHandler
                0x00000262                WDOG_EWM_DriverIRQHandler
                0x00000262                PDB0_DriverIRQHandler
                0x00000262                RTC_DriverIRQHandler
                0x00000262                I2S0_Rx_DriverIRQHandler
                0x00000262                Read_Collision_DriverIRQHandler
                0x00000262                SWI_DriverIRQHandler
                0x00000262                UART4_ERR_DriverIRQHandler
                0x00000262                PORTB_DriverIRQHandler
                0x00000262                UART0_LON_DriverIRQHandler
                0x00000262                DMA0_DriverIRQHandler
                0x00000262                DMA1_DriverIRQHandler
                0x00000262                ENET_Receive_DriverIRQHandler
                0x00000262                DMA13_DriverIRQHandler
                0x00000262                ENET_Error_DriverIRQHandler
                0x00000262                DMA15_DriverIRQHandler
                0x00000262                ADC0_DriverIRQHandler
                0x00000262                CMP0_DriverIRQHandler
                0x00000262                CAN0_DriverIRQHandler
                0x00000262                FTM3_DriverIRQHandler
                0x00000262                RNG_DriverIRQHandler
                0x00000262                UART1_ERR_DriverIRQHandler
                0x00000262                DMA2_DriverIRQHandler
                0x00000262                ENET_Transmit_DriverIRQHandler
                0x00000262                PORTD_DriverIRQHandler
                0x00000262                PORTE_DriverIRQHandler
                0x00000262                FTFE_DriverIRQHandler
                0x00000262                DMA7_DriverIRQHandler
                0x00000400                . = 0x400
 *fill*         0x00000264      0x19c ff
                0x00000400                PROVIDE (__FLASH_CONFIG_START__ = .)
 *(SORT_BY_ALIGNMENT(.FlashConfig))
 .FlashConfig   0x00000400       0x10 ./startup/startup_mk64f12.o
                0x00000400                Flash_Config
                0x00000410                PROVIDE (__FLASH_CONFIG_END__ = .)
                0x00000001                ASSERT (! ((__FLASH_CONFIG_START__ == __FLASH_CONFIG_END__)), Linker Flash Config Support Enabled, but no .FlashConfig section provided within application)
 *(SORT_BY_ALIGNMENT(.text*))
 .text.delay_us
                0x00000410       0x48 ./source/lcdDriver.o
                0x00000410                delay_us
 .text.__NVIC_EnableIRQ
                0x00000458       0x3c ./source/buttonDriver.o
 .text.SW2Init  0x00000494       0x4c ./source/buttonDriver.o
                0x00000494                SW2Init
 .text.initEnums
                0x000004e0       0x38 ./source/inputControl.o
                0x000004e0                initEnums
 .text.incrementTime
                0x00000518       0x88 ./source/inputControl.o
                0x00000518                incrementTime
 .text.decrementTime
                0x000005a0       0x88 ./source/inputControl.o
                0x000005a0                decrementTime
 .text.incrementAlarm
                0x00000628       0x88 ./source/inputControl.o
                0x00000628                incrementAlarm
 .text.decrementAlarm
                0x000006b0       0x88 ./source/inputControl.o
                0x000006b0                decrementAlarm
 .text.PORTC_IRQHandler
                0x00000738      0x280 ./source/inputControl.o
                0x00000738                PORTC_IRQHandler
 .text.PORTB_IRQHandler
                0x000009b8      0x1e0 ./source/inputControl.o
                0x000009b8                PORTB_IRQHandler
 .text.__NVIC_EnableIRQ
                0x00000b98       0x3c ./source/joystickDriver.o
 .text.joystickInit
                0x00000bd4       0xb4 ./source/joystickDriver.o
                0x00000bd4                joystickInit
 .text.spi_write
                0x00000c88       0x98 ./source/lcdDriver.o
                0x00000c88                spi_write
 .text.lcd_data
                0x00000d20       0x2c ./source/lcdDriver.o
                0x00000d20                lcd_data
 .text.lcd_comm
                0x00000d4c       0x2c ./source/lcdDriver.o
                0x00000d4c                lcd_comm
 .text.pins_init
                0x00000d78       0xcc ./source/lcdDriver.o
                0x00000d78                pins_init
 .text.copy_to_lcd
                0x00000e44      0x100 ./source/lcdDriver.o
                0x00000e44                copy_to_lcd
 .text.lcd_clear
                0x00000f44       0x34 ./source/lcdDriver.o
                0x00000f44                lcd_clear
 .text.lcd_init
                0x00000f78       0x8c ./source/lcdDriver.o
                0x00000f78                lcd_init
 .text.getState
                0x00001004       0x18 ./source/main.o
                0x00001004                getState
 .text.setAlarm
                0x0000101c       0x20 ./source/main.o
                0x0000101c                setAlarm
 .text.setState
                0x0000103c       0x20 ./source/main.o
                0x0000103c                setState
 .text.main     0x0000105c       0x24 ./source/main.o
                0x0000105c                main
 .text.initPWM  0x00001080       0x3c ./source/speakerDriver.o
                0x00001080                initPWM
 .text.DSPI_CommonIRQHandler
                0x000010bc       0x40 ./drivers/fsl_dspi.o
 .text.SPI0_DriverIRQHandler
                0x000010fc       0x30 ./drivers/fsl_dspi.o
                0x000010fc                SPI0_DriverIRQHandler
 .text.SPI1_DriverIRQHandler
                0x0000112c       0x30 ./drivers/fsl_dspi.o
                0x0000112c                SPI1_DriverIRQHandler
 .text.SPI2_DriverIRQHandler
                0x0000115c       0x30 ./drivers/fsl_dspi.o
                0x0000115c                SPI2_DriverIRQHandler
 .text.I2C_TransferCommonIRQHandler
                0x0000118c       0x54 ./drivers/fsl_i2c.o
 .text.I2C0_DriverIRQHandler
                0x000011e0       0x1c ./drivers/fsl_i2c.o
                0x000011e0                I2C0_DriverIRQHandler
 .text.I2C1_DriverIRQHandler
                0x000011fc       0x1c ./drivers/fsl_i2c.o
                0x000011fc                I2C1_DriverIRQHandler
 .text.I2C2_DriverIRQHandler
                0x00001218       0x1c ./drivers/fsl_i2c.o
                0x00001218                I2C2_DriverIRQHandler
 .text.UART0_DriverIRQHandler
                0x00001234       0x28 ./drivers/fsl_uart.o
                0x00001234                UART0_DriverIRQHandler
 .text.UART1_DriverIRQHandler
                0x0000125c       0x28 ./drivers/fsl_uart.o
                0x0000125c                UART1_DriverIRQHandler
 .text.UART2_DriverIRQHandler
                0x00001284       0x28 ./drivers/fsl_uart.o
                0x00001284                UART2_DriverIRQHandler
 .text.UART3_DriverIRQHandler
                0x000012ac       0x28 ./drivers/fsl_uart.o
                0x000012ac                UART3_DriverIRQHandler
 .text.UART4_DriverIRQHandler
                0x000012d4       0x28 ./drivers/fsl_uart.o
                0x000012d4                UART4_DriverIRQHandler
 .text.UART5_DriverIRQHandler
                0x000012fc       0x28 ./drivers/fsl_uart.o
                0x000012fc                UART5_DriverIRQHandler
 .text.SystemInit
                0x00001324       0x3c ./device/system_MK64F12.o
                0x00001324                SystemInit
 .text.__assertion_failed
                0x00001360       0x4c c:/nxp/mcuxpressoide_11.0.1_2563/ide/plugins/com.nxp.mcuxpresso.tools.win32_11.0.1.201907311258/tools/bin/../lib/gcc/arm-none-eabi/8.2.1/../../../../arm-none-eabi/lib/thumb/v7e-m+fp/hard\libcr_semihost_nf.a(_cr_assert.o)
                0x00001360                __assertion_failed
 .text.__sys_appexit
                0x000013ac        0xc c:/nxp/mcuxpressoide_11.0.1_2563/ide/plugins/com.nxp.mcuxpresso.tools.win32_11.0.1.201907311258/tools/bin/../lib/gcc/arm-none-eabi/8.2.1/../../../../arm-none-eabi/lib/thumb/v7e-m+fp/hard\libcr_semihost_nf.a(__sys_appexit.o)
                0x000013ac                __sys_appexit
                0x000013ac                __exit
 .text._Cwritebuf
                0x000013b8       0x6c c:/nxp/mcuxpressoide_11.0.1_2563/ide/plugins/com.nxp.mcuxpresso.tools.win32_11.0.1.201907311258/tools/bin/../lib/gcc/arm-none-eabi/8.2.1/../../../../arm-none-eabi/lib/thumb/v7e-m+fp/hard\libcr_c.a(_writebuf.o)
                0x000013b8                _Cwritebuf
 .text.malloc   0x00001424       0xc8 c:/nxp/mcuxpressoide_11.0.1_2563/ide/plugins/com.nxp.mcuxpresso.tools.win32_11.0.1.201907311258/tools/bin/../lib/gcc/arm-none-eabi/8.2.1/../../../../arm-none-eabi/lib/thumb/v7e-m+fp/hard\libcr_c.a(alloc.o)
                0x00001424                malloc
 .text._Csys_alloc
                0x000014ec       0x20 c:/nxp/mcuxpressoide_11.0.1_2563/ide/plugins/com.nxp.mcuxpresso.tools.win32_11.0.1.201907311258/tools/bin/../lib/gcc/arm-none-eabi/8.2.1/../../../../arm-none-eabi/lib/thumb/v7e-m+fp/hard\libcr_c.a(alloc.o)
                0x000014ec                _Csys_alloc
 .text.fseek    0x0000150c      0x100 c:/nxp/mcuxpressoide_11.0.1_2563/ide/plugins/com.nxp.mcuxpresso.tools.win32_11.0.1.201907311258/tools/bin/../lib/gcc/arm-none-eabi/8.2.1/../../../../arm-none-eabi/lib/thumb/v7e-m+fp/hard\libcr_c.a(fseek.o)
                0x0000150c                fseek
 .text.ftell    0x0000160c       0x48 c:/nxp/mcuxpressoide_11.0.1_2563/ide/plugins/com.nxp.mcuxpresso.tools.win32_11.0.1.201907311258/tools/bin/../lib/gcc/arm-none-eabi/8.2.1/../../../../arm-none-eabi/lib/thumb/v7e-m+fp/hard\libcr_c.a(ftell.o)
                0x0000160c                ftell
 .text._initio  0x00001654       0x78 c:/nxp/mcuxpressoide_11.0.1_2563/ide/plugins/com.nxp.mcuxpresso.tools.win32_11.0.1.201907311258/tools/bin/../lib/gcc/arm-none-eabi/8.2.1/../../../../arm-none-eabi/lib/thumb/v7e-m+fp/hard\libcr_c.a(initio.o)
                0x00001654                _initio
 .text.setvbuf  0x000016cc       0x40 c:/nxp/mcuxpressoide_11.0.1_2563/ide/plugins/com.nxp.mcuxpresso.tools.win32_11.0.1.201907311258/tools/bin/../lib/gcc/arm-none-eabi/8.2.1/../../../../arm-none-eabi/lib/thumb/v7e-m+fp/hard\libcr_c.a(setvbuf.o)
                0x000016cc                setvbuf
 .text._sbrk    0x0000170c       0x3c c:/nxp/mcuxpressoide_11.0.1_2563/ide/plugins/com.nxp.mcuxpresso.tools.win32_11.0.1.201907311258/tools/bin/../lib/gcc/arm-none-eabi/8.2.1/../../../../arm-none-eabi/lib/thumb/v7e-m+fp/hard\libcr_c.a(_cr_sbrk.o)
                0x0000170c                _sbrk
 .text.fflush   0x00001748       0x44 c:/nxp/mcuxpressoide_11.0.1_2563/ide/plugins/com.nxp.mcuxpresso.tools.win32_11.0.1.201907311258/tools/bin/../lib/gcc/arm-none-eabi/8.2.1/../../../../arm-none-eabi/lib/thumb/v7e-m+fp/hard\libcr_c.a(fflush.o)
                0x00001748                fflush
 .text.__check_heap_overflow
                0x0000178c       0x18 c:/nxp/mcuxpressoide_11.0.1_2563/ide/plugins/com.nxp.mcuxpresso.tools.win32_11.0.1.201907311258/tools/bin/../lib/gcc/arm-none-eabi/8.2.1/../../../../arm-none-eabi/lib/thumb/v7e-m+fp/hard\libcr_c.a(_cr_check_heap.o)
                0x0000178c                __check_heap_overflow
 .text.__aeabi_dmul
                0x000017a4      0x114 c:/nxp/mcuxpressoide_11.0.1_2563/ide/plugins/com.nxp.mcuxpresso.tools.win32_11.0.1.201907311258/tools/bin/../lib/gcc/arm-none-eabi/8.2.1/thumb/v7e-m+fp/hard\libcr_eabihelpers.a(double.o)
                0x000017a4                __aeabi_dmul
 .text.DMA0_IRQHandler
                0x000018b8        0x8 ./startup/startup_mk64f12.o
                0x000018b8                DMA0_IRQHandler
 .text.DMA1_IRQHandler
                0x000018c0        0x8 ./startup/startup_mk64f12.o
                0x000018c0                DMA1_IRQHandler
 .text.DMA2_IRQHandler
                0x000018c8        0x8 ./startup/startup_mk64f12.o
                0x000018c8                DMA2_IRQHandler
 .text.DMA3_IRQHandler
                0x000018d0        0x8 ./startup/startup_mk64f12.o
                0x000018d0                DMA3_IRQHandler
 .text.DMA4_IRQHandler
                0x000018d8        0x8 ./startup/startup_mk64f12.o
                0x000018d8                DMA4_IRQHandler
 .text.DMA5_IRQHandler
                0x000018e0        0x8 ./startup/startup_mk64f12.o
                0x000018e0                DMA5_IRQHandler
 .text.DMA6_IRQHandler
                0x000018e8        0x8 ./startup/startup_mk64f12.o
                0x000018e8                DMA6_IRQHandler
 .text.DMA7_IRQHandler
                0x000018f0        0x8 ./startup/startup_mk64f12.o
                0x000018f0                DMA7_IRQHandler
 .text.DMA8_IRQHandler
                0x000018f8        0x8 ./startup/startup_mk64f12.o
                0x000018f8                DMA8_IRQHandler
 .text.DMA9_IRQHandler
                0x00001900        0x8 ./startup/startup_mk64f12.o
                0x00001900                DMA9_IRQHandler
 .text.DMA10_IRQHandler
                0x00001908        0x8 ./startup/startup_mk64f12.o
                0x00001908                DMA10_IRQHandler
 .text.DMA11_IRQHandler
                0x00001910        0x8 ./startup/startup_mk64f12.o
                0x00001910                DMA11_IRQHandler
 .text.DMA12_IRQHandler
                0x00001918        0x8 ./startup/startup_mk64f12.o
                0x00001918                DMA12_IRQHandler
 .text.DMA13_IRQHandler
                0x00001920        0x8 ./startup/startup_mk64f12.o
                0x00001920                DMA13_IRQHandler
 .text.DMA14_IRQHandler
                0x00001928        0x8 ./startup/startup_mk64f12.o
                0x00001928                DMA14_IRQHandler
 .text.DMA15_IRQHandler
                0x00001930        0x8 ./startup/startup_mk64f12.o
                0x00001930                DMA15_IRQHandler
 .text.DMA_Error_IRQHandler
                0x00001938        0x8 ./startup/startup_mk64f12.o
                0x00001938                DMA_Error_IRQHandler
 .text.MCM_IRQHandler
                0x00001940        0x8 ./startup/startup_mk64f12.o
                0x00001940                MCM_IRQHandler
 .text.FTFE_IRQHandler
                0x00001948        0x8 ./startup/startup_mk64f12.o
                0x00001948                FTFE_IRQHandler
 .text.Read_Collision_IRQHandler
                0x00001950        0x8 ./startup/startup_mk64f12.o
                0x00001950                Read_Collision_IRQHandler
 .text.LVD_LVW_IRQHandler
                0x00001958        0x8 ./startup/startup_mk64f12.o
                0x00001958                LVD_LVW_IRQHandler
 .text.LLWU_IRQHandler
                0x00001960        0x8 ./startup/startup_mk64f12.o
                0x00001960                LLWU_IRQHandler
 .text.WDOG_EWM_IRQHandler
                0x00001968        0x8 ./startup/startup_mk64f12.o
                0x00001968                WDOG_EWM_IRQHandler
 .text.RNG_IRQHandler
                0x00001970        0x8 ./startup/startup_mk64f12.o
                0x00001970                RNG_IRQHandler
 .text.I2C0_IRQHandler
                0x00001978        0x8 ./startup/startup_mk64f12.o
                0x00001978                I2C0_IRQHandler
 .text.I2C1_IRQHandler
                0x00001980        0x8 ./startup/startup_mk64f12.o
                0x00001980                I2C1_IRQHandler
 .text.SPI0_IRQHandler
                0x00001988        0x8 ./startup/startup_mk64f12.o
                0x00001988                SPI0_IRQHandler
 .text.SPI1_IRQHandler
                0x00001990        0x8 ./startup/startup_mk64f12.o
                0x00001990                SPI1_IRQHandler
 .text.I2S0_Tx_IRQHandler
                0x00001998        0x8 ./startup/startup_mk64f12.o
                0x00001998                I2S0_Tx_IRQHandler
 .text.I2S0_Rx_IRQHandler
                0x000019a0        0x8 ./startup/startup_mk64f12.o
                0x000019a0                I2S0_Rx_IRQHandler
 .text.UART0_LON_IRQHandler
                0x000019a8        0x8 ./startup/startup_mk64f12.o
                0x000019a8                UART0_LON_IRQHandler
 .text.UART0_RX_TX_IRQHandler
                0x000019b0        0x8 ./startup/startup_mk64f12.o
                0x000019b0                UART0_RX_TX_IRQHandler
 .text.UART0_ERR_IRQHandler
                0x000019b8        0x8 ./startup/startup_mk64f12.o
                0x000019b8                UART0_ERR_IRQHandler
 .text.UART1_RX_TX_IRQHandler
                0x000019c0        0x8 ./startup/startup_mk64f12.o
                0x000019c0                UART1_RX_TX_IRQHandler
 .text.UART1_ERR_IRQHandler
                0x000019c8        0x8 ./startup/startup_mk64f12.o
                0x000019c8                UART1_ERR_IRQHandler
 .text.UART2_RX_TX_IRQHandler
                0x000019d0        0x8 ./startup/startup_mk64f12.o
                0x000019d0                UART2_RX_TX_IRQHandler
 .text.UART2_ERR_IRQHandler
                0x000019d8        0x8 ./startup/startup_mk64f12.o
                0x000019d8                UART2_ERR_IRQHandler
 .text.UART3_RX_TX_IRQHandler
                0x000019e0        0x8 ./startup/startup_mk64f12.o
                0x000019e0                UART3_RX_TX_IRQHandler
 .text.UART3_ERR_IRQHandler
                0x000019e8        0x8 ./startup/startup_mk64f12.o
                0x000019e8                UART3_ERR_IRQHandler
 .text.ADC0_IRQHandler
                0x000019f0        0x8 ./startup/startup_mk64f12.o
                0x000019f0                ADC0_IRQHandler
 .text.CMP0_IRQHandler
                0x000019f8        0x8 ./startup/startup_mk64f12.o
                0x000019f8                CMP0_IRQHandler
 .text.CMP1_IRQHandler
                0x00001a00        0x8 ./startup/startup_mk64f12.o
                0x00001a00                CMP1_IRQHandler
 .text.FTM0_IRQHandler
                0x00001a08        0x8 ./startup/startup_mk64f12.o
                0x00001a08                FTM0_IRQHandler
 .text.FTM1_IRQHandler
                0x00001a10        0x8 ./startup/startup_mk64f12.o
                0x00001a10                FTM1_IRQHandler
 .text.FTM2_IRQHandler
                0x00001a18        0x8 ./startup/startup_mk64f12.o
                0x00001a18                FTM2_IRQHandler
 .text.CMT_IRQHandler
                0x00001a20        0x8 ./startup/startup_mk64f12.o
                0x00001a20                CMT_IRQHandler
 .text.RTC_IRQHandler
                0x00001a28        0x8 ./startup/startup_mk64f12.o
                0x00001a28                RTC_IRQHandler
 .text.RTC_Seconds_IRQHandler
                0x00001a30        0x8 ./startup/startup_mk64f12.o
                0x00001a30                RTC_Seconds_IRQHandler
 .text.PIT0_IRQHandler
                0x00001a38        0x8 ./startup/startup_mk64f12.o
                0x00001a38                PIT0_IRQHandler
 .text.PIT1_IRQHandler
                0x00001a40        0x8 ./startup/startup_mk64f12.o
                0x00001a40                PIT1_IRQHandler
 .text.PIT2_IRQHandler
                0x00001a48        0x8 ./startup/startup_mk64f12.o
                0x00001a48                PIT2_IRQHandler
 .text.PIT3_IRQHandler
                0x00001a50        0x8 ./startup/startup_mk64f12.o
                0x00001a50                PIT3_IRQHandler
 .text.PDB0_IRQHandler
                0x00001a58        0x8 ./startup/startup_mk64f12.o
                0x00001a58                PDB0_IRQHandler
 .text.USB0_IRQHandler
                0x00001a60        0x8 ./startup/startup_mk64f12.o
                0x00001a60                USB0_IRQHandler
 .text.USBDCD_IRQHandler
                0x00001a68        0x8 ./startup/startup_mk64f12.o
                0x00001a68                USBDCD_IRQHandler
 .text.Reserved71_IRQHandler
                0x00001a70        0x8 ./startup/startup_mk64f12.o
                0x00001a70                Reserved71_IRQHandler
 .text.DAC0_IRQHandler
                0x00001a78        0x8 ./startup/startup_mk64f12.o
                0x00001a78                DAC0_IRQHandler
 .text.MCG_IRQHandler
                0x00001a80        0x8 ./startup/startup_mk64f12.o
                0x00001a80                MCG_IRQHandler
 .text.LPTMR0_IRQHandler
                0x00001a88        0x8 ./startup/startup_mk64f12.o
                0x00001a88                LPTMR0_IRQHandler
 .text.PORTA_IRQHandler
                0x00001a90        0x8 ./startup/startup_mk64f12.o
                0x00001a90                PORTA_IRQHandler
 .text.PORTD_IRQHandler
                0x00001a98        0x8 ./startup/startup_mk64f12.o
                0x00001a98                PORTD_IRQHandler
 .text.PORTE_IRQHandler
                0x00001aa0        0x8 ./startup/startup_mk64f12.o
                0x00001aa0                PORTE_IRQHandler
 .text.SWI_IRQHandler
                0x00001aa8        0x8 ./startup/startup_mk64f12.o
                0x00001aa8                SWI_IRQHandler
 .text.SPI2_IRQHandler
                0x00001ab0        0x8 ./startup/startup_mk64f12.o
                0x00001ab0                SPI2_IRQHandler
 .text.UART4_RX_TX_IRQHandler
                0x00001ab8        0x8 ./startup/startup_mk64f12.o
                0x00001ab8                UART4_RX_TX_IRQHandler
 .text.UART4_ERR_IRQHandler
                0x00001ac0        0x8 ./startup/startup_mk64f12.o
                0x00001ac0                UART4_ERR_IRQHandler
 .text.UART5_RX_TX_IRQHandler
                0x00001ac8        0x8 ./startup/startup_mk64f12.o
                0x00001ac8                UART5_RX_TX_IRQHandler
 .text.UART5_ERR_IRQHandler
                0x00001ad0        0x8 ./startup/startup_mk64f12.o
                0x00001ad0                UART5_ERR_IRQHandler
 .text.CMP2_IRQHandler
                0x00001ad8        0x8 ./startup/startup_mk64f12.o
                0x00001ad8                CMP2_IRQHandler
 .text.FTM3_IRQHandler
                0x00001ae0        0x8 ./startup/startup_mk64f12.o
                0x00001ae0                FTM3_IRQHandler
 .text.DAC1_IRQHandler
                0x00001ae8        0x8 ./startup/startup_mk64f12.o
                0x00001ae8                DAC1_IRQHandler
 .text.ADC1_IRQHandler
                0x00001af0        0x8 ./startup/startup_mk64f12.o
                0x00001af0                ADC1_IRQHandler
 .text.I2C2_IRQHandler
                0x00001af8        0x8 ./startup/startup_mk64f12.o
                0x00001af8                I2C2_IRQHandler
 .text.CAN0_ORed_Message_buffer_IRQHandler
                0x00001b00        0x8 ./startup/startup_mk64f12.o
                0x00001b00                CAN0_ORed_Message_buffer_IRQHandler
 .text.CAN0_Bus_Off_IRQHandler
                0x00001b08        0x8 ./startup/startup_mk64f12.o
                0x00001b08                CAN0_Bus_Off_IRQHandler
 .text.CAN0_Error_IRQHandler
                0x00001b10        0x8 ./startup/startup_mk64f12.o
                0x00001b10                CAN0_Error_IRQHandler
 .text.CAN0_Tx_Warning_IRQHandler
                0x00001b18        0x8 ./startup/startup_mk64f12.o
                0x00001b18                CAN0_Tx_Warning_IRQHandler
 .text.CAN0_Rx_Warning_IRQHandler
                0x00001b20        0x8 ./startup/startup_mk64f12.o
                0x00001b20                CAN0_Rx_Warning_IRQHandler
 .text.CAN0_Wake_Up_IRQHandler
                0x00001b28        0x8 ./startup/startup_mk64f12.o
                0x00001b28                CAN0_Wake_Up_IRQHandler
 .text.SDHC_IRQHandler
                0x00001b30        0x8 ./startup/startup_mk64f12.o
                0x00001b30                SDHC_IRQHandler
 .text.ENET_1588_Timer_IRQHandler
                0x00001b38        0x8 ./startup/startup_mk64f12.o
                0x00001b38                ENET_1588_Timer_IRQHandler
 .text.ENET_Transmit_IRQHandler
                0x00001b40        0x8 ./startup/startup_mk64f12.o
                0x00001b40                ENET_Transmit_IRQHandler
 .text.ENET_Receive_IRQHandler
                0x00001b48        0x8 ./startup/startup_mk64f12.o
                0x00001b48                ENET_Receive_IRQHandler
 .text.ENET_Error_IRQHandler
                0x00001b50        0x8 ./startup/startup_mk64f12.o
                0x00001b50                ENET_Error_IRQHandler
 .text.init     0x00001b58       0x18 ./source/hardwareInit.o
                0x00001b58                init
 .text.delay_ms
                0x00001b70       0x30 ./source/lcdDriver.o
                0x00001b70                delay_ms
 .text.DSPI_IsMaster
                0x00001ba0       0x22 ./drivers/fsl_dspi.o
 .text.UART0_RX_TX_DriverIRQHandler
                0x00001bc2       0x10 ./drivers/fsl_uart.o
                0x00001bc2                UART0_RX_TX_DriverIRQHandler
 .text.UART1_RX_TX_DriverIRQHandler
                0x00001bd2       0x10 ./drivers/fsl_uart.o
                0x00001bd2                UART1_RX_TX_DriverIRQHandler
 .text.UART2_RX_TX_DriverIRQHandler
                0x00001be2       0x10 ./drivers/fsl_uart.o
                0x00001be2                UART2_RX_TX_DriverIRQHandler
 .text.UART3_RX_TX_DriverIRQHandler
                0x00001bf2       0x10 ./drivers/fsl_uart.o
                0x00001bf2                UART3_RX_TX_DriverIRQHandler
 .text.UART4_RX_TX_DriverIRQHandler
                0x00001c02       0x10 ./drivers/fsl_uart.o
                0x00001c02                UART4_RX_TX_DriverIRQHandler
 .text.UART5_RX_TX_DriverIRQHandler
                0x00001c12       0x10 ./drivers/fsl_uart.o
                0x00001c12                UART5_RX_TX_DriverIRQHandler
 .text.SystemInitHook
                0x00001c22        0xe ./device/system_MK64F12.o
                0x00001c22                SystemInitHook
 .text.__main   0x00001c30        0xe c:/nxp/mcuxpressoide_11.0.1_2563/ide/plugins/com.nxp.mcuxpresso.tools.win32_11.0.1.201907311258/tools/bin/../lib/gcc/arm-none-eabi/8.2.1/../../../../arm-none-eabi/lib/thumb/v7e-m+fp/hard\libcr_semihost_nf.a(_cr__main.o)
                0x00001c30                __CR_SEMIHOST
                0x00001c30                __main
 .text.memset   0x00001c3e        0x4 c:/nxp/mcuxpressoide_11.0.1_2563/ide/plugins/com.nxp.mcuxpresso.tools.win32_11.0.1.201907311258/tools/bin/../lib/gcc/arm-none-eabi/8.2.1/../../../../arm-none-eabi/lib/thumb/v7e-m+fp/hard\libcr_c.a(memset.o)
                0x00001c3e                memset
 .text._deferredlazyseek
                0x00001c42       0x40 c:/nxp/mcuxpressoide_11.0.1_2563/ide/plugins/com.nxp.mcuxpresso.tools.win32_11.0.1.201907311258/tools/bin/../lib/gcc/arm-none-eabi/8.2.1/../../../../arm-none-eabi/lib/thumb/v7e-m+fp/hard\libcr_c.a(_deferredlazyseek.o)
                0x00001c42                _deferredlazyseek
 .text.__flsbuf
                0x00001c82      0x140 c:/nxp/mcuxpressoide_11.0.1_2563/ide/plugins/com.nxp.mcuxpresso.tools.win32_11.0.1.201907311258/tools/bin/../lib/gcc/arm-none-eabi/8.2.1/../../../../arm-none-eabi/lib/thumb/v7e-m+fp/hard\libcr_c.a(_deferredlazyseek.o)
                0x00001c82                __flsbuf
 .text._fflush  0x00001dc2       0x52 c:/nxp/mcuxpressoide_11.0.1_2563/ide/plugins/com.nxp.mcuxpresso.tools.win32_11.0.1.201907311258/tools/bin/../lib/gcc/arm-none-eabi/8.2.1/../../../../arm-none-eabi/lib/thumb/v7e-m+fp/hard\libcr_c.a(_fflush.o)
                0x00001dc2                _fflush
 .text.free     0x00001e14       0x30 c:/nxp/mcuxpressoide_11.0.1_2563/ide/plugins/com.nxp.mcuxpresso.tools.win32_11.0.1.201907311258/tools/bin/../lib/gcc/arm-none-eabi/8.2.1/../../../../arm-none-eabi/lib/thumb/v7e-m+fp/hard\libcr_c.a(alloc.o)
                0x00001e14                free
 .text.fputs    0x00001e44       0x2c c:/nxp/mcuxpressoide_11.0.1_2563/ide/plugins/com.nxp.mcuxpresso.tools.win32_11.0.1.201907311258/tools/bin/../lib/gcc/arm-none-eabi/8.2.1/../../../../arm-none-eabi/lib/thumb/v7e-m+fp/hard\libcr_c.a(fputs.o)
                0x00001e44                fputs
 .text.strlen   0x00001e70       0x4c c:/nxp/mcuxpressoide_11.0.1_2563/ide/plugins/com.nxp.mcuxpresso.tools.win32_11.0.1.201907311258/tools/bin/../lib/gcc/arm-none-eabi/8.2.1/../../../../arm-none-eabi/lib/thumb/v7e-m+fp/hard\libcr_c.a(strlen.o)
                0x00001e70                strlen
 .text._fdopen  0x00001ebc       0x68 c:/nxp/mcuxpressoide_11.0.1_2563/ide/plugins/com.nxp.mcuxpresso.tools.win32_11.0.1.201907311258/tools/bin/../lib/gcc/arm-none-eabi/8.2.1/../../../../arm-none-eabi/lib/thumb/v7e-m+fp/hard\libcr_c.a(_fdopen.o)
                0x00001ebc                _fdopen
 .text.fclose   0x00001f24       0x58 c:/nxp/mcuxpressoide_11.0.1_2563/ide/plugins/com.nxp.mcuxpresso.tools.win32_11.0.1.201907311258/tools/bin/../lib/gcc/arm-none-eabi/8.2.1/../../../../arm-none-eabi/lib/thumb/v7e-m+fp/hard\libcr_c.a(fclose.o)
                0x00001f24                fclose
 .text.remove   0x00001f7c       0x14 c:/nxp/mcuxpressoide_11.0.1_2563/ide/plugins/com.nxp.mcuxpresso.tools.win32_11.0.1.201907311258/tools/bin/../lib/gcc/arm-none-eabi/8.2.1/../../../../arm-none-eabi/lib/thumb/v7e-m+fp/hard\libcr_c.a(remove.o)
                0x00001f7c                remove
 .text._do_fflush
                0x00001f90       0x40 c:/nxp/mcuxpressoide_11.0.1_2563/ide/plugins/com.nxp.mcuxpresso.tools.win32_11.0.1.201907311258/tools/bin/../lib/gcc/arm-none-eabi/8.2.1/../../../../arm-none-eabi/lib/thumb/v7e-m+fp/hard\libcr_c.a(_do_fflush.o)
                0x00001f90                _do_fflush
 .text.__aeabi_d2iz
                0x00001fd0       0x40 c:/nxp/mcuxpressoide_11.0.1_2563/ide/plugins/com.nxp.mcuxpresso.tools.win32_11.0.1.201907311258/tools/bin/../lib/gcc/arm-none-eabi/8.2.1/thumb/v7e-m+fp/hard\libcr_eabihelpers.a(double.o)
                0x00001fd0                __aeabi_d2iz
 .text.__bhs_ui2d
                0x00002010       0x46 c:/nxp/mcuxpressoide_11.0.1_2563/ide/plugins/com.nxp.mcuxpresso.tools.win32_11.0.1.201907311258/tools/bin/../lib/gcc/arm-none-eabi/8.2.1/thumb/v7e-m+fp/hard\libcr_eabihelpers.a(double.o)
                0x00002010                __bhs_ui2d
 .text.__aeabi_i2d
                0x00002056       0x12 c:/nxp/mcuxpressoide_11.0.1_2563/ide/plugins/com.nxp.mcuxpresso.tools.win32_11.0.1.201907311258/tools/bin/../lib/gcc/arm-none-eabi/8.2.1/thumb/v7e-m+fp/hard\libcr_eabihelpers.a(double.o)
                0x00002056                __aeabi_i2d
 .text.__aeabi_memset_lowlevel
                0x00002068       0x32 c:/nxp/mcuxpressoide_11.0.1_2563/ide/plugins/com.nxp.mcuxpresso.tools.win32_11.0.1.201907311258/tools/bin/../lib/gcc/arm-none-eabi/8.2.1/thumb/v7e-m+fp/hard\libcr_eabihelpers.a(memcpy.o)
                0x00002068                __aeabi_lowlevel_memset
 .text.__sys_close
                0x0000209a        0xc c:/nxp/mcuxpressoide_11.0.1_2563/ide/plugins/com.nxp.mcuxpresso.tools.win32_11.0.1.201907311258/tools/bin/../lib/gcc/arm-none-eabi/8.2.1/../../../../arm-none-eabi/lib/thumb/v7e-m+fp/hard\libcr_semihost_nf.a(__sys_close.o)
                0x0000209a                __sys_close
 .text.__sys_flen
                0x000020a6        0xc c:/nxp/mcuxpressoide_11.0.1_2563/ide/plugins/com.nxp.mcuxpresso.tools.win32_11.0.1.201907311258/tools/bin/../lib/gcc/arm-none-eabi/8.2.1/../../../../arm-none-eabi/lib/thumb/v7e-m+fp/hard\libcr_semihost_nf.a(__sys_flen.o)
                0x000020a6                __sys_flen
 .text.__sys_istty
                0x000020b2        0xc c:/nxp/mcuxpressoide_11.0.1_2563/ide/plugins/com.nxp.mcuxpresso.tools.win32_11.0.1.201907311258/tools/bin/../lib/gcc/arm-none-eabi/8.2.1/../../../../arm-none-eabi/lib/thumb/v7e-m+fp/hard\libcr_semihost_nf.a(__sys_istty.o)
                0x000020b2                __sys_istty
 .text.__sys_remove
                0x000020be        0xc c:/nxp/mcuxpressoide_11.0.1_2563/ide/plugins/com.nxp.mcuxpresso.tools.win32_11.0.1.201907311258/tools/bin/../lib/gcc/arm-none-eabi/8.2.1/../../../../arm-none-eabi/lib/thumb/v7e-m+fp/hard\libcr_semihost_nf.a(__sys_remove.o)
                0x000020be                __sys_remove
 .text.__sys_seek
                0x000020ca        0xc c:/nxp/mcuxpressoide_11.0.1_2563/ide/plugins/com.nxp.mcuxpresso.tools.win32_11.0.1.201907311258/tools/bin/../lib/gcc/arm-none-eabi/8.2.1/../../../../arm-none-eabi/lib/thumb/v7e-m+fp/hard\libcr_semihost_nf.a(__sys_seek.o)
                0x000020ca                __sys_seek
 .text.__sys_tmpnam
                0x000020d6        0xc c:/nxp/mcuxpressoide_11.0.1_2563/ide/plugins/com.nxp.mcuxpresso.tools.win32_11.0.1.201907311258/tools/bin/../lib/gcc/arm-none-eabi/8.2.1/../../../../arm-none-eabi/lib/thumb/v7e-m+fp/hard\libcr_semihost_nf.a(__sys_tmpnam.o)
                0x000020d6                __sys_tmpnam
 .text.__sys_write
                0x000020e2        0xc c:/nxp/mcuxpressoide_11.0.1_2563/ide/plugins/com.nxp.mcuxpresso.tools.win32_11.0.1.201907311258/tools/bin/../lib/gcc/arm-none-eabi/8.2.1/../../../../arm-none-eabi/lib/thumb/v7e-m+fp/hard\libcr_semihost_nf.a(__sys_write.o)
                0x000020e2                __sys_write
 *(SORT_BY_ALIGNMENT(.rodata) SORT_BY_ALIGNMENT(.rodata.*) SORT_BY_ALIGNMENT(.constdata) SORT_BY_ALIGNMENT(.constdata.*))
 *fill*         0x000020ee        0x2 ff
 .rodata        0x000020f0      0x625 ./drivers/fsl_dspi.o
 *fill*         0x00002715        0x3 ff
 .rodata.__num_Ciob_streams
                0x00002718        0x4 c:/nxp/mcuxpressoide_11.0.1_2563/ide/plugins/com.nxp.mcuxpresso.tools.win32_11.0.1.201907311258/tools/bin/../lib/gcc/arm-none-eabi/8.2.1/../../../../arm-none-eabi/lib/thumb/v7e-m+fp/hard\libcr_semihost_nf.a(__ciob.o)
                0x00002718                __num_Ciob_streams
 .rodata.__assertion_failed.str1.1
                0x0000271c       0x15 c:/nxp/mcuxpressoide_11.0.1_2563/ide/plugins/com.nxp.mcuxpresso.tools.win32_11.0.1.201907311258/tools/bin/../lib/gcc/arm-none-eabi/8.2.1/../../../../arm-none-eabi/lib/thumb/v7e-m+fp/hard\libcr_semihost_nf.a(_cr_assert.o)
 .rodata._Csys_alloc.str1.1
                0x00002731       0x18 c:/nxp/mcuxpressoide_11.0.1_2563/ide/plugins/com.nxp.mcuxpresso.tools.win32_11.0.1.201907311258/tools/bin/../lib/gcc/arm-none-eabi/8.2.1/../../../../arm-none-eabi/lib/thumb/v7e-m+fp/hard\libcr_c.a(alloc.o)
 .rodata._initio.str1.1
                0x00002749        0x4 c:/nxp/mcuxpressoide_11.0.1_2563/ide/plugins/com.nxp.mcuxpresso.tools.win32_11.0.1.201907311258/tools/bin/../lib/gcc/arm-none-eabi/8.2.1/../../../../arm-none-eabi/lib/thumb/v7e-m+fp/hard\libcr_c.a(initio.o)
                0x00002750                . = ALIGN (0x8)
 *fill*         0x0000274d        0x3 ff

.glue_7         0x00002750        0x0
 .glue_7        0x00002750        0x0 linker stubs

.glue_7t        0x00002750        0x0
 .glue_7t       0x00002750        0x0 linker stubs

.vfp11_veneer   0x00002750        0x0
 .vfp11_veneer  0x00002750        0x0 linker stubs

.v4_bx          0x00002750        0x0
 .v4_bx         0x00002750        0x0 linker stubs

.iplt           0x00002750        0x0
 .iplt          0x00002750        0x0 ./startup/startup_mk64f12.o

.rel.dyn        0x00002750        0x0
 .rel.iplt      0x00002750        0x0 ./startup/startup_mk64f12.o

.ARM.extab
 *(SORT_BY_ALIGNMENT(.ARM.extab*) SORT_BY_ALIGNMENT(.gnu.linkonce.armextab.*))
                0x00002750                __exidx_start = .

.ARM.exidx
 *(SORT_BY_ALIGNMENT(.ARM.exidx*) SORT_BY_ALIGNMENT(.gnu.linkonce.armexidx.*))
                0x00002750                __exidx_end = .
                0x00002750                _etext = .

.m_usb_data
 *(SORT_BY_ALIGNMENT(m_usb_bdt))

.data_RAM2      0x1fff0000        0x0 load address 0x00002750
 FILL mask 0xff
                [!provide]                PROVIDE (__start_data_RAM2 = .)
 *(SORT_BY_ALIGNMENT(.ramfunc.$RAM2))
 *(SORT_BY_ALIGNMENT(.ramfunc.$SRAM_LOWER))
 *(SORT_BY_ALIGNMENT(.data.$RAM2))
 *(SORT_BY_ALIGNMENT(.data.$SRAM_LOWER))
 *(SORT_BY_ALIGNMENT(.data.$RAM2.*))
 *(SORT_BY_ALIGNMENT(.data.$SRAM_LOWER.*))
                0x1fff0000                . = ALIGN (0x8)
                [!provide]                PROVIDE (__end_data_RAM2 = .)

.data_RAM3      0x14000000        0x0 load address 0x00002750
 FILL mask 0xff
                [!provide]                PROVIDE (__start_data_RAM3 = .)
 *(SORT_BY_ALIGNMENT(.ramfunc.$RAM3))
 *(SORT_BY_ALIGNMENT(.ramfunc.$FLEX_RAM))
 *(SORT_BY_ALIGNMENT(.data.$RAM3))
 *(SORT_BY_ALIGNMENT(.data.$FLEX_RAM))
 *(SORT_BY_ALIGNMENT(.data.$RAM3.*))
 *(SORT_BY_ALIGNMENT(.data.$FLEX_RAM.*))
                0x14000000                . = ALIGN (0x8)
                [!provide]                PROVIDE (__end_data_RAM3 = .)

.uninit_RESERVED
                0x20000000        0x0
                0x20000000                . = ALIGN (0x8)
 *(SORT_BY_ALIGNMENT(.bss.$RESERVED*))
                0x20000000                . = ALIGN (0x8)
                0x20000000                _end_uninit_RESERVED = .

.data           0x20000000        0x0 load address 0x00002750
 FILL mask 0xff
                0x20000000                _data = .
 *(SORT_BY_ALIGNMENT(vtable))
 *(SORT_BY_ALIGNMENT(.ramfunc*))
 *(SORT_BY_ALIGNMENT(CodeQuickAccess))
 *(SORT_BY_ALIGNMENT(DataQuickAccess))
 *(SORT_BY_ALIGNMENT(RamFunction))
 *(SORT_BY_ALIGNMENT(.data*))
                0x20000000                . = ALIGN (0x8)
                0x20000000                _edata = .

.igot.plt       0x20000000        0x0 load address 0x00002750
 .igot.plt      0x20000000        0x0 ./startup/startup_mk64f12.o

.bss_RAM2       0x1fff0000        0x0
                0x1fff0000                . = ALIGN (0x8)
                [!provide]                PROVIDE (__start_bss_RAM2 = .)
 *(SORT_BY_ALIGNMENT(.bss.$RAM2))
 *(SORT_BY_ALIGNMENT(.bss.$SRAM_LOWER))
 *(SORT_BY_ALIGNMENT(.bss.$RAM2.*))
 *(SORT_BY_ALIGNMENT(.bss.$SRAM_LOWER.*))
                0x1fff0000                . = ALIGN ((. != 0x0)?0x8:0x1)
                [!provide]                PROVIDE (__end_bss_RAM2 = .)

.bss_RAM3       0x14000000        0x0
                0x14000000                . = ALIGN (0x8)
                [!provide]                PROVIDE (__start_bss_RAM3 = .)
 *(SORT_BY_ALIGNMENT(.bss.$RAM3))
 *(SORT_BY_ALIGNMENT(.bss.$FLEX_RAM))
 *(SORT_BY_ALIGNMENT(.bss.$RAM3.*))
 *(SORT_BY_ALIGNMENT(.bss.$FLEX_RAM.*))
                0x14000000                . = ALIGN ((. != 0x0)?0x8:0x1)
                [!provide]                PROVIDE (__end_bss_RAM3 = .)

.bss            0x20000000      0x328
                0x20000000                . = ALIGN (0x8)
                0x20000000                _bss = .
 *(SORT_BY_ALIGNMENT(.bss*))
 .bss.hour_time
                0x20000000        0x4 ./source/inputControl.o
                0x20000000                hour_time
 .bss.min_time  0x20000004        0x4 ./source/inputControl.o
                0x20000004                min_time
 .bss.sec_time  0x20000008        0x4 ./source/inputControl.o
                0x20000008                sec_time
 .bss.hour_alarm
                0x2000000c        0x4 ./source/inputControl.o
                0x2000000c                hour_alarm
 .bss.min_alarm
                0x20000010        0x4 ./source/inputControl.o
                0x20000010                min_alarm
 .bss.sec_alarm
                0x20000014        0x4 ./source/inputControl.o
                0x20000014                sec_alarm
 .bss.buffer    0x20000018      0x200 ./source/lcdDriver.o
                0x20000018                buffer
 .bss.alarmOnOff
                0x20000218        0x4 ./source/main.o
                0x20000218                alarmOnOff
 .bss.g_dspiHandle
                0x2000021c        0xc ./drivers/fsl_dspi.o
 .bss.s_dspiMasterIsr
                0x20000228        0x4 ./drivers/fsl_dspi.o
 .bss.s_dspiSlaveIsr
                0x2000022c        0x4 ./drivers/fsl_dspi.o
 .bss.s_i2cHandle
                0x20000230        0xc ./drivers/fsl_i2c.o
 .bss.s_i2cMasterIsr
                0x2000023c        0x4 ./drivers/fsl_i2c.o
 .bss.s_i2cSlaveIsr
                0x20000240        0x4 ./drivers/fsl_i2c.o
 .bss.s_uartHandle
                0x20000244       0x18 ./drivers/fsl_uart.o
 .bss.s_uartIsr
                0x2000025c        0x4 ./drivers/fsl_uart.o
 .bss.__Ciob    0x20000260       0xb4 c:/nxp/mcuxpressoide_11.0.1_2563/ide/plugins/com.nxp.mcuxpresso.tools.win32_11.0.1.201907311258/tools/bin/../lib/gcc/arm-none-eabi/8.2.1/../../../../arm-none-eabi/lib/thumb/v7e-m+fp/hard\libcr_semihost_nf.a(__ciob.o)
                0x20000260                __Ciob
 .bss.__end_of_heap
                0x20000314        0x4 c:/nxp/mcuxpressoide_11.0.1_2563/ide/plugins/com.nxp.mcuxpresso.tools.win32_11.0.1.201907311258/tools/bin/../lib/gcc/arm-none-eabi/8.2.1/../../../../arm-none-eabi/lib/thumb/v7e-m+fp/hard\libcr_c.a(__init_alloc.o)
                0x20000314                __end_of_heap
 .bss.__heaps   0x20000318        0x4 c:/nxp/mcuxpressoide_11.0.1_2563/ide/plugins/com.nxp.mcuxpresso.tools.win32_11.0.1.201907311258/tools/bin/../lib/gcc/arm-none-eabi/8.2.1/../../../../arm-none-eabi/lib/thumb/v7e-m+fp/hard\libcr_c.a(__init_alloc.o)
                0x20000318                __heaps
 .bss.errno     0x2000031c        0x4 c:/nxp/mcuxpressoide_11.0.1_2563/ide/plugins/com.nxp.mcuxpresso.tools.win32_11.0.1.201907311258/tools/bin/../lib/gcc/arm-none-eabi/8.2.1/../../../../arm-none-eabi/lib/thumb/v7e-m+fp/hard\libcr_c.a(errno.o)
                0x2000031c                errno
 .bss.tune      0x20000320        0x1 ./source/inputControl.o
                0x20000320                tune
 .bss.timePart  0x20000321        0x1 ./source/inputControl.o
                0x20000321                timePart
 .bss.selectState
                0x20000322        0x1 ./source/inputControl.o
                0x20000322                selectState
 .bss.alarmPart
                0x20000323        0x1 ./source/inputControl.o
                0x20000323                alarmPart
 .bss.state     0x20000324        0x1 ./source/main.o
                0x20000324                state
 *(SORT_BY_ALIGNMENT(COMMON))
                0x20000328                . = ALIGN (0x8)
 *fill*         0x20000325        0x3 
                0x20000328                _ebss = .
                [!provide]                PROVIDE (end = .)

.noinit_RAM2    0x1fff0000        0x0
                0x1fff0000                . = ALIGN (0x8)
 *(SORT_BY_ALIGNMENT(.noinit.$RAM2))
 *(SORT_BY_ALIGNMENT(.noinit.$SRAM_LOWER))
 *(SORT_BY_ALIGNMENT(.noinit.$RAM2.*))
 *(SORT_BY_ALIGNMENT(.noinit.$SRAM_LOWER.*))
                0x1fff0000                . = ALIGN (0x8)

.noinit_RAM3    0x14000000        0x0
                0x14000000                . = ALIGN (0x8)
 *(SORT_BY_ALIGNMENT(.noinit.$RAM3))
 *(SORT_BY_ALIGNMENT(.noinit.$FLEX_RAM))
 *(SORT_BY_ALIGNMENT(.noinit.$RAM3.*))
 *(SORT_BY_ALIGNMENT(.noinit.$FLEX_RAM.*))
                0x14000000                . = ALIGN (0x8)

.noinit         0x20000328        0x0
                0x20000328                . = ALIGN (0x8)
                0x20000328                _noinit = .
 *(SORT_BY_ALIGNMENT(.noinit*))
                0x20000328                . = ALIGN (0x8)
                0x20000328                _end_noinit = .
                0x00001000                _HeapSize = 0x1000

.heap           0x20000328     0x1000
                0x20000328                _pvHeapStart = .
                0x20001328                . = (. + _HeapSize)
 *fill*         0x20000328     0x1000 
                0x20001328                . = ALIGN (0x8)
                0x20001328                _pvHeapLimit = .
                0x00001000                _StackSize = 0x1000

.heap2stackfill
                0x20001328     0x1000
                0x20002328                . = (. + _StackSize)
 *fill*         0x20001328     0x1000 

.stack          0x2002f000        0x0
                0x2002f000                _vStackBase = .
                0x2002f000                . = ALIGN (0x8)
                0x20030000                _vStackTop = (. + _StackSize)
                0x00000000                _image_start = LOADADDR (.text)
                0x00002750                _image_end = (LOADADDR (.data) + SIZEOF (.data))
                0x00002750                _image_size = (_image_end - _image_start)
OUTPUT(wekker.axf elf32-littlearm)

.debug_info     0x00000000     0x9a67
 .debug_info    0x00000000      0x92e ./startup/startup_mk64f12.o
 .debug_info    0x0000092e      0x8d6 ./source/buttonDriver.o
 .debug_info    0x00001204      0x1a8 ./source/hardwareInit.o
 .debug_info    0x000013ac      0x612 ./source/inputControl.o
 .debug_info    0x000019be      0x8d6 ./source/joystickDriver.o
 .debug_info    0x00002294      0x750 ./source/lcdDriver.o
 .debug_info    0x000029e4      0x2da ./source/main.o
 .debug_info    0x00002cbe      0x706 ./source/speakerDriver.o
 .debug_info    0x000033c4     0x2593 ./drivers/fsl_dspi.o
 .debug_info    0x00005957     0x1ede ./drivers/fsl_i2c.o
 .debug_info    0x00007835     0x1ba2 ./drivers/fsl_uart.o
 .debug_info    0x000093d7      0x690 ./device/system_MK64F12.o

.debug_abbrev   0x00000000     0x17e1
 .debug_abbrev  0x00000000      0x17a ./startup/startup_mk64f12.o
 .debug_abbrev  0x0000017a      0x19d ./source/buttonDriver.o
 .debug_abbrev  0x00000317       0xc5 ./source/hardwareInit.o
 .debug_abbrev  0x000003dc      0x1cd ./source/inputControl.o
 .debug_abbrev  0x000005a9      0x19d ./source/joystickDriver.o
 .debug_abbrev  0x00000746      0x213 ./source/lcdDriver.o
 .debug_abbrev  0x00000959      0x146 ./source/main.o
 .debug_abbrev  0x00000a9f      0x181 ./source/speakerDriver.o
 .debug_abbrev  0x00000c20      0x38a ./drivers/fsl_dspi.o
 .debug_abbrev  0x00000faa      0x382 ./drivers/fsl_i2c.o
 .debug_abbrev  0x0000132c      0x345 ./drivers/fsl_uart.o
 .debug_abbrev  0x00001671      0x170 ./device/system_MK64F12.o

.debug_aranges  0x00000000      0xa00
 .debug_aranges
                0x00000000      0x330 ./startup/startup_mk64f12.o
 .debug_aranges
                0x00000330       0x28 ./source/buttonDriver.o
 .debug_aranges
                0x00000358       0x20 ./source/hardwareInit.o
 .debug_aranges
                0x00000378       0x90 ./source/inputControl.o
 .debug_aranges
                0x00000408       0x28 ./source/joystickDriver.o
 .debug_aranges
                0x00000430       0x68 ./source/lcdDriver.o
 .debug_aranges
                0x00000498       0x40 ./source/main.o
 .debug_aranges
                0x000004d8       0x30 ./source/speakerDriver.o
 .debug_aranges
                0x00000508      0x1d8 ./drivers/fsl_dspi.o
 .debug_aranges
                0x000006e0      0x180 ./drivers/fsl_i2c.o
 .debug_aranges
                0x00000860      0x170 ./drivers/fsl_uart.o
 .debug_aranges
                0x000009d0       0x30 ./device/system_MK64F12.o

.debug_ranges   0x00000000      0x940
 .debug_ranges  0x00000000      0x320 ./startup/startup_mk64f12.o
 .debug_ranges  0x00000320       0x18 ./source/buttonDriver.o
 .debug_ranges  0x00000338       0x10 ./source/hardwareInit.o
 .debug_ranges  0x00000348       0x80 ./source/inputControl.o
 .debug_ranges  0x000003c8       0x18 ./source/joystickDriver.o
 .debug_ranges  0x000003e0       0x58 ./source/lcdDriver.o
 .debug_ranges  0x00000438       0x30 ./source/main.o
 .debug_ranges  0x00000468       0x20 ./source/speakerDriver.o
 .debug_ranges  0x00000488      0x1c8 ./drivers/fsl_dspi.o
 .debug_ranges  0x00000650      0x170 ./drivers/fsl_i2c.o
 .debug_ranges  0x000007c0      0x160 ./drivers/fsl_uart.o
 .debug_ranges  0x00000920       0x20 ./device/system_MK64F12.o

.debug_macro    0x00000000      0xb34
 .debug_macro   0x00000000       0x29 ./startup/startup_mk64f12.o
 .debug_macro   0x00000029       0xac ./source/buttonDriver.o
 .debug_macro   0x000000d5       0x10 ./source/buttonDriver.o
 .debug_macro   0x000000e5       0xd8 ./source/buttonDriver.o
 .debug_macro   0x000001bd       0x6a ./source/hardwareInit.o
 .debug_macro   0x00000227       0xa0 ./source/hardwareInit.o
 .debug_macro   0x000002c7       0x4c ./source/hardwareInit.o
 .debug_macro   0x00000313       0x34 ./source/hardwareInit.o
 .debug_macro   0x00000347       0x2e ./source/hardwareInit.o
 .debug_macro   0x00000375       0xbf ./source/inputControl.o
 .debug_macro   0x00000434       0xab ./source/joystickDriver.o
 .debug_macro   0x000004df       0xb5 ./source/lcdDriver.o
 .debug_macro   0x00000594       0x22 ./source/lcdDriver.o
 .debug_macro   0x000005b6       0xd4 ./source/main.o
 .debug_macro   0x0000068a       0xac ./source/speakerDriver.o
 .debug_macro   0x00000736      0x103 ./drivers/fsl_dspi.o
 .debug_macro   0x00000839       0x3a ./drivers/fsl_dspi.o
 .debug_macro   0x00000873      0x103 ./drivers/fsl_i2c.o
 .debug_macro   0x00000976       0x1c ./drivers/fsl_i2c.o
 .debug_macro   0x00000992      0x10a ./drivers/fsl_uart.o
 .debug_macro   0x00000a9c       0x98 ./device/system_MK64F12.o

.debug_line     0x00000000     0x6069
 .debug_line    0x00000000      0x90e ./startup/startup_mk64f12.o
 .debug_line    0x0000090e      0x265 ./source/buttonDriver.o
 .debug_line    0x00000b73      0x1d9 ./source/hardwareInit.o
 .debug_line    0x00000d4c      0x73f ./source/inputControl.o
 .debug_line    0x0000148b      0x28f ./source/joystickDriver.o
 .debug_line    0x0000171a      0x47f ./source/lcdDriver.o
 .debug_line    0x00001b99      0x2c6 ./source/main.o
 .debug_line    0x00001e5f      0x296 ./source/speakerDriver.o
 .debug_line    0x000020f5     0x1727 ./drivers/fsl_dspi.o
 .debug_line    0x0000381c     0x136d ./drivers/fsl_i2c.o
 .debug_line    0x00004b89     0x1138 ./drivers/fsl_uart.o
 .debug_line    0x00005cc1      0x3a8 ./device/system_MK64F12.o

.debug_str      0x00000000    0x7e1b6
 .debug_str     0x00000000     0x36af ./startup/startup_mk64f12.o
                               0x3707 (size before relaxing)
 .debug_str     0x000036af    0x6ecd0 ./source/buttonDriver.o
                              0x71c1f (size before relaxing)
 .debug_str     0x0007237f      0x1f5 ./source/hardwareInit.o
                               0x398a (size before relaxing)
 .debug_str     0x00072574      0x1d6 ./source/inputControl.o
                              0x71825 (size before relaxing)
 .debug_str     0x0007274a       0x28 ./source/joystickDriver.o
                              0x71c6b (size before relaxing)
 .debug_str     0x00072772      0x106 ./source/lcdDriver.o
                              0x717b7 (size before relaxing)
 .debug_str     0x00072878       0xb7 ./source/main.o
                              0x7164d (size before relaxing)
 .debug_str     0x0007292f       0xd3 ./source/speakerDriver.o
                              0x7181d (size before relaxing)
 .debug_str     0x00072a02     0x9c26 ./drivers/fsl_dspi.o
                              0x7b4a2 (size before relaxing)
 .debug_str     0x0007c628      0xca2 ./drivers/fsl_i2c.o
                              0x7ad3c (size before relaxing)
 .debug_str     0x0007d2ca      0xdc6 ./drivers/fsl_uart.o
                              0x7ae49 (size before relaxing)
 .debug_str     0x0007e090      0x126 ./device/system_MK64F12.o
                              0x7811c (size before relaxing)

.comment        0x00000000       0x75
 .comment       0x00000000       0x75 ./startup/startup_mk64f12.o
                                 0x76 (size before relaxing)
 .comment       0x00000075       0x76 ./source/buttonDriver.o
 .comment       0x00000075       0x76 ./source/hardwareInit.o
 .comment       0x00000075       0x76 ./source/inputControl.o
 .comment       0x00000075       0x76 ./source/joystickDriver.o
 .comment       0x00000075       0x76 ./source/lcdDriver.o
 .comment       0x00000075       0x76 ./source/main.o
 .comment       0x00000075       0x76 ./source/speakerDriver.o
 .comment       0x00000075       0x76 ./drivers/fsl_dspi.o
 .comment       0x00000075       0x76 ./drivers/fsl_i2c.o
 .comment       0x00000075       0x76 ./drivers/fsl_uart.o
 .comment       0x00000075       0x76 ./device/system_MK64F12.o
 .comment       0x00000075       0x76 c:/nxp/mcuxpressoide_11.0.1_2563/ide/plugins/com.nxp.mcuxpresso.tools.win32_11.0.1.201907311258/tools/bin/../lib/gcc/arm-none-eabi/8.2.1/../../../../arm-none-eabi/lib/thumb/v7e-m+fp/hard\libcr_semihost_nf.a(_cr__main.o)
 .comment       0x00000075       0x76 c:/nxp/mcuxpressoide_11.0.1_2563/ide/plugins/com.nxp.mcuxpresso.tools.win32_11.0.1.201907311258/tools/bin/../lib/gcc/arm-none-eabi/8.2.1/../../../../arm-none-eabi/lib/thumb/v7e-m+fp/hard\libcr_semihost_nf.a(_cr_assert.o)
 .comment       0x00000075       0x76 c:/nxp/mcuxpressoide_11.0.1_2563/ide/plugins/com.nxp.mcuxpresso.tools.win32_11.0.1.201907311258/tools/bin/../lib/gcc/arm-none-eabi/8.2.1/../../../../arm-none-eabi/lib/thumb/v7e-m+fp/hard\libcr_semihost_nf.a(__ciob.o)
 .comment       0x00000075       0x76 c:/nxp/mcuxpressoide_11.0.1_2563/ide/plugins/com.nxp.mcuxpresso.tools.win32_11.0.1.201907311258/tools/bin/../lib/gcc/arm-none-eabi/8.2.1/../../../../arm-none-eabi/lib/thumb/v7e-m+fp/hard\libcr_c.a(memset.o)
 .comment       0x00000075       0x76 c:/nxp/mcuxpressoide_11.0.1_2563/ide/plugins/com.nxp.mcuxpresso.tools.win32_11.0.1.201907311258/tools/bin/../lib/gcc/arm-none-eabi/8.2.1/../../../../arm-none-eabi/lib/thumb/v7e-m+fp/hard\libcr_c.a(_deferredlazyseek.o)
 .comment       0x00000075       0x76 c:/nxp/mcuxpressoide_11.0.1_2563/ide/plugins/com.nxp.mcuxpresso.tools.win32_11.0.1.201907311258/tools/bin/../lib/gcc/arm-none-eabi/8.2.1/../../../../arm-none-eabi/lib/thumb/v7e-m+fp/hard\libcr_c.a(_fflush.o)
 .comment       0x00000075       0x76 c:/nxp/mcuxpressoide_11.0.1_2563/ide/plugins/com.nxp.mcuxpresso.tools.win32_11.0.1.201907311258/tools/bin/../lib/gcc/arm-none-eabi/8.2.1/../../../../arm-none-eabi/lib/thumb/v7e-m+fp/hard\libcr_c.a(_writebuf.o)
 .comment       0x00000075       0x76 c:/nxp/mcuxpressoide_11.0.1_2563/ide/plugins/com.nxp.mcuxpresso.tools.win32_11.0.1.201907311258/tools/bin/../lib/gcc/arm-none-eabi/8.2.1/../../../../arm-none-eabi/lib/thumb/v7e-m+fp/hard\libcr_c.a(alloc.o)
 .comment       0x00000075       0x76 c:/nxp/mcuxpressoide_11.0.1_2563/ide/plugins/com.nxp.mcuxpresso.tools.win32_11.0.1.201907311258/tools/bin/../lib/gcc/arm-none-eabi/8.2.1/../../../../arm-none-eabi/lib/thumb/v7e-m+fp/hard\libcr_c.a(fputs.o)
 .comment       0x00000075       0x76 c:/nxp/mcuxpressoide_11.0.1_2563/ide/plugins/com.nxp.mcuxpresso.tools.win32_11.0.1.201907311258/tools/bin/../lib/gcc/arm-none-eabi/8.2.1/../../../../arm-none-eabi/lib/thumb/v7e-m+fp/hard\libcr_c.a(fseek.o)
 .comment       0x00000075       0x76 c:/nxp/mcuxpressoide_11.0.1_2563/ide/plugins/com.nxp.mcuxpresso.tools.win32_11.0.1.201907311258/tools/bin/../lib/gcc/arm-none-eabi/8.2.1/../../../../arm-none-eabi/lib/thumb/v7e-m+fp/hard\libcr_c.a(ftell.o)
 .comment       0x00000075       0x76 c:/nxp/mcuxpressoide_11.0.1_2563/ide/plugins/com.nxp.mcuxpresso.tools.win32_11.0.1.201907311258/tools/bin/../lib/gcc/arm-none-eabi/8.2.1/../../../../arm-none-eabi/lib/thumb/v7e-m+fp/hard\libcr_c.a(initio.o)
 .comment       0x00000075       0x76 c:/nxp/mcuxpressoide_11.0.1_2563/ide/plugins/com.nxp.mcuxpresso.tools.win32_11.0.1.201907311258/tools/bin/../lib/gcc/arm-none-eabi/8.2.1/../../../../arm-none-eabi/lib/thumb/v7e-m+fp/hard\libcr_c.a(setvbuf.o)
 .comment       0x00000075       0x76 c:/nxp/mcuxpressoide_11.0.1_2563/ide/plugins/com.nxp.mcuxpresso.tools.win32_11.0.1.201907311258/tools/bin/../lib/gcc/arm-none-eabi/8.2.1/../../../../arm-none-eabi/lib/thumb/v7e-m+fp/hard\libcr_c.a(strlen.o)
 .comment       0x00000075       0x76 c:/nxp/mcuxpressoide_11.0.1_2563/ide/plugins/com.nxp.mcuxpresso.tools.win32_11.0.1.201907311258/tools/bin/../lib/gcc/arm-none-eabi/8.2.1/../../../../arm-none-eabi/lib/thumb/v7e-m+fp/hard\libcr_c.a(__init_alloc.o)
 .comment       0x00000075       0x76 c:/nxp/mcuxpressoide_11.0.1_2563/ide/plugins/com.nxp.mcuxpresso.tools.win32_11.0.1.201907311258/tools/bin/../lib/gcc/arm-none-eabi/8.2.1/../../../../arm-none-eabi/lib/thumb/v7e-m+fp/hard\libcr_c.a(_cr_sbrk.o)
 .comment       0x00000075       0x76 c:/nxp/mcuxpressoide_11.0.1_2563/ide/plugins/com.nxp.mcuxpresso.tools.win32_11.0.1.201907311258/tools/bin/../lib/gcc/arm-none-eabi/8.2.1/../../../../arm-none-eabi/lib/thumb/v7e-m+fp/hard\libcr_c.a(_fdopen.o)
 .comment       0x00000075       0x76 c:/nxp/mcuxpressoide_11.0.1_2563/ide/plugins/com.nxp.mcuxpresso.tools.win32_11.0.1.201907311258/tools/bin/../lib/gcc/arm-none-eabi/8.2.1/../../../../arm-none-eabi/lib/thumb/v7e-m+fp/hard\libcr_c.a(errno.o)
 .comment       0x00000075       0x76 c:/nxp/mcuxpressoide_11.0.1_2563/ide/plugins/com.nxp.mcuxpresso.tools.win32_11.0.1.201907311258/tools/bin/../lib/gcc/arm-none-eabi/8.2.1/../../../../arm-none-eabi/lib/thumb/v7e-m+fp/hard\libcr_c.a(fclose.o)
 .comment       0x00000075       0x76 c:/nxp/mcuxpressoide_11.0.1_2563/ide/plugins/com.nxp.mcuxpresso.tools.win32_11.0.1.201907311258/tools/bin/../lib/gcc/arm-none-eabi/8.2.1/../../../../arm-none-eabi/lib/thumb/v7e-m+fp/hard\libcr_c.a(fflush.o)
 .comment       0x00000075       0x76 c:/nxp/mcuxpressoide_11.0.1_2563/ide/plugins/com.nxp.mcuxpresso.tools.win32_11.0.1.201907311258/tools/bin/../lib/gcc/arm-none-eabi/8.2.1/../../../../arm-none-eabi/lib/thumb/v7e-m+fp/hard\libcr_c.a(remove.o)
 .comment       0x00000075       0x76 c:/nxp/mcuxpressoide_11.0.1_2563/ide/plugins/com.nxp.mcuxpresso.tools.win32_11.0.1.201907311258/tools/bin/../lib/gcc/arm-none-eabi/8.2.1/../../../../arm-none-eabi/lib/thumb/v7e-m+fp/hard\libcr_c.a(_cr_check_heap.o)
 .comment       0x00000075       0x76 c:/nxp/mcuxpressoide_11.0.1_2563/ide/plugins/com.nxp.mcuxpresso.tools.win32_11.0.1.201907311258/tools/bin/../lib/gcc/arm-none-eabi/8.2.1/../../../../arm-none-eabi/lib/thumb/v7e-m+fp/hard\libcr_c.a(_do_fflush.o)
 .comment       0x00000075       0x76 c:/nxp/mcuxpressoide_11.0.1_2563/ide/plugins/com.nxp.mcuxpresso.tools.win32_11.0.1.201907311258/tools/bin/../lib/gcc/arm-none-eabi/8.2.1/thumb/v7e-m+fp/hard\libcr_eabihelpers.a(double.o)

.ARM.attributes
                0x00000000       0x32
 .ARM.attributes
                0x00000000       0x34 ./startup/startup_mk64f12.o
 .ARM.attributes
                0x00000034       0x34 ./source/buttonDriver.o
 .ARM.attributes
                0x00000068       0x34 ./source/hardwareInit.o
 .ARM.attributes
                0x0000009c       0x34 ./source/inputControl.o
 .ARM.attributes
                0x000000d0       0x34 ./source/joystickDriver.o
 .ARM.attributes
                0x00000104       0x34 ./source/lcdDriver.o
 .ARM.attributes
                0x00000138       0x34 ./source/main.o
 .ARM.attributes
                0x0000016c       0x34 ./source/speakerDriver.o
 .ARM.attributes
                0x000001a0       0x34 ./drivers/fsl_dspi.o
 .ARM.attributes
                0x000001d4       0x34 ./drivers/fsl_i2c.o
 .ARM.attributes
                0x00000208       0x34 ./drivers/fsl_uart.o
 .ARM.attributes
                0x0000023c       0x34 ./device/system_MK64F12.o
 .ARM.attributes
                0x00000270       0x34 c:/nxp/mcuxpressoide_11.0.1_2563/ide/plugins/com.nxp.mcuxpresso.tools.win32_11.0.1.201907311258/tools/bin/../lib/gcc/arm-none-eabi/8.2.1/../../../../arm-none-eabi/lib/thumb/v7e-m+fp/hard\libcr_semihost_nf.a(_cr__main.o)
 .ARM.attributes
                0x000002a4       0x34 c:/nxp/mcuxpressoide_11.0.1_2563/ide/plugins/com.nxp.mcuxpresso.tools.win32_11.0.1.201907311258/tools/bin/../lib/gcc/arm-none-eabi/8.2.1/../../../../arm-none-eabi/lib/thumb/v7e-m+fp/hard\libcr_semihost_nf.a(_cr_assert.o)
 .ARM.attributes
                0x000002d8       0x39 c:/nxp/mcuxpressoide_11.0.1_2563/ide/plugins/com.nxp.mcuxpresso.tools.win32_11.0.1.201907311258/tools/bin/../lib/gcc/arm-none-eabi/8.2.1/../../../../arm-none-eabi/lib/thumb/v7e-m+fp/hard\libcr_semihost_nf.a(__ciob.o)
 .ARM.attributes
                0x00000311       0x20 c:/nxp/mcuxpressoide_11.0.1_2563/ide/plugins/com.nxp.mcuxpresso.tools.win32_11.0.1.201907311258/tools/bin/../lib/gcc/arm-none-eabi/8.2.1/../../../../arm-none-eabi/lib/thumb/v7e-m+fp/hard\libcr_semihost_nf.a(__sys_appexit.o)
 .ARM.attributes
                0x00000331       0x34 c:/nxp/mcuxpressoide_11.0.1_2563/ide/plugins/com.nxp.mcuxpresso.tools.win32_11.0.1.201907311258/tools/bin/../lib/gcc/arm-none-eabi/8.2.1/../../../../arm-none-eabi/lib/thumb/v7e-m+fp/hard\libcr_c.a(memset.o)
 .ARM.attributes
                0x00000365       0x34 c:/nxp/mcuxpressoide_11.0.1_2563/ide/plugins/com.nxp.mcuxpresso.tools.win32_11.0.1.201907311258/tools/bin/../lib/gcc/arm-none-eabi/8.2.1/../../../../arm-none-eabi/lib/thumb/v7e-m+fp/hard\libcr_c.a(_deferredlazyseek.o)
 .ARM.attributes
                0x00000399       0x34 c:/nxp/mcuxpressoide_11.0.1_2563/ide/plugins/com.nxp.mcuxpresso.tools.win32_11.0.1.201907311258/tools/bin/../lib/gcc/arm-none-eabi/8.2.1/../../../../arm-none-eabi/lib/thumb/v7e-m+fp/hard\libcr_c.a(_fflush.o)
 .ARM.attributes
                0x000003cd       0x34 c:/nxp/mcuxpressoide_11.0.1_2563/ide/plugins/com.nxp.mcuxpresso.tools.win32_11.0.1.201907311258/tools/bin/../lib/gcc/arm-none-eabi/8.2.1/../../../../arm-none-eabi/lib/thumb/v7e-m+fp/hard\libcr_c.a(_writebuf.o)
 .ARM.attributes
                0x00000401       0x34 c:/nxp/mcuxpressoide_11.0.1_2563/ide/plugins/com.nxp.mcuxpresso.tools.win32_11.0.1.201907311258/tools/bin/../lib/gcc/arm-none-eabi/8.2.1/../../../../arm-none-eabi/lib/thumb/v7e-m+fp/hard\libcr_c.a(alloc.o)
 .ARM.attributes
                0x00000435       0x34 c:/nxp/mcuxpressoide_11.0.1_2563/ide/plugins/com.nxp.mcuxpresso.tools.win32_11.0.1.201907311258/tools/bin/../lib/gcc/arm-none-eabi/8.2.1/../../../../arm-none-eabi/lib/thumb/v7e-m+fp/hard\libcr_c.a(fputs.o)
 .ARM.attributes
                0x00000469       0x34 c:/nxp/mcuxpressoide_11.0.1_2563/ide/plugins/com.nxp.mcuxpresso.tools.win32_11.0.1.201907311258/tools/bin/../lib/gcc/arm-none-eabi/8.2.1/../../../../arm-none-eabi/lib/thumb/v7e-m+fp/hard\libcr_c.a(fseek.o)
 .ARM.attributes
                0x0000049d       0x34 c:/nxp/mcuxpressoide_11.0.1_2563/ide/plugins/com.nxp.mcuxpresso.tools.win32_11.0.1.201907311258/tools/bin/../lib/gcc/arm-none-eabi/8.2.1/../../../../arm-none-eabi/lib/thumb/v7e-m+fp/hard\libcr_c.a(ftell.o)
 .ARM.attributes
                0x000004d1       0x34 c:/nxp/mcuxpressoide_11.0.1_2563/ide/plugins/com.nxp.mcuxpresso.tools.win32_11.0.1.201907311258/tools/bin/../lib/gcc/arm-none-eabi/8.2.1/../../../../arm-none-eabi/lib/thumb/v7e-m+fp/hard\libcr_c.a(initio.o)
 .ARM.attributes
                0x00000505       0x34 c:/nxp/mcuxpressoide_11.0.1_2563/ide/plugins/com.nxp.mcuxpresso.tools.win32_11.0.1.201907311258/tools/bin/../lib/gcc/arm-none-eabi/8.2.1/../../../../arm-none-eabi/lib/thumb/v7e-m+fp/hard\libcr_c.a(setvbuf.o)
 .ARM.attributes
                0x00000539       0x34 c:/nxp/mcuxpressoide_11.0.1_2563/ide/plugins/com.nxp.mcuxpresso.tools.win32_11.0.1.201907311258/tools/bin/../lib/gcc/arm-none-eabi/8.2.1/../../../../arm-none-eabi/lib/thumb/v7e-m+fp/hard\libcr_c.a(strlen.o)
 .ARM.attributes
                0x0000056d       0x34 c:/nxp/mcuxpressoide_11.0.1_2563/ide/plugins/com.nxp.mcuxpresso.tools.win32_11.0.1.201907311258/tools/bin/../lib/gcc/arm-none-eabi/8.2.1/../../../../arm-none-eabi/lib/thumb/v7e-m+fp/hard\libcr_c.a(__init_alloc.o)
 .ARM.attributes
                0x000005a1       0x34 c:/nxp/mcuxpressoide_11.0.1_2563/ide/plugins/com.nxp.mcuxpresso.tools.win32_11.0.1.201907311258/tools/bin/../lib/gcc/arm-none-eabi/8.2.1/../../../../arm-none-eabi/lib/thumb/v7e-m+fp/hard\libcr_c.a(_cr_sbrk.o)
 .ARM.attributes
                0x000005d5       0x34 c:/nxp/mcuxpressoide_11.0.1_2563/ide/plugins/com.nxp.mcuxpresso.tools.win32_11.0.1.201907311258/tools/bin/../lib/gcc/arm-none-eabi/8.2.1/../../../../arm-none-eabi/lib/thumb/v7e-m+fp/hard\libcr_c.a(_fdopen.o)
 .ARM.attributes
                0x00000609       0x39 c:/nxp/mcuxpressoide_11.0.1_2563/ide/plugins/com.nxp.mcuxpresso.tools.win32_11.0.1.201907311258/tools/bin/../lib/gcc/arm-none-eabi/8.2.1/../../../../arm-none-eabi/lib/thumb/v7e-m+fp/hard\libcr_c.a(errno.o)
 .ARM.attributes
                0x00000642       0x34 c:/nxp/mcuxpressoide_11.0.1_2563/ide/plugins/com.nxp.mcuxpresso.tools.win32_11.0.1.201907311258/tools/bin/../lib/gcc/arm-none-eabi/8.2.1/../../../../arm-none-eabi/lib/thumb/v7e-m+fp/hard\libcr_c.a(fclose.o)
 .ARM.attributes
                0x00000676       0x34 c:/nxp/mcuxpressoide_11.0.1_2563/ide/plugins/com.nxp.mcuxpresso.tools.win32_11.0.1.201907311258/tools/bin/../lib/gcc/arm-none-eabi/8.2.1/../../../../arm-none-eabi/lib/thumb/v7e-m+fp/hard\libcr_c.a(fflush.o)
 .ARM.attributes
                0x000006aa       0x34 c:/nxp/mcuxpressoide_11.0.1_2563/ide/plugins/com.nxp.mcuxpresso.tools.win32_11.0.1.201907311258/tools/bin/../lib/gcc/arm-none-eabi/8.2.1/../../../../arm-none-eabi/lib/thumb/v7e-m+fp/hard\libcr_c.a(remove.o)
 .ARM.attributes
                0x000006de       0x34 c:/nxp/mcuxpressoide_11.0.1_2563/ide/plugins/com.nxp.mcuxpresso.tools.win32_11.0.1.201907311258/tools/bin/../lib/gcc/arm-none-eabi/8.2.1/../../../../arm-none-eabi/lib/thumb/v7e-m+fp/hard\libcr_c.a(_cr_check_heap.o)
 .ARM.attributes
                0x00000712       0x34 c:/nxp/mcuxpressoide_11.0.1_2563/ide/plugins/com.nxp.mcuxpresso.tools.win32_11.0.1.201907311258/tools/bin/../lib/gcc/arm-none-eabi/8.2.1/../../../../arm-none-eabi/lib/thumb/v7e-m+fp/hard\libcr_c.a(_do_fflush.o)
 .ARM.attributes
                0x00000746       0x34 c:/nxp/mcuxpressoide_11.0.1_2563/ide/plugins/com.nxp.mcuxpresso.tools.win32_11.0.1.201907311258/tools/bin/../lib/gcc/arm-none-eabi/8.2.1/thumb/v7e-m+fp/hard\libcr_eabihelpers.a(double.o)
 .ARM.attributes
                0x0000077a       0x20 c:/nxp/mcuxpressoide_11.0.1_2563/ide/plugins/com.nxp.mcuxpresso.tools.win32_11.0.1.201907311258/tools/bin/../lib/gcc/arm-none-eabi/8.2.1/thumb/v7e-m+fp/hard\libcr_eabihelpers.a(memcpy.o)
 .ARM.attributes
                0x0000079a       0x20 c:/nxp/mcuxpressoide_11.0.1_2563/ide/plugins/com.nxp.mcuxpresso.tools.win32_11.0.1.201907311258/tools/bin/../lib/gcc/arm-none-eabi/8.2.1/../../../../arm-none-eabi/lib/thumb/v7e-m+fp/hard\libcr_semihost_nf.a(__sys_close.o)
 .ARM.attributes
                0x000007ba       0x20 c:/nxp/mcuxpressoide_11.0.1_2563/ide/plugins/com.nxp.mcuxpresso.tools.win32_11.0.1.201907311258/tools/bin/../lib/gcc/arm-none-eabi/8.2.1/../../../../arm-none-eabi/lib/thumb/v7e-m+fp/hard\libcr_semihost_nf.a(__sys_flen.o)
 .ARM.attributes
                0x000007da       0x20 c:/nxp/mcuxpressoide_11.0.1_2563/ide/plugins/com.nxp.mcuxpresso.tools.win32_11.0.1.201907311258/tools/bin/../lib/gcc/arm-none-eabi/8.2.1/../../../../arm-none-eabi/lib/thumb/v7e-m+fp/hard\libcr_semihost_nf.a(__sys_istty.o)
 .ARM.attributes
                0x000007fa       0x20 c:/nxp/mcuxpressoide_11.0.1_2563/ide/plugins/com.nxp.mcuxpresso.tools.win32_11.0.1.201907311258/tools/bin/../lib/gcc/arm-none-eabi/8.2.1/../../../../arm-none-eabi/lib/thumb/v7e-m+fp/hard\libcr_semihost_nf.a(__sys_remove.o)
 .ARM.attributes
                0x0000081a       0x20 c:/nxp/mcuxpressoide_11.0.1_2563/ide/plugins/com.nxp.mcuxpresso.tools.win32_11.0.1.201907311258/tools/bin/../lib/gcc/arm-none-eabi/8.2.1/../../../../arm-none-eabi/lib/thumb/v7e-m+fp/hard\libcr_semihost_nf.a(__sys_seek.o)
 .ARM.attributes
                0x0000083a       0x20 c:/nxp/mcuxpressoide_11.0.1_2563/ide/plugins/com.nxp.mcuxpresso.tools.win32_11.0.1.201907311258/tools/bin/../lib/gcc/arm-none-eabi/8.2.1/../../../../arm-none-eabi/lib/thumb/v7e-m+fp/hard\libcr_semihost_nf.a(__sys_tmpnam.o)
 .ARM.attributes
                0x0000085a       0x20 c:/nxp/mcuxpressoide_11.0.1_2563/ide/plugins/com.nxp.mcuxpresso.tools.win32_11.0.1.201907311258/tools/bin/../lib/gcc/arm-none-eabi/8.2.1/../../../../arm-none-eabi/lib/thumb/v7e-m+fp/hard\libcr_semihost_nf.a(__sys_write.o)

.debug_frame    0x00000000     0x23c0
 .debug_frame   0x00000000      0x904 ./startup/startup_mk64f12.o
 .debug_frame   0x00000904       0x54 ./source/buttonDriver.o
 .debug_frame   0x00000958       0x2c ./source/hardwareInit.o
 .debug_frame   0x00000984      0x218 ./source/inputControl.o
 .debug_frame   0x00000b9c       0x54 ./source/joystickDriver.o
 .debug_frame   0x00000bf0      0x178 ./source/lcdDriver.o
 .debug_frame   0x00000d68       0xbc ./source/main.o
 .debug_frame   0x00000e24       0x74 ./source/speakerDriver.o
 .debug_frame   0x00000e98      0x834 ./drivers/fsl_dspi.o
 .debug_frame   0x000016cc      0x694 ./drivers/fsl_i2c.o
 .debug_frame   0x00001d60      0x5ec ./drivers/fsl_uart.o
 .debug_frame   0x0000234c       0x74 ./device/system_MK64F12.o

Cross Reference Table

Symbol                                            File
A3_C4_E4_A4_B4                                    ./source/speakerControl.o
A4_Fc4_E4_D4_E4_Fc4                               ./source/speakerControl.o
A5_Fc5_E5_D5_E5_Fc5                               ./source/speakerControl.o
ADC0_DriverIRQHandler                             ./startup/startup_mk64f12.o
ADC0_IRQHandler                                   ./startup/startup_mk64f12.o
ADC16_ClearStatusFlags                            ./drivers/fsl_adc16.o
ADC16_Deinit                                      ./drivers/fsl_adc16.o
ADC16_DoAutoCalibration                           ./drivers/fsl_adc16.o
ADC16_GetChannelStatusFlags                       ./drivers/fsl_adc16.o
ADC16_GetDefaultConfig                            ./drivers/fsl_adc16.o
ADC16_GetStatusFlags                              ./drivers/fsl_adc16.o
ADC16_Init                                        ./drivers/fsl_adc16.o
ADC16_SetChannelConfig                            ./drivers/fsl_adc16.o
ADC16_SetChannelMuxMode                           ./drivers/fsl_adc16.o
ADC16_SetHardwareAverage                          ./drivers/fsl_adc16.o
ADC16_SetHardwareCompareConfig                    ./drivers/fsl_adc16.o
ADC1_DriverIRQHandler                             ./startup/startup_mk64f12.o
ADC1_IRQHandler                                   ./startup/startup_mk64f12.o
BOARD_BootClockRUN                                ./board/boards/clock_config.o
BOARD_BootClockVLPR                               ./board/boards/clock_config.o
BOARD_InitACCELPins                               ./board/boards/pin_mux.o
BOARD_InitBootClocks                              ./board/boards/clock_config.o
BOARD_InitBootPeripherals                         ./board/boards/peripherals.o
BOARD_InitBootPins                                ./board/boards/pin_mux.o
BOARD_InitButtonsPins                             ./board/boards/pin_mux.o
BOARD_InitDEBUG_UARTPins                          ./board/boards/pin_mux.o
BOARD_InitDebugConsole                            ./board/boards/board.o
BOARD_InitENETPins                                ./board/boards/pin_mux.o
BOARD_InitLEDsPins                                ./board/boards/pin_mux.o
BOARD_InitOSCPins                                 ./board/boards/pin_mux.o
BOARD_InitPeripherals                             ./board/boards/peripherals.o
BOARD_InitPins                                    ./board/boards/pin_mux.o
BOARD_InitSDHCPins                                ./board/boards/pin_mux.o
BOARD_InitUSBPins                                 ./board/boards/pin_mux.o
BusFault_Handler                                  ./startup/startup_mk64f12.o
CAN0_Bus_Off_IRQHandler                           ./startup/startup_mk64f12.o
CAN0_DriverIRQHandler                             ./startup/startup_mk64f12.o
CAN0_Error_IRQHandler                             ./startup/startup_mk64f12.o
CAN0_ORed_Message_buffer_IRQHandler               ./startup/startup_mk64f12.o
CAN0_Rx_Warning_IRQHandler                        ./startup/startup_mk64f12.o
CAN0_Tx_Warning_IRQHandler                        ./startup/startup_mk64f12.o
CAN0_Wake_Up_IRQHandler                           ./startup/startup_mk64f12.o
CLOCK_BootToBlpeMode                              ./drivers/fsl_clock.o
CLOCK_BootToBlpiMode                              ./drivers/fsl_clock.o
                                                  ./board/boards/clock_config.o
CLOCK_BootToFeeMode                               ./drivers/fsl_clock.o
CLOCK_BootToFeiMode                               ./drivers/fsl_clock.o
CLOCK_BootToPeeMode                               ./drivers/fsl_clock.o
                                                  ./board/boards/clock_config.o
CLOCK_CalcPllDiv                                  ./drivers/fsl_clock.o
CLOCK_ClearStatusFlags                            ./drivers/fsl_clock.o
CLOCK_DeinitOsc0                                  ./drivers/fsl_clock.o
CLOCK_EnablePll0                                  ./drivers/fsl_clock.o
CLOCK_EnableUsbfs0Clock                           ./drivers/fsl_clock.o
                                                  ./board/boards/clock_config.o
CLOCK_ExternalModeToFbeModeQuick                  ./drivers/fsl_clock.o
CLOCK_GetBusClkFreq                               ./drivers/fsl_clock.o
CLOCK_GetCoreSysClkFreq                           ./drivers/fsl_clock.o
                                                  ./board/boards/board.o
CLOCK_GetEr32kClkFreq                             ./drivers/fsl_clock.o
CLOCK_GetFixedFreqClkFreq                         ./drivers/fsl_clock.o
CLOCK_GetFlashClkFreq                             ./drivers/fsl_clock.o
CLOCK_GetFlexBusClkFreq                           ./drivers/fsl_clock.o
CLOCK_GetFllFreq                                  ./drivers/fsl_clock.o
CLOCK_GetFreq                                     ./drivers/fsl_clock.o
CLOCK_GetInternalRefClkFreq                       ./drivers/fsl_clock.o
CLOCK_GetMode                                     ./drivers/fsl_clock.o
CLOCK_GetOsc0ErClkFreq                            ./drivers/fsl_clock.o
CLOCK_GetOutClkFreq                               ./drivers/fsl_clock.o
CLOCK_GetPlatClkFreq                              ./drivers/fsl_clock.o
CLOCK_GetPll0Freq                                 ./drivers/fsl_clock.o
CLOCK_GetPllFllSelClkFreq                         ./drivers/fsl_clock.o
CLOCK_GetStatusFlags                              ./drivers/fsl_clock.o
CLOCK_InitOsc0                                    ./drivers/fsl_clock.o
                                                  ./board/boards/clock_config.o
CLOCK_InternalModeToFbiModeQuick                  ./drivers/fsl_clock.o
CLOCK_SetBlpeMode                                 ./drivers/fsl_clock.o
CLOCK_SetBlpiMode                                 ./drivers/fsl_clock.o
CLOCK_SetExternalRefClkConfig                     ./drivers/fsl_clock.o
CLOCK_SetFbeMode                                  ./drivers/fsl_clock.o
CLOCK_SetFbiMode                                  ./drivers/fsl_clock.o
CLOCK_SetFeeMode                                  ./drivers/fsl_clock.o
CLOCK_SetFeiMode                                  ./drivers/fsl_clock.o
CLOCK_SetInternalRefClkConfig                     ./drivers/fsl_clock.o
                                                  ./board/boards/clock_config.o
CLOCK_SetMcgConfig                                ./drivers/fsl_clock.o
CLOCK_SetOsc0MonitorMode                          ./drivers/fsl_clock.o
CLOCK_SetPbeMode                                  ./drivers/fsl_clock.o
CLOCK_SetPeeMode                                  ./drivers/fsl_clock.o
CLOCK_SetPll0MonitorMode                          ./drivers/fsl_clock.o
CLOCK_SetRtcOscMonitorMode                        ./drivers/fsl_clock.o
CLOCK_SetSimConfig                                ./drivers/fsl_clock.o
                                                  ./board/boards/clock_config.o
CLOCK_TrimInternalRefClk                          ./drivers/fsl_clock.o
CMP0_DriverIRQHandler                             ./startup/startup_mk64f12.o
CMP0_IRQHandler                                   ./startup/startup_mk64f12.o
CMP1_DriverIRQHandler                             ./startup/startup_mk64f12.o
CMP1_IRQHandler                                   ./startup/startup_mk64f12.o
CMP2_DriverIRQHandler                             ./startup/startup_mk64f12.o
CMP2_IRQHandler                                   ./startup/startup_mk64f12.o
CMT_DriverIRQHandler                              ./startup/startup_mk64f12.o
CMT_IRQHandler                                    ./startup/startup_mk64f12.o
DAC0_DriverIRQHandler                             ./startup/startup_mk64f12.o
DAC0_IRQHandler                                   ./startup/startup_mk64f12.o
DAC1_DriverIRQHandler                             ./startup/startup_mk64f12.o
DAC1_IRQHandler                                   ./startup/startup_mk64f12.o
DMA0_DriverIRQHandler                             ./startup/startup_mk64f12.o
DMA0_IRQHandler                                   ./startup/startup_mk64f12.o
DMA10_DriverIRQHandler                            ./startup/startup_mk64f12.o
DMA10_IRQHandler                                  ./startup/startup_mk64f12.o
DMA11_DriverIRQHandler                            ./startup/startup_mk64f12.o
DMA11_IRQHandler                                  ./startup/startup_mk64f12.o
DMA12_DriverIRQHandler                            ./startup/startup_mk64f12.o
DMA12_IRQHandler                                  ./startup/startup_mk64f12.o
DMA13_DriverIRQHandler                            ./startup/startup_mk64f12.o
DMA13_IRQHandler                                  ./startup/startup_mk64f12.o
DMA14_DriverIRQHandler                            ./startup/startup_mk64f12.o
DMA14_IRQHandler                                  ./startup/startup_mk64f12.o
DMA15_DriverIRQHandler                            ./startup/startup_mk64f12.o
DMA15_IRQHandler                                  ./startup/startup_mk64f12.o
DMA1_DriverIRQHandler                             ./startup/startup_mk64f12.o
DMA1_IRQHandler                                   ./startup/startup_mk64f12.o
DMA2_DriverIRQHandler                             ./startup/startup_mk64f12.o
DMA2_IRQHandler                                   ./startup/startup_mk64f12.o
DMA3_DriverIRQHandler                             ./startup/startup_mk64f12.o
DMA3_IRQHandler                                   ./startup/startup_mk64f12.o
DMA4_DriverIRQHandler                             ./startup/startup_mk64f12.o
DMA4_IRQHandler                                   ./startup/startup_mk64f12.o
DMA5_DriverIRQHandler                             ./startup/startup_mk64f12.o
DMA5_IRQHandler                                   ./startup/startup_mk64f12.o
DMA6_DriverIRQHandler                             ./startup/startup_mk64f12.o
DMA6_IRQHandler                                   ./startup/startup_mk64f12.o
DMA7_DriverIRQHandler                             ./startup/startup_mk64f12.o
DMA7_IRQHandler                                   ./startup/startup_mk64f12.o
DMA8_DriverIRQHandler                             ./startup/startup_mk64f12.o
DMA8_IRQHandler                                   ./startup/startup_mk64f12.o
DMA9_DriverIRQHandler                             ./startup/startup_mk64f12.o
DMA9_IRQHandler                                   ./startup/startup_mk64f12.o
DMA_Error_DriverIRQHandler                        ./startup/startup_mk64f12.o
DMA_Error_IRQHandler                              ./startup/startup_mk64f12.o
DSPI_Deinit                                       ./drivers/fsl_dspi.o
DSPI_EnableInterrupts                             ./drivers/fsl_dspi.o
DSPI_GetDefaultDataCommandConfig                  ./drivers/fsl_dspi.o
DSPI_GetDummyDataInstance                         ./drivers/fsl_dspi.o
DSPI_GetInstance                                  ./drivers/fsl_dspi.o
DSPI_MasterGetDefaultConfig                       ./drivers/fsl_dspi.o
DSPI_MasterHalfDuplexTransferBlocking             ./drivers/fsl_dspi.o
DSPI_MasterHalfDuplexTransferNonBlocking          ./drivers/fsl_dspi.o
DSPI_MasterInit                                   ./drivers/fsl_dspi.o
DSPI_MasterSetBaudRate                            ./drivers/fsl_dspi.o
DSPI_MasterSetDelayScaler                         ./drivers/fsl_dspi.o
DSPI_MasterSetDelayTimes                          ./drivers/fsl_dspi.o
DSPI_MasterTransferAbort                          ./drivers/fsl_dspi.o
DSPI_MasterTransferBlocking                       ./drivers/fsl_dspi.o
DSPI_MasterTransferCreateHandle                   ./drivers/fsl_dspi.o
DSPI_MasterTransferGetCount                       ./drivers/fsl_dspi.o
DSPI_MasterTransferHandleIRQ                      ./drivers/fsl_dspi.o
DSPI_MasterTransferNonBlocking                    ./drivers/fsl_dspi.o
DSPI_MasterWriteCommandDataBlocking               ./drivers/fsl_dspi.o
DSPI_MasterWriteDataBlocking                      ./drivers/fsl_dspi.o
DSPI_SetDummyData                                 ./drivers/fsl_dspi.o
DSPI_SlaveGetDefaultConfig                        ./drivers/fsl_dspi.o
DSPI_SlaveInit                                    ./drivers/fsl_dspi.o
DSPI_SlaveTransferAbort                           ./drivers/fsl_dspi.o
DSPI_SlaveTransferCreateHandle                    ./drivers/fsl_dspi.o
DSPI_SlaveTransferGetCount                        ./drivers/fsl_dspi.o
DSPI_SlaveTransferHandleIRQ                       ./drivers/fsl_dspi.o
DSPI_SlaveTransferNonBlocking                     ./drivers/fsl_dspi.o
DSPI_SlaveWriteDataBlocking                       ./drivers/fsl_dspi.o
DbgConsole_Deinit                                 ./utilities/fsl_debug_console.o
DbgConsole_Init                                   ./utilities/fsl_debug_console.o
                                                  ./board/boards/board.o
DbgConsole_ReadCharacter                          ./utilities/fsl_debug_console.o
DbgConsole_ReadLine                               ./utilities/fsl_debug_console.o
DbgConsole_ReadOneCharacter                       ./utilities/fsl_debug_console.o
DbgConsole_SendData                               ./utilities/fsl_debug_console.o
DbgConsole_SendDataReliable                       ./utilities/fsl_debug_console.o
DebugMon_Handler                                  ./startup/startup_mk64f12.o
E5_Dc5_E5_Dc5_E5_B4_D5_C5_A4                      ./source/speakerControl.o
ENET_1588_Timer_DriverIRQHandler                  ./startup/startup_mk64f12.o
ENET_1588_Timer_IRQHandler                        ./startup/startup_mk64f12.o
ENET_Error_DriverIRQHandler                       ./startup/startup_mk64f12.o
ENET_Error_IRQHandler                             ./startup/startup_mk64f12.o
ENET_Receive_DriverIRQHandler                     ./startup/startup_mk64f12.o
ENET_Receive_IRQHandler                           ./startup/startup_mk64f12.o
ENET_Transmit_DriverIRQHandler                    ./startup/startup_mk64f12.o
ENET_Transmit_IRQHandler                          ./startup/startup_mk64f12.o
FTFE_DriverIRQHandler                             ./startup/startup_mk64f12.o
FTFE_IRQHandler                                   ./startup/startup_mk64f12.o
FTM0_DriverIRQHandler                             ./startup/startup_mk64f12.o
FTM0_IRQHandler                                   ./startup/startup_mk64f12.o
FTM1_DriverIRQHandler                             ./startup/startup_mk64f12.o
FTM1_IRQHandler                                   ./startup/startup_mk64f12.o
FTM2_DriverIRQHandler                             ./startup/startup_mk64f12.o
FTM2_IRQHandler                                   ./startup/startup_mk64f12.o
FTM3_DriverIRQHandler                             ./startup/startup_mk64f12.o
FTM3_IRQHandler                                   ./startup/startup_mk64f12.o
Flash_Config                                      ./startup/startup_mk64f12.o
GPIO_PinInit                                      ./drivers/fsl_gpio.o
                                                  ./board/boards/pin_mux.o
GPIO_PortClearInterruptFlags                      ./drivers/fsl_gpio.o
GPIO_PortGetInterruptFlags                        ./drivers/fsl_gpio.o
Gc3_E4_C5_B4_A4                                   ./source/speakerControl.o
Gc3_E4_Gc4_B4_C5_A3_E4                            ./source/speakerControl.o
HAL_UartDeinit                                    ./component/uart/uart_adapter.o
                                                  ./component/serial_manager/serial_port_uart.o
HAL_UartInit                                      ./component/uart/uart_adapter.o
                                                  ./component/serial_manager/serial_port_uart.o
HAL_UartReceiveBlocking                           ./component/uart/uart_adapter.o
                                                  ./component/serial_manager/serial_port_uart.o
HAL_UartSendBlocking                              ./component/uart/uart_adapter.o
                                                  ./component/serial_manager/serial_port_uart.o
HardFault_Handler                                 ./startup/startup_mk64f12.o
I2C0_DriverIRQHandler                             ./drivers/fsl_i2c.o
                                                  ./startup/startup_mk64f12.o
I2C0_IRQHandler                                   ./startup/startup_mk64f12.o
I2C1_DriverIRQHandler                             ./drivers/fsl_i2c.o
                                                  ./startup/startup_mk64f12.o
I2C1_IRQHandler                                   ./startup/startup_mk64f12.o
I2C2_DriverIRQHandler                             ./drivers/fsl_i2c.o
                                                  ./startup/startup_mk64f12.o
I2C2_IRQHandler                                   ./startup/startup_mk64f12.o
I2C_DisableInterrupts                             ./drivers/fsl_i2c.o
I2C_EnableInterrupts                              ./drivers/fsl_i2c.o
I2C_GetInstance                                   ./drivers/fsl_i2c.o
I2C_MasterDeinit                                  ./drivers/fsl_i2c.o
I2C_MasterGetDefaultConfig                        ./drivers/fsl_i2c.o
I2C_MasterGetStatusFlags                          ./drivers/fsl_i2c.o
I2C_MasterInit                                    ./drivers/fsl_i2c.o
I2C_MasterReadBlocking                            ./drivers/fsl_i2c.o