Archive member included to satisfy reference by file (symbol)

c:/nxp/mcuxpressoide_11.0.1_2563/ide/plugins/com.nxp.mcuxpresso.tools.win32_11.0.1.201907311258/tools/bin/../lib/gcc/arm-none-eabi/8.2.1/../../../../arm-none-eabi/lib/thumb/v7e-m+fp/hard\libcr_semihost_nf.a(_cr__main.o)
                              ./startup/startup_mk64f12.o (__main)
c:/nxp/mcuxpressoide_11.0.1_2563/ide/plugins/com.nxp.mcuxpresso.tools.win32_11.0.1.201907311258/tools/bin/../lib/gcc/arm-none-eabi/8.2.1/../../../../arm-none-eabi/lib/thumb/v7e-m+fp/hard\libcr_semihost_nf.a(_cr_assert.o)
                              ./utilities/fsl_debug_console.o (__assertion_failed)
c:/nxp/mcuxpressoide_11.0.1_2563/ide/plugins/com.nxp.mcuxpresso.tools.win32_11.0.1.201907311258/tools/bin/../lib/gcc/arm-none-eabi/8.2.1/../../../../arm-none-eabi/lib/thumb/v7e-m+fp/hard\libcr_semihost_nf.a(__ciob.o)
                              c:/nxp/mcuxpressoide_11.0.1_2563/ide/plugins/com.nxp.mcuxpresso.tools.win32_11.0.1.201907311258/tools/bin/../lib/gcc/arm-none-eabi/8.2.1/../../../../arm-none-eabi/lib/thumb/v7e-m+fp/hard\libcr_semihost_nf.a(_cr_assert.o) (__Ciob)
c:/nxp/mcuxpressoide_11.0.1_2563/ide/plugins/com.nxp.mcuxpresso.tools.win32_11.0.1.201907311258/tools/bin/../lib/gcc/arm-none-eabi/8.2.1/../../../../arm-none-eabi/lib/thumb/v7e-m+fp/hard\libcr_semihost_nf.a(__sys_appexit.o)
                              c:/nxp/mcuxpressoide_11.0.1_2563/ide/plugins/com.nxp.mcuxpresso.tools.win32_11.0.1.201907311258/tools/bin/../lib/gcc/arm-none-eabi/8.2.1/../../../../arm-none-eabi/lib/thumb/v7e-m+fp/hard\libcr_semihost_nf.a(_cr_assert.o) (__sys_appexit)
c:/nxp/mcuxpressoide_11.0.1_2563/ide/plugins/com.nxp.mcuxpresso.tools.win32_11.0.1.201907311258/tools/bin/../lib/gcc/arm-none-eabi/8.2.1/../../../../arm-none-eabi/lib/thumb/v7e-m+fp/hard\libcr_c.a(memset.o)
                              ./utilities/fsl_debug_console.o (memset)
c:/nxp/mcuxpressoide_11.0.1_2563/ide/plugins/com.nxp.mcuxpresso.tools.win32_11.0.1.201907311258/tools/bin/../lib/gcc/arm-none-eabi/8.2.1/../../../../arm-none-eabi/lib/thumb/v7e-m+fp/hard\libcr_c.a(_deferredlazyseek.o)
                              c:/nxp/mcuxpressoide_11.0.1_2563/ide/plugins/com.nxp.mcuxpresso.tools.win32_11.0.1.201907311258/tools/bin/../lib/gcc/arm-none-eabi/8.2.1/../../../../arm-none-eabi/lib/thumb/v7e-m+fp/hard\libcr_semihost_nf.a(_cr_assert.o) (__flsbuf)
c:/nxp/mcuxpressoide_11.0.1_2563/ide/plugins/com.nxp.mcuxpresso.tools.win32_11.0.1.201907311258/tools/bin/../lib/gcc/arm-none-eabi/8.2.1/../../../../arm-none-eabi/lib/thumb/v7e-m+fp/hard\libcr_c.a(_fflush.o)
                              c:/nxp/mcuxpressoide_11.0.1_2563/ide/plugins/com.nxp.mcuxpresso.tools.win32_11.0.1.201907311258/tools/bin/../lib/gcc/arm-none-eabi/8.2.1/../../../../arm-none-eabi/lib/thumb/v7e-m+fp/hard\libcr_c.a(_deferredlazyseek.o) (_fflush)
c:/nxp/mcuxpressoide_11.0.1_2563/ide/plugins/com.nxp.mcuxpresso.tools.win32_11.0.1.201907311258/tools/bin/../lib/gcc/arm-none-eabi/8.2.1/../../../../arm-none-eabi/lib/thumb/v7e-m+fp/hard\libcr_c.a(_writebuf.o)
                              c:/nxp/mcuxpressoide_11.0.1_2563/ide/plugins/com.nxp.mcuxpresso.tools.win32_11.0.1.201907311258/tools/bin/../lib/gcc/arm-none-eabi/8.2.1/../../../../arm-none-eabi/lib/thumb/v7e-m+fp/hard\libcr_c.a(_deferredlazyseek.o) (_Cwritebuf)
c:/nxp/mcuxpressoide_11.0.1_2563/ide/plugins/com.nxp.mcuxpresso.tools.win32_11.0.1.201907311258/tools/bin/../lib/gcc/arm-none-eabi/8.2.1/../../../../arm-none-eabi/lib/thumb/v7e-m+fp/hard\libcr_c.a(alloc.o)
                              ./drivers/fsl_common.o (malloc)
c:/nxp/mcuxpressoide_11.0.1_2563/ide/plugins/com.nxp.mcuxpresso.tools.win32_11.0.1.201907311258/tools/bin/../lib/gcc/arm-none-eabi/8.2.1/../../../../arm-none-eabi/lib/thumb/v7e-m+fp/hard\libcr_c.a(fputs.o)
                              c:/nxp/mcuxpressoide_11.0.1_2563/ide/plugins/com.nxp.mcuxpresso.tools.win32_11.0.1.201907311258/tools/bin/../lib/gcc/arm-none-eabi/8.2.1/../../../../arm-none-eabi/lib/thumb/v7e-m+fp/hard\libcr_semihost_nf.a(_cr_assert.o) (fputs)
c:/nxp/mcuxpressoide_11.0.1_2563/ide/plugins/com.nxp.mcuxpresso.tools.win32_11.0.1.201907311258/tools/bin/../lib/gcc/arm-none-eabi/8.2.1/../../../../arm-none-eabi/lib/thumb/v7e-m+fp/hard\libcr_c.a(fseek.o)
                              c:/nxp/mcuxpressoide_11.0.1_2563/ide/plugins/com.nxp.mcuxpresso.tools.win32_11.0.1.201907311258/tools/bin/../lib/gcc/arm-none-eabi/8.2.1/../../../../arm-none-eabi/lib/thumb/v7e-m+fp/hard\libcr_c.a(_deferredlazyseek.o) (fseek)
c:/nxp/mcuxpressoide_11.0.1_2563/ide/plugins/com.nxp.mcuxpresso.tools.win32_11.0.1.201907311258/tools/bin/../lib/gcc/arm-none-eabi/8.2.1/../../../../arm-none-eabi/lib/thumb/v7e-m+fp/hard\libcr_c.a(ftell.o)
                              c:/nxp/mcuxpressoide_11.0.1_2563/ide/plugins/com.nxp.mcuxpresso.tools.win32_11.0.1.201907311258/tools/bin/../lib/gcc/arm-none-eabi/8.2.1/../../../../arm-none-eabi/lib/thumb/v7e-m+fp/hard\libcr_c.a(fseek.o) (ftell)
[...]
Memory Configuration

Name             Origin             Length             Attributes
PROGRAM_FLASH    0x00000000         0x00100000         xr
SRAM_UPPER       0x20000000         0x00030000         xrw
SRAM_LOWER       0x1fff0000         0x00010000         xrw
FLEX_RAM         0x14000000         0x00001000         xrw
*default*        0x00000000         0xffffffff

Linker script and memory map

LOAD ./utilities/fsl_debug_console.o
LOAD ./utilities/fsl_str.o
LOAD ./startup/startup_mk64f12.o
LOAD ./source/test.o
LOAD ./drivers/fsl_adc16.o
LOAD ./drivers/fsl_clock.o
LOAD ./drivers/fsl_common.o
LOAD ./drivers/fsl_dspi.o
LOAD ./drivers/fsl_gpio.o
LOAD ./drivers/fsl_i2c.o
LOAD ./drivers/fsl_rtc.o
LOAD ./drivers/fsl_smc.o
LOAD ./drivers/fsl_uart.o
LOAD ./device/system_MK64F12.o
LOAD ./component/uart/uart_adapter.o
LOAD ./component/serial_manager/serial_manager.o
LOAD ./component/serial_manager/serial_port_uart.o
LOAD ./component/lists/generic_list.o
LOAD ./board/boards/board.o
LOAD ./board/boards/clock_config.o
LOAD ./board/boards/peripherals.o
LOAD ./board/boards/pin_mux.o
START GROUP
LOAD c:/nxp/mcuxpressoide_11.0.1_2563/ide/plugins/com.nxp.mcuxpresso.tools.win32_11.0.1.201907311258/tools/bin/../lib/gcc/arm-none-eabi/8.2.1/../../../../arm-none-eabi/lib/thumb/v7e-m+fp/hard\libcr_semihost_nf.a
LOAD c:/nxp/mcuxpressoide_11.0.1_2563/ide/plugins/com.nxp.mcuxpresso.tools.win32_11.0.1.201907311258/tools/bin/../lib/gcc/arm-none-eabi/8.2.1/../../../../arm-none-eabi/lib/thumb/v7e-m+fp/hard\libcr_c.a
LOAD c:/nxp/mcuxpressoide_11.0.1_2563/ide/plugins/com.nxp.mcuxpresso.tools.win32_11.0.1.201907311258/tools/bin/../lib/gcc/arm-none-eabi/8.2.1/thumb/v7e-m+fp/hard\libcr_eabihelpers.a
LOAD c:/nxp/mcuxpressoide_11.0.1_2563/ide/plugins/com.nxp.mcuxpresso.tools.win32_11.0.1.201907311258/tools/bin/../lib/gcc/arm-none-eabi/8.2.1/thumb/v7e-m+fp/hard\libgcc.a
END GROUP
                0x00000000                __base_PROGRAM_FLASH = 0x0
                0x00000000                __base_Flash = 0x0
                0x00100000                __top_PROGRAM_FLASH = 0x100000
                0x00100000                __top_Flash = 0x100000
                0x20000000                __base_SRAM_UPPER = 0x20000000
                0x20000000                __base_RAM = 0x20000000
                0x20030000                __top_SRAM_UPPER = 0x20030000
                0x20030000                __top_RAM = 0x20030000
                0x1fff0000                __base_SRAM_LOWER = 0x1fff0000
                0x1fff0000                __base_RAM2 = 0x1fff0000
                0x20000000                __top_SRAM_LOWER = 0x20000000
                0x20000000                __top_RAM2 = 0x20000000
                0x14000000                __base_FLEX_RAM = 0x14000000
                0x14000000                __base_RAM3 = 0x14000000
                0x14001000                __top_FLEX_RAM = 0x14001000
                0x14001000                __top_RAM3 = 0x14001000

.text           0x00000000     0x1958
 FILL mask 0xff
                0x00000000                __vectors_start__ = ABSOLUTE (.)
 *(SORT_BY_ALIGNMENT(.isr_vector))
 .isr_vector    0x00000000      0x198 ./startup/startup_mk64f12.o
                0x00000000                g_pfnVectors
                0x00000000                __Vectors
                0x00000198                . = ALIGN (0x4)
                0x00000198                __section_table_start = .
                0x00000198                __data_section_table = .
                0x00000198        0x4 LONG 0x1958 LOADADDR (.data)
                0x0000019c        0x4 LONG 0x20000000 ADDR (.data)
                0x000001a0        0x4 LONG 0x0 SIZEOF (.data)
                0x000001a4        0x4 LONG 0x1958 LOADADDR (.data_RAM2)
                0x000001a8        0x4 LONG 0x1fff0000 ADDR (.data_RAM2)
                0x000001ac        0x4 LONG 0x0 SIZEOF (.data_RAM2)
                0x000001b0        0x4 LONG 0x1958 LOADADDR (.data_RAM3)
                0x000001b4        0x4 LONG 0x14000000 ADDR (.data_RAM3)
                0x000001b8        0x4 LONG 0x0 SIZEOF (.data_RAM3)
                0x000001bc                __data_section_table_end = .
                0x000001bc                __bss_section_table = .
                0x000001bc        0x4 LONG 0x20000000 ADDR (.bss)
                0x000001c0        0x4 LONG 0x108 SIZEOF (.bss)
                0x000001c4        0x4 LONG 0x1fff0000 ADDR (.bss_RAM2)
                0x000001c8        0x4 LONG 0x0 SIZEOF (.bss_RAM2)
                0x000001cc        0x4 LONG 0x14000000 ADDR (.bss_RAM3)
                0x000001d0        0x4 LONG 0x0 SIZEOF (.bss_RAM3)
                0x000001d4                __bss_section_table_end = .
                0x000001d4                __section_table_end = .
 *(SORT_BY_ALIGNMENT(.after_vectors*))
 .after_vectors.reset
                0x000001d4       0x4c ./startup/startup_mk64f12.o
                0x000001d4                ResetISR
 .after_vectors.init_data
                0x00000220       0x1e ./startup/startup_mk64f12.o
                0x00000220                data_init
 .after_vectors.init_bss
                0x0000023e       0x12 ./startup/startup_mk64f12.o
                0x0000023e                bss_init
 .after_vectors
                0x00000250       0x14 ./startup/startup_mk64f12.o
                0x00000250                NMI_Handler
                0x00000252                HardFault_Handler
                0x00000254                MemManage_Handler
                0x00000256                BusFault_Handler
                0x00000258                UsageFault_Handler
                0x0000025a                SVC_Handler
                0x0000025c                DebugMon_Handler
                0x0000025e                PendSV_Handler
                0x00000260                SysTick_Handler
                0x00000262                DMA_Error_DriverIRQHandler
                0x00000262                FTM1_DriverIRQHandler
                0x00000262                FTM2_DriverIRQHandler
                0x00000262                PIT2_DriverIRQHandler
                0x00000262                SDHC_DriverIRQHandler
                0x00000262                I2S0_Tx_DriverIRQHandler
                0x00000262                RTC_Seconds_DriverIRQHandler
                0x00000262                DMA6_DriverIRQHandler
                0x00000262                LLWU_DriverIRQHandler
                0x00000262                MCM_DriverIRQHandler
                0x00000262                MCG_DriverIRQHandler
                0x00000262                ENET_1588_Timer_DriverIRQHandler
                0x00000262                DAC1_DriverIRQHandler
                0x00000262                LPTMR0_DriverIRQHandler
                0x00000262                CMP1_DriverIRQHandler
                0x00000262                FTM0_DriverIRQHandler
                0x00000262                IntDefaultHandler
                0x00000262                USB0_DriverIRQHandler
                0x00000262                UART5_ERR_DriverIRQHandler
                0x00000262                PORTC_DriverIRQHandler
                0x00000262                DMA11_DriverIRQHandler
                0x00000262                DAC0_DriverIRQHandler
                0x00000262                DMA10_DriverIRQHandler
                0x00000262                CMP2_DriverIRQHandler
                0x00000262                UART2_ERR_DriverIRQHandler
                0x00000262                LVD_LVW_DriverIRQHandler
                0x00000262                PIT0_DriverIRQHandler
                0x00000262                DMA12_DriverIRQHandler
                0x00000262                DMA5_DriverIRQHandler
                0x00000262                DMA4_DriverIRQHandler
                0x00000262                USBDCD_DriverIRQHandler
                0x00000262                UART3_ERR_DriverIRQHandler
                0x00000262                DMA3_DriverIRQHandler
                0x00000262                DMA8_DriverIRQHandler
                0x00000262                DMA9_DriverIRQHandler
                0x00000262                UART0_ERR_DriverIRQHandler
                0x00000262                CMT_DriverIRQHandler
                0x00000262                Reserved71_DriverIRQHandler
                0x00000262                ADC1_DriverIRQHandler
                0x00000262                PORTA_DriverIRQHandler
                0x00000262                DMA14_DriverIRQHandler
                0x00000262                PIT3_DriverIRQHandler
                0x00000262                PIT1_DriverIRQHandler
                0x00000262                WDOG_EWM_DriverIRQHandler
                0x00000262                PDB0_DriverIRQHandler
                0x00000262                RTC_DriverIRQHandler
                0x00000262                I2S0_Rx_DriverIRQHandler
                0x00000262                Read_Collision_DriverIRQHandler
                0x00000262                SWI_DriverIRQHandler
                0x00000262                UART4_ERR_DriverIRQHandler
                0x00000262                PORTB_DriverIRQHandler
                0x00000262                UART0_LON_DriverIRQHandler
                0x00000262                DMA0_DriverIRQHandler
                0x00000262                DMA1_DriverIRQHandler
                0x00000262                ENET_Receive_DriverIRQHandler
                0x00000262                DMA13_DriverIRQHandler
                0x00000262                ENET_Error_DriverIRQHandler
                0x00000262                DMA15_DriverIRQHandler
                0x00000262                ADC0_DriverIRQHandler
                0x00000262                CMP0_DriverIRQHandler
                0x00000262                CAN0_DriverIRQHandler
                0x00000262                FTM3_DriverIRQHandler
                0x00000262                RNG_DriverIRQHandler
                0x00000262                UART1_ERR_DriverIRQHandler
                0x00000262                DMA2_DriverIRQHandler
                0x00000262                ENET_Transmit_DriverIRQHandler
                0x00000262                PORTD_DriverIRQHandler
                0x00000262                PORTE_DriverIRQHandler
                0x00000262                FTFE_DriverIRQHandler
                0x00000262                DMA7_DriverIRQHandler
                0x00000400                . = 0x400
 *fill*         0x00000264      0x19c ff
                0x00000400                PROVIDE (__FLASH_CONFIG_START__ = .)
 *(SORT_BY_ALIGNMENT(.FlashConfig))
 .FlashConfig   0x00000400       0x10 ./startup/startup_mk64f12.o
                0x00000400                Flash_Config
                0x00000410                PROVIDE (__FLASH_CONFIG_END__ = .)
                0x00000001                ASSERT (! ((__FLASH_CONFIG_START__ == __FLASH_CONFIG_END__)), Linker Flash Config Support Enabled, but no .FlashConfig section provided within application)
 *(SORT_BY_ALIGNMENT(.text*))
 .text.delay    0x00000410       0x2c ./source/test.o
                0x00000410                delay
 .text.main     0x0000043c       0x68 ./source/test.o
                0x0000043c                main
 .text.DSPI_CommonIRQHandler
                0x000004a4       0x40 ./drivers/fsl_dspi.o
 .text.SPI0_DriverIRQHandler
                0x000004e4       0x30 ./drivers/fsl_dspi.o
                0x000004e4                SPI0_DriverIRQHandler
 .text.SPI1_DriverIRQHandler
                0x00000514       0x30 ./drivers/fsl_dspi.o
                0x00000514                SPI1_DriverIRQHandler
 .text.SPI2_DriverIRQHandler
                0x00000544       0x30 ./drivers/fsl_dspi.o
                0x00000544                SPI2_DriverIRQHandler
 .text.I2C_TransferCommonIRQHandler
                0x00000574       0x54 ./drivers/fsl_i2c.o
 .text.I2C0_DriverIRQHandler
                0x000005c8       0x1c ./drivers/fsl_i2c.o
                0x000005c8                I2C0_DriverIRQHandler
 .text.I2C1_DriverIRQHandler
                0x000005e4       0x1c ./drivers/fsl_i2c.o
                0x000005e4                I2C1_DriverIRQHandler
 .text.I2C2_DriverIRQHandler
                0x00000600       0x1c ./drivers/fsl_i2c.o
                0x00000600                I2C2_DriverIRQHandler
 .text.UART0_DriverIRQHandler
                0x0000061c       0x28 ./drivers/fsl_uart.o
                0x0000061c                UART0_DriverIRQHandler
 .text.UART1_DriverIRQHandler
                0x00000644       0x28 ./drivers/fsl_uart.o
                0x00000644                UART1_DriverIRQHandler
 .text.UART2_DriverIRQHandler
                0x0000066c       0x28 ./drivers/fsl_uart.o
                0x0000066c                UART2_DriverIRQHandler
 .text.UART3_DriverIRQHandler
                0x00000694       0x28 ./drivers/fsl_uart.o
                0x00000694                UART3_DriverIRQHandler
 .text.UART4_DriverIRQHandler
                0x000006bc       0x28 ./drivers/fsl_uart.o
                0x000006bc                UART4_DriverIRQHandler
 .text.UART5_DriverIRQHandler
                0x000006e4       0x28 ./drivers/fsl_uart.o
                0x000006e4                UART5_DriverIRQHandler
 .text.SystemInit
                0x0000070c       0x3c ./device/system_MK64F12.o
                0x0000070c                SystemInit
 .text.__assertion_failed
                0x00000748       0x4c c:/nxp/mcuxpressoide_11.0.1_2563/ide/plugins/com.nxp.mcuxpresso.tools.win32_11.0.1.201907311258/tools/bin/../lib/gcc/arm-none-eabi/8.2.1/../../../../arm-none-eabi/lib/thumb/v7e-m+fp/hard\libcr_semihost_nf.a(_cr_assert.o)
                0x00000748                __assertion_failed
 .text.__sys_appexit
                0x00000794        0xc c:/nxp/mcuxpressoide_11.0.1_2563/ide/plugins/com.nxp.mcuxpresso.tools.win32_11.0.1.201907311258/tools/bin/../lib/gcc/arm-none-eabi/8.2.1/../../../../arm-none-eabi/lib/thumb/v7e-m+fp/hard\libcr_semihost_nf.a(__sys_appexit.o)
                0x00000794                __sys_appexit
                0x00000794                __exit
 .text._Cwritebuf
                0x000007a0       0x6c c:/nxp/mcuxpressoide_11.0.1_2563/ide/plugins/com.nxp.mcuxpresso.tools.win32_11.0.1.201907311258/tools/bin/../lib/gcc/arm-none-eabi/8.2.1/../../../../arm-none-eabi/lib/thumb/v7e-m+fp/hard\libcr_c.a(_writebuf.o)
                0x000007a0                _Cwritebuf
 .text.malloc   0x0000080c       0xc8 c:/nxp/mcuxpressoide_11.0.1_2563/ide/plugins/com.nxp.mcuxpresso.tools.win32_11.0.1.201907311258/tools/bin/../lib/gcc/arm-none-eabi/8.2.1/../../../../arm-none-eabi/lib/thumb/v7e-m+fp/hard\libcr_c.a(alloc.o)
                0x0000080c                malloc
 .text._Csys_alloc
                0x000008d4       0x20 c:/nxp/mcuxpressoide_11.0.1_2563/ide/plugins/com.nxp.mcuxpresso.tools.win32_11.0.1.201907311258/tools/bin/../lib/gcc/arm-none-eabi/8.2.1/../../../../arm-none-eabi/lib/thumb/v7e-m+fp/hard\libcr_c.a(alloc.o)
                0x000008d4                _Csys_alloc
 .text.fseek    0x000008f4      0x100 c:/nxp/mcuxpressoide_11.0.1_2563/ide/plugins/com.nxp.mcuxpresso.tools.win32_11.0.1.201907311258/tools/bin/../lib/gcc/arm-none-eabi/8.2.1/../../../../arm-none-eabi/lib/thumb/v7e-m+fp/hard\libcr_c.a(fseek.o)
                0x000008f4                fseek
 .text.ftell    0x000009f4       0x48 c:/nxp/mcuxpressoide_11.0.1_2563/ide/plugins/com.nxp.mcuxpresso.tools.win32_11.0.1.201907311258/tools/bin/../lib/gcc/arm-none-eabi/8.2.1/../../../../arm-none-eabi/lib/thumb/v7e-m+fp/hard\libcr_c.a(ftell.o)
                0x000009f4                ftell
 .text._initio  0x00000a3c       0x78 c:/nxp/mcuxpressoide_11.0.1_2563/ide/plugins/com.nxp.mcuxpresso.tools.win32_11.0.1.201907311258/tools/bin/../lib/gcc/arm-none-eabi/8.2.1/../../../../arm-none-eabi/lib/thumb/v7e-m+fp/hard\libcr_c.a(initio.o)
                0x00000a3c                _initio
 .text.setvbuf  0x00000ab4       0x40 c:/nxp/mcuxpressoide_11.0.1_2563/ide/plugins/com.nxp.mcuxpresso.tools.win32_11.0.1.201907311258/tools/bin/../lib/gcc/arm-none-eabi/8.2.1/../../../../arm-none-eabi/lib/thumb/v7e-m+fp/hard\libcr_c.a(setvbuf.o)
                0x00000ab4                setvbuf
 .text._sbrk    0x00000af4       0x3c c:/nxp/mcuxpressoide_11.0.1_2563/ide/plugins/com.nxp.mcuxpresso.tools.win32_11.0.1.201907311258/tools/bin/../lib/gcc/arm-none-eabi/8.2.1/../../../../arm-none-eabi/lib/thumb/v7e-m+fp/hard\libcr_c.a(_cr_sbrk.o)
                0x00000af4                _sbrk
 .text.fflush   0x00000b30       0x44 c:/nxp/mcuxpressoide_11.0.1_2563/ide/plugins/com.nxp.mcuxpresso.tools.win32_11.0.1.201907311258/tools/bin/../lib/gcc/arm-none-eabi/8.2.1/../../../../arm-none-eabi/lib/thumb/v7e-m+fp/hard\libcr_c.a(fflush.o)
                0x00000b30                fflush
 .text.__check_heap_overflow
                0x00000b74       0x18 c:/nxp/mcuxpressoide_11.0.1_2563/ide/plugins/com.nxp.mcuxpresso.tools.win32_11.0.1.201907311258/tools/bin/../lib/gcc/arm-none-eabi/8.2.1/../../../../arm-none-eabi/lib/thumb/v7e-m+fp/hard\libcr_c.a(_cr_check_heap.o)
                0x00000b74                __check_heap_overflow
 .text.DMA0_IRQHandler
                0x00000b8c        0x8 ./startup/startup_mk64f12.o
                0x00000b8c                DMA0_IRQHandler
 .text.DMA1_IRQHandler
                0x00000b94        0x8 ./startup/startup_mk64f12.o
                0x00000b94                DMA1_IRQHandler
 .text.DMA2_IRQHandler
                0x00000b9c        0x8 ./startup/startup_mk64f12.o
                0x00000b9c                DMA2_IRQHandler
 .text.DMA3_IRQHandler
                0x00000ba4        0x8 ./startup/startup_mk64f12.o
                0x00000ba4                DMA3_IRQHandler
 .text.DMA4_IRQHandler
                0x00000bac        0x8 ./startup/startup_mk64f12.o
                0x00000bac                DMA4_IRQHandler
 .text.DMA5_IRQHandler
                0x00000bb4        0x8 ./startup/startup_mk64f12.o
                0x00000bb4                DMA5_IRQHandler
 .text.DMA6_IRQHandler
                0x00000bbc        0x8 ./startup/startup_mk64f12.o
                0x00000bbc                DMA6_IRQHandler
 .text.DMA7_IRQHandler
                0x00000bc4        0x8 ./startup/startup_mk64f12.o
                0x00000bc4                DMA7_IRQHandler
 .text.DMA8_IRQHandler
                0x00000bcc        0x8 ./startup/startup_mk64f12.o
                0x00000bcc                DMA8_IRQHandler
 .text.DMA9_IRQHandler
                0x00000bd4        0x8 ./startup/startup_mk64f12.o
                0x00000bd4                DMA9_IRQHandler
 .text.DMA10_IRQHandler
                0x00000bdc        0x8 ./startup/startup_mk64f12.o
                0x00000bdc                DMA10_IRQHandler
 .text.DMA11_IRQHandler
                0x00000be4        0x8 ./startup/startup_mk64f12.o
                0x00000be4                DMA11_IRQHandler
 .text.DMA12_IRQHandler
                0x00000bec        0x8 ./startup/startup_mk64f12.o
                0x00000bec                DMA12_IRQHandler
 .text.DMA13_IRQHandler
                0x00000bf4        0x8 ./startup/startup_mk64f12.o
                0x00000bf4                DMA13_IRQHandler
 .text.DMA14_IRQHandler
                0x00000bfc        0x8 ./startup/startup_mk64f12.o
                0x00000bfc                DMA14_IRQHandler
 .text.DMA15_IRQHandler
                0x00000c04        0x8 ./startup/startup_mk64f12.o
                0x00000c04                DMA15_IRQHandler
 .text.DMA_Error_IRQHandler
                0x00000c0c        0x8 ./startup/startup_mk64f12.o
                0x00000c0c                DMA_Error_IRQHandler
 .text.MCM_IRQHandler
                0x00000c14        0x8 ./startup/startup_mk64f12.o
                0x00000c14                MCM_IRQHandler
 .text.FTFE_IRQHandler
                0x00000c1c        0x8 ./startup/startup_mk64f12.o
                0x00000c1c                FTFE_IRQHandler
 .text.Read_Collision_IRQHandler
                0x00000c24        0x8 ./startup/startup_mk64f12.o
                0x00000c24                Read_Collision_IRQHandler
 .text.LVD_LVW_IRQHandler
                0x00000c2c        0x8 ./startup/startup_mk64f12.o
                0x00000c2c                LVD_LVW_IRQHandler
 .text.LLWU_IRQHandler
                0x00000c34        0x8 ./startup/startup_mk64f12.o
                0x00000c34                LLWU_IRQHandler
 .text.WDOG_EWM_IRQHandler
                0x00000c3c        0x8 ./startup/startup_mk64f12.o
                0x00000c3c                WDOG_EWM_IRQHandler
 .text.RNG_IRQHandler
                0x00000c44        0x8 ./startup/startup_mk64f12.o
                0x00000c44                RNG_IRQHandler
 .text.I2C0_IRQHandler
                0x00000c4c        0x8 ./startup/startup_mk64f12.o
                0x00000c4c                I2C0_IRQHandler
 .text.I2C1_IRQHandler
                0x00000c54        0x8 ./startup/startup_mk64f12.o
                0x00000c54                I2C1_IRQHandler
 .text.SPI0_IRQHandler
                0x00000c5c        0x8 ./startup/startup_mk64f12.o
                0x00000c5c                SPI0_IRQHandler
 .text.SPI1_IRQHandler
                0x00000c64        0x8 ./startup/startup_mk64f12.o
                0x00000c64                SPI1_IRQHandler
 .text.I2S0_Tx_IRQHandler
                0x00000c6c        0x8 ./startup/startup_mk64f12.o
                0x00000c6c                I2S0_Tx_IRQHandler
 .text.I2S0_Rx_IRQHandler
                0x00000c74        0x8 ./startup/startup_mk64f12.o
                0x00000c74                I2S0_Rx_IRQHandler
 .text.UART0_LON_IRQHandler
                0x00000c7c        0x8 ./startup/startup_mk64f12.o
                0x00000c7c                UART0_LON_IRQHandler
 .text.UART0_RX_TX_IRQHandler
                0x00000c84        0x8 ./startup/startup_mk64f12.o
                0x00000c84                UART0_RX_TX_IRQHandler
 .text.UART0_ERR_IRQHandler
                0x00000c8c        0x8 ./startup/startup_mk64f12.o
                0x00000c8c                UART0_ERR_IRQHandler
 .text.UART1_RX_TX_IRQHandler
                0x00000c94        0x8 ./startup/startup_mk64f12.o
                0x00000c94                UART1_RX_TX_IRQHandler
 .text.UART1_ERR_IRQHandler
                0x00000c9c        0x8 ./startup/startup_mk64f12.o
                0x00000c9c                UART1_ERR_IRQHandler
 .text.UART2_RX_TX_IRQHandler
                0x00000ca4        0x8 ./startup/startup_mk64f12.o
                0x00000ca4                UART2_RX_TX_IRQHandler
 .text.UART2_ERR_IRQHandler
                0x00000cac        0x8 ./startup/startup_mk64f12.o
                0x00000cac                UART2_ERR_IRQHandler
 .text.UART3_RX_TX_IRQHandler
                0x00000cb4        0x8 ./startup/startup_mk64f12.o
                0x00000cb4                UART3_RX_TX_IRQHandler
 .text.UART3_ERR_IRQHandler
                0x00000cbc        0x8 ./startup/startup_mk64f12.o
                0x00000cbc                UART3_ERR_IRQHandler
 .text.ADC0_IRQHandler
                0x00000cc4        0x8 ./startup/startup_mk64f12.o
                0x00000cc4                ADC0_IRQHandler
 .text.CMP0_IRQHandler
                0x00000ccc        0x8 ./startup/startup_mk64f12.o
                0x00000ccc                CMP0_IRQHandler
 .text.CMP1_IRQHandler
                0x00000cd4        0x8 ./startup/startup_mk64f12.o
                0x00000cd4                CMP1_IRQHandler
 .text.FTM0_IRQHandler
                0x00000cdc        0x8 ./startup/startup_mk64f12.o
                0x00000cdc                FTM0_IRQHandler
 .text.FTM1_IRQHandler
                0x00000ce4        0x8 ./startup/startup_mk64f12.o
                0x00000ce4                FTM1_IRQHandler
 .text.FTM2_IRQHandler
                0x00000cec        0x8 ./startup/startup_mk64f12.o
                0x00000cec                FTM2_IRQHandler
 .text.CMT_IRQHandler
                0x00000cf4        0x8 ./startup/startup_mk64f12.o
                0x00000cf4                CMT_IRQHandler
 .text.RTC_IRQHandler
                0x00000cfc        0x8 ./startup/startup_mk64f12.o
                0x00000cfc                RTC_IRQHandler
 .text.RTC_Seconds_IRQHandler
                0x00000d04        0x8 ./startup/startup_mk64f12.o
                0x00000d04                RTC_Seconds_IRQHandler
 .text.PIT0_IRQHandler
                0x00000d0c        0x8 ./startup/startup_mk64f12.o
                0x00000d0c                PIT0_IRQHandler
 .text.PIT1_IRQHandler
                0x00000d14        0x8 ./startup/startup_mk64f12.o
                0x00000d14                PIT1_IRQHandler
 .text.PIT2_IRQHandler
                0x00000d1c        0x8 ./startup/startup_mk64f12.o
                0x00000d1c                PIT2_IRQHandler
 .text.PIT3_IRQHandler
                0x00000d24        0x8 ./startup/startup_mk64f12.o
                0x00000d24                PIT3_IRQHandler
 .text.PDB0_IRQHandler
                0x00000d2c        0x8 ./startup/startup_mk64f12.o
                0x00000d2c                PDB0_IRQHandler
 .text.USB0_IRQHandler
                0x00000d34        0x8 ./startup/startup_mk64f12.o
                0x00000d34                USB0_IRQHandler
 .text.USBDCD_IRQHandler
                0x00000d3c        0x8 ./startup/startup_mk64f12.o
                0x00000d3c                USBDCD_IRQHandler
 .text.Reserved71_IRQHandler
                0x00000d44        0x8 ./startup/startup_mk64f12.o
                0x00000d44                Reserved71_IRQHandler
 .text.DAC0_IRQHandler
                0x00000d4c        0x8 ./startup/startup_mk64f12.o
                0x00000d4c                DAC0_IRQHandler
 .text.MCG_IRQHandler
                0x00000d54        0x8 ./startup/startup_mk64f12.o
                0x00000d54                MCG_IRQHandler
 .text.LPTMR0_IRQHandler
                0x00000d5c        0x8 ./startup/startup_mk64f12.o
                0x00000d5c                LPTMR0_IRQHandler
 .text.PORTA_IRQHandler
                0x00000d64        0x8 ./startup/startup_mk64f12.o
                0x00000d64                PORTA_IRQHandler
 .text.PORTB_IRQHandler
                0x00000d6c        0x8 ./startup/startup_mk64f12.o
                0x00000d6c                PORTB_IRQHandler
 .text.PORTC_IRQHandler
                0x00000d74        0x8 ./startup/startup_mk64f12.o
                0x00000d74                PORTC_IRQHandler
 .text.PORTD_IRQHandler
                0x00000d7c        0x8 ./startup/startup_mk64f12.o
                0x00000d7c                PORTD_IRQHandler
 .text.PORTE_IRQHandler
                0x00000d84        0x8 ./startup/startup_mk64f12.o
                0x00000d84                PORTE_IRQHandler
 .text.SWI_IRQHandler
                0x00000d8c        0x8 ./startup/startup_mk64f12.o
                0x00000d8c                SWI_IRQHandler
 .text.SPI2_IRQHandler
                0x00000d94        0x8 ./startup/startup_mk64f12.o
                0x00000d94                SPI2_IRQHandler
 .text.UART4_RX_TX_IRQHandler
                0x00000d9c        0x8 ./startup/startup_mk64f12.o
                0x00000d9c                UART4_RX_TX_IRQHandler
 .text.UART4_ERR_IRQHandler
                0x00000da4        0x8 ./startup/startup_mk64f12.o
                0x00000da4                UART4_ERR_IRQHandler
 .text.UART5_RX_TX_IRQHandler
                0x00000dac        0x8 ./startup/startup_mk64f12.o
                0x00000dac                UART5_RX_TX_IRQHandler
 .text.UART5_ERR_IRQHandler
                0x00000db4        0x8 ./startup/startup_mk64f12.o
                0x00000db4                UART5_ERR_IRQHandler
 .text.CMP2_IRQHandler
                0x00000dbc        0x8 ./startup/startup_mk64f12.o
                0x00000dbc                CMP2_IRQHandler
 .text.FTM3_IRQHandler
                0x00000dc4        0x8 ./startup/startup_mk64f12.o
                0x00000dc4                FTM3_IRQHandler
 .text.DAC1_IRQHandler
                0x00000dcc        0x8 ./startup/startup_mk64f12.o
                0x00000dcc                DAC1_IRQHandler
 .text.ADC1_IRQHandler
                0x00000dd4        0x8 ./startup/startup_mk64f12.o
                0x00000dd4                ADC1_IRQHandler
 .text.I2C2_IRQHandler
                0x00000ddc        0x8 ./startup/startup_mk64f12.o
                0x00000ddc                I2C2_IRQHandler
 .text.CAN0_ORed_Message_buffer_IRQHandler
                0x00000de4        0x8 ./startup/startup_mk64f12.o
                0x00000de4                CAN0_ORed_Message_buffer_IRQHandler
 .text.CAN0_Bus_Off_IRQHandler
                0x00000dec        0x8 ./startup/startup_mk64f12.o
                0x00000dec                CAN0_Bus_Off_IRQHandler
 .text.CAN0_Error_IRQHandler
                0x00000df4        0x8 ./startup/startup_mk64f12.o
                0x00000df4                CAN0_Error_IRQHandler
 .text.CAN0_Tx_Warning_IRQHandler
                0x00000dfc        0x8 ./startup/startup_mk64f12.o
                0x00000dfc                CAN0_Tx_Warning_IRQHandler
 .text.CAN0_Rx_Warning_IRQHandler
                0x00000e04        0x8 ./startup/startup_mk64f12.o
                0x00000e04                CAN0_Rx_Warning_IRQHandler
 .text.CAN0_Wake_Up_IRQHandler
                0x00000e0c        0x8 ./startup/startup_mk64f12.o
                0x00000e0c                CAN0_Wake_Up_IRQHandler
 .text.SDHC_IRQHandler
                0x00000e14        0x8 ./startup/startup_mk64f12.o
                0x00000e14                SDHC_IRQHandler
 .text.ENET_1588_Timer_IRQHandler
                0x00000e1c        0x8 ./startup/startup_mk64f12.o
                0x00000e1c                ENET_1588_Timer_IRQHandler
 .text.ENET_Transmit_IRQHandler
                0x00000e24        0x8 ./startup/startup_mk64f12.o
                0x00000e24                ENET_Transmit_IRQHandler
 .text.ENET_Receive_IRQHandler
                0x00000e2c        0x8 ./startup/startup_mk64f12.o
                0x00000e2c                ENET_Receive_IRQHandler
 .text.ENET_Error_IRQHandler
                0x00000e34        0x8 ./startup/startup_mk64f12.o
                0x00000e34                ENET_Error_IRQHandler
 .text.DSPI_IsMaster
                0x00000e3c       0x22 ./drivers/fsl_dspi.o
 .text.UART0_RX_TX_DriverIRQHandler
                0x00000e5e       0x10 ./drivers/fsl_uart.o
                0x00000e5e                UART0_RX_TX_DriverIRQHandler
 .text.UART1_RX_TX_DriverIRQHandler
                0x00000e6e       0x10 ./drivers/fsl_uart.o
                0x00000e6e                UART1_RX_TX_DriverIRQHandler
 .text.UART2_RX_TX_DriverIRQHandler
                0x00000e7e       0x10 ./drivers/fsl_uart.o
                0x00000e7e                UART2_RX_TX_DriverIRQHandler
 .text.UART3_RX_TX_DriverIRQHandler
                0x00000e8e       0x10 ./drivers/fsl_uart.o
                0x00000e8e                UART3_RX_TX_DriverIRQHandler
 .text.UART4_RX_TX_DriverIRQHandler
                0x00000e9e       0x10 ./drivers/fsl_uart.o
                0x00000e9e                UART4_RX_TX_DriverIRQHandler
 .text.UART5_RX_TX_DriverIRQHandler
                0x00000eae       0x10 ./drivers/fsl_uart.o
                0x00000eae                UART5_RX_TX_DriverIRQHandler
 .text.SystemInitHook
                0x00000ebe        0xe ./device/system_MK64F12.o
                0x00000ebe                SystemInitHook
 .text.__main   0x00000ecc        0xe c:/nxp/mcuxpressoide_11.0.1_2563/ide/plugins/com.nxp.mcuxpresso.tools.win32_11.0.1.201907311258/tools/bin/../lib/gcc/arm-none-eabi/8.2.1/../../../../arm-none-eabi/lib/thumb/v7e-m+fp/hard\libcr_semihost_nf.a(_cr__main.o)
                0x00000ecc                __CR_SEMIHOST
                0x00000ecc                __main
 .text.memset   0x00000eda        0x4 c:/nxp/mcuxpressoide_11.0.1_2563/ide/plugins/com.nxp.mcuxpresso.tools.win32_11.0.1.201907311258/tools/bin/../lib/gcc/arm-none-eabi/8.2.1/../../../../arm-none-eabi/lib/thumb/v7e-m+fp/hard\libcr_c.a(memset.o)
                0x00000eda                memset
 .text._deferredlazyseek
                0x00000ede       0x40 c:/nxp/mcuxpressoide_11.0.1_2563/ide/plugins/com.nxp.mcuxpresso.tools.win32_11.0.1.201907311258/tools/bin/../lib/gcc/arm-none-eabi/8.2.1/../../../../arm-none-eabi/lib/thumb/v7e-m+fp/hard\libcr_c.a(_deferredlazyseek.o)
                0x00000ede                _deferredlazyseek
 .text.__flsbuf
                0x00000f1e      0x140 c:/nxp/mcuxpressoide_11.0.1_2563/ide/plugins/com.nxp.mcuxpresso.tools.win32_11.0.1.201907311258/tools/bin/../lib/gcc/arm-none-eabi/8.2.1/../../../../arm-none-eabi/lib/thumb/v7e-m+fp/hard\libcr_c.a(_deferredlazyseek.o)
                0x00000f1e                __flsbuf
 .text._fflush  0x0000105e       0x52 c:/nxp/mcuxpressoide_11.0.1_2563/ide/plugins/com.nxp.mcuxpresso.tools.win32_11.0.1.201907311258/tools/bin/../lib/gcc/arm-none-eabi/8.2.1/../../../../arm-none-eabi/lib/thumb/v7e-m+fp/hard\libcr_c.a(_fflush.o)
                0x0000105e                _fflush
 .text.free     0x000010b0       0x30 c:/nxp/mcuxpressoide_11.0.1_2563/ide/plugins/com.nxp.mcuxpresso.tools.win32_11.0.1.201907311258/tools/bin/../lib/gcc/arm-none-eabi/8.2.1/../../../../arm-none-eabi/lib/thumb/v7e-m+fp/hard\libcr_c.a(alloc.o)
                0x000010b0                free
 .text.fputs    0x000010e0       0x2c c:/nxp/mcuxpressoide_11.0.1_2563/ide/plugins/com.nxp.mcuxpresso.tools.win32_11.0.1.201907311258/tools/bin/../lib/gcc/arm-none-eabi/8.2.1/../../../../arm-none-eabi/lib/thumb/v7e-m+fp/hard\libcr_c.a(fputs.o)
                0x000010e0                fputs
 .text.strlen   0x0000110c       0x4c c:/nxp/mcuxpressoide_11.0.1_2563/ide/plugins/com.nxp.mcuxpresso.tools.win32_11.0.1.201907311258/tools/bin/../lib/gcc/arm-none-eabi/8.2.1/../../../../arm-none-eabi/lib/thumb/v7e-m+fp/hard\libcr_c.a(strlen.o)
                0x0000110c                strlen
 .text._fdopen  0x00001158       0x68 c:/nxp/mcuxpressoide_11.0.1_2563/ide/plugins/com.nxp.mcuxpresso.tools.win32_11.0.1.201907311258/tools/bin/../lib/gcc/arm-none-eabi/8.2.1/../../../../arm-none-eabi/lib/thumb/v7e-m+fp/hard\libcr_c.a(_fdopen.o)
                0x00001158                _fdopen
 .text.fclose   0x000011c0       0x58 c:/nxp/mcuxpressoide_11.0.1_2563/ide/plugins/com.nxp.mcuxpresso.tools.win32_11.0.1.201907311258/tools/bin/../lib/gcc/arm-none-eabi/8.2.1/../../../../arm-none-eabi/lib/thumb/v7e-m+fp/hard\libcr_c.a(fclose.o)
                0x000011c0                fclose
 .text.remove   0x00001218       0x14 c:/nxp/mcuxpressoide_11.0.1_2563/ide/plugins/com.nxp.mcuxpresso.tools.win32_11.0.1.201907311258/tools/bin/../lib/gcc/arm-none-eabi/8.2.1/../../../../arm-none-eabi/lib/thumb/v7e-m+fp/hard\libcr_c.a(remove.o)
                0x00001218                remove
 .text._do_fflush
                0x0000122c       0x40 c:/nxp/mcuxpressoide_11.0.1_2563/ide/plugins/com.nxp.mcuxpresso.tools.win32_11.0.1.201907311258/tools/bin/../lib/gcc/arm-none-eabi/8.2.1/../../../../arm-none-eabi/lib/thumb/v7e-m+fp/hard\libcr_c.a(_do_fflush.o)
                0x0000122c                _do_fflush
 .text.__aeabi_memset_lowlevel
                0x0000126c       0x32 c:/nxp/mcuxpressoide_11.0.1_2563/ide/plugins/com.nxp.mcuxpresso.tools.win32_11.0.1.201907311258/tools/bin/../lib/gcc/arm-none-eabi/8.2.1/thumb/v7e-m+fp/hard\libcr_eabihelpers.a(memcpy.o)
                0x0000126c                __aeabi_lowlevel_memset
 .text.__sys_close
                0x0000129e        0xc c:/nxp/mcuxpressoide_11.0.1_2563/ide/plugins/com.nxp.mcuxpresso.tools.win32_11.0.1.201907311258/tools/bin/../lib/gcc/arm-none-eabi/8.2.1/../../../../arm-none-eabi/lib/thumb/v7e-m+fp/hard\libcr_semihost_nf.a(__sys_close.o)
                0x0000129e                __sys_close
 .text.__sys_flen
                0x000012aa        0xc c:/nxp/mcuxpressoide_11.0.1_2563/ide/plugins/com.nxp.mcuxpresso.tools.win32_11.0.1.201907311258/tools/bin/../lib/gcc/arm-none-eabi/8.2.1/../../../../arm-none-eabi/lib/thumb/v7e-m+fp/hard\libcr_semihost_nf.a(__sys_flen.o)
                0x000012aa                __sys_flen
 .text.__sys_istty
                0x000012b6        0xc c:/nxp/mcuxpressoide_11.0.1_2563/ide/plugins/com.nxp.mcuxpresso.tools.win32_11.0.1.201907311258/tools/bin/../lib/gcc/arm-none-eabi/8.2.1/../../../../arm-none-eabi/lib/thumb/v7e-m+fp/hard\libcr_semihost_nf.a(__sys_istty.o)
                0x000012b6                __sys_istty
 .text.__sys_remove
                0x000012c2        0xc c:/nxp/mcuxpressoide_11.0.1_2563/ide/plugins/com.nxp.mcuxpresso.tools.win32_11.0.1.201907311258/tools/bin/../lib/gcc/arm-none-eabi/8.2.1/../../../../arm-none-eabi/lib/thumb/v7e-m+fp/hard\libcr_semihost_nf.a(__sys_remove.o)
                0x000012c2                __sys_remove
 .text.__sys_seek
                0x000012ce        0xc c:/nxp/mcuxpressoide_11.0.1_2563/ide/plugins/com.nxp.mcuxpresso.tools.win32_11.0.1.201907311258/tools/bin/../lib/gcc/arm-none-eabi/8.2.1/../../../../arm-none-eabi/lib/thumb/v7e-m+fp/hard\libcr_semihost_nf.a(__sys_seek.o)
                0x000012ce                __sys_seek
 .text.__sys_tmpnam
                0x000012da        0xc c:/nxp/mcuxpressoide_11.0.1_2563/ide/plugins/com.nxp.mcuxpresso.tools.win32_11.0.1.201907311258/tools/bin/../lib/gcc/arm-none-eabi/8.2.1/../../../../arm-none-eabi/lib/thumb/v7e-m+fp/hard\libcr_semihost_nf.a(__sys_tmpnam.o)
                0x000012da                __sys_tmpnam
 .text.__sys_write
                0x000012e6        0xc c:/nxp/mcuxpressoide_11.0.1_2563/ide/plugins/com.nxp.mcuxpresso.tools.win32_11.0.1.201907311258/tools/bin/../lib/gcc/arm-none-eabi/8.2.1/../../../../arm-none-eabi/lib/thumb/v7e-m+fp/hard\libcr_semihost_nf.a(__sys_write.o)
                0x000012e6                __sys_write
 *(SORT_BY_ALIGNMENT(.rodata) SORT_BY_ALIGNMENT(.rodata.*) SORT_BY_ALIGNMENT(.constdata) SORT_BY_ALIGNMENT(.constdata.*))
 *fill*         0x000012f2        0x2 ff
 .rodata        0x000012f4      0x625 ./drivers/fsl_dspi.o
 *fill*         0x00001919        0x3 ff
 .rodata.__num_Ciob_streams
                0x0000191c        0x4 c:/nxp/mcuxpressoide_11.0.1_2563/ide/plugins/com.nxp.mcuxpresso.tools.win32_11.0.1.201907311258/tools/bin/../lib/gcc/arm-none-eabi/8.2.1/../../../../arm-none-eabi/lib/thumb/v7e-m+fp/hard\libcr_semihost_nf.a(__ciob.o)
                0x0000191c                __num_Ciob_streams
 .rodata.__assertion_failed.str1.1
                0x00001920       0x15 c:/nxp/mcuxpressoide_11.0.1_2563/ide/plugins/com.nxp.mcuxpresso.tools.win32_11.0.1.201907311258/tools/bin/../lib/gcc/arm-none-eabi/8.2.1/../../../../arm-none-eabi/lib/thumb/v7e-m+fp/hard\libcr_semihost_nf.a(_cr_assert.o)
 .rodata._Csys_alloc.str1.1
                0x00001935       0x18 c:/nxp/mcuxpressoide_11.0.1_2563/ide/plugins/com.nxp.mcuxpresso.tools.win32_11.0.1.201907311258/tools/bin/../lib/gcc/arm-none-eabi/8.2.1/../../../../arm-none-eabi/lib/thumb/v7e-m+fp/hard\libcr_c.a(alloc.o)
 .rodata._initio.str1.1
                0x0000194d        0x4 c:/nxp/mcuxpressoide_11.0.1_2563/ide/plugins/com.nxp.mcuxpresso.tools.win32_11.0.1.201907311258/tools/bin/../lib/gcc/arm-none-eabi/8.2.1/../../../../arm-none-eabi/lib/thumb/v7e-m+fp/hard\libcr_c.a(initio.o)
                0x00001958                . = ALIGN (0x8)
 *fill*         0x00001951        0x7 ff

.glue_7         0x00001958        0x0
 .glue_7        0x00001958        0x0 linker stubs

.glue_7t        0x00001958        0x0
 .glue_7t       0x00001958        0x0 linker stubs

.vfp11_veneer   0x00001958        0x0
 .vfp11_veneer  0x00001958        0x0 linker stubs

.v4_bx          0x00001958        0x0
 .v4_bx         0x00001958        0x0 linker stubs

.iplt           0x00001958        0x0
 .iplt          0x00001958        0x0 ./startup/startup_mk64f12.o

.rel.dyn        0x00001958        0x0
 .rel.iplt      0x00001958        0x0 ./startup/startup_mk64f12.o

.ARM.extab
 *(SORT_BY_ALIGNMENT(.ARM.extab*) SORT_BY_ALIGNMENT(.gnu.linkonce.armextab.*))
                0x00001958                __exidx_start = .

.ARM.exidx
 *(SORT_BY_ALIGNMENT(.ARM.exidx*) SORT_BY_ALIGNMENT(.gnu.linkonce.armexidx.*))
                0x00001958                __exidx_end = .
                0x00001958                _etext = .

.m_usb_data
 *(SORT_BY_ALIGNMENT(m_usb_bdt))

.data_RAM2      0x1fff0000        0x0 load address 0x00001958
 FILL mask 0xff
                [!provide]                PROVIDE (__start_data_RAM2 = .)
 *(SORT_BY_ALIGNMENT(.ramfunc.$RAM2))
 *(SORT_BY_ALIGNMENT(.ramfunc.$SRAM_LOWER))
 *(SORT_BY_ALIGNMENT(.data.$RAM2))
 *(SORT_BY_ALIGNMENT(.data.$SRAM_LOWER))
 *(SORT_BY_ALIGNMENT(.data.$RAM2.*))
 *(SORT_BY_ALIGNMENT(.data.$SRAM_LOWER.*))
                0x1fff0000                . = ALIGN (0x8)
                [!provide]                PROVIDE (__end_data_RAM2 = .)

.data_RAM3      0x14000000        0x0 load address 0x00001958
 FILL mask 0xff
                [!provide]                PROVIDE (__start_data_RAM3 = .)
 *(SORT_BY_ALIGNMENT(.ramfunc.$RAM3))
 *(SORT_BY_ALIGNMENT(.ramfunc.$FLEX_RAM))
 *(SORT_BY_ALIGNMENT(.data.$RAM3))
 *(SORT_BY_ALIGNMENT(.data.$FLEX_RAM))
 *(SORT_BY_ALIGNMENT(.data.$RAM3.*))
 *(SORT_BY_ALIGNMENT(.data.$FLEX_RAM.*))
                0x14000000                . = ALIGN (0x8)
                [!provide]                PROVIDE (__end_data_RAM3 = .)

.uninit_RESERVED
                0x20000000        0x0
                0x20000000                . = ALIGN (0x8)
 *(SORT_BY_ALIGNMENT(.bss.$RESERVED*))
                0x20000000                . = ALIGN (0x8)
                0x20000000                _end_uninit_RESERVED = .

.data           0x20000000        0x0 load address 0x00001958
 FILL mask 0xff
                0x20000000                _data = .
 *(SORT_BY_ALIGNMENT(vtable))
 *(SORT_BY_ALIGNMENT(.ramfunc*))
 *(SORT_BY_ALIGNMENT(CodeQuickAccess))
 *(SORT_BY_ALIGNMENT(DataQuickAccess))
 *(SORT_BY_ALIGNMENT(RamFunction))
 *(SORT_BY_ALIGNMENT(.data*))
                0x20000000                . = ALIGN (0x8)
                0x20000000                _edata = .

.igot.plt       0x20000000        0x0 load address 0x00001958
 .igot.plt      0x20000000        0x0 ./startup/startup_mk64f12.o

.bss_RAM2       0x1fff0000        0x0
                0x1fff0000                . = ALIGN (0x8)
                [!provide]                PROVIDE (__start_bss_RAM2 = .)
 *(SORT_BY_ALIGNMENT(.bss.$RAM2))
 *(SORT_BY_ALIGNMENT(.bss.$SRAM_LOWER))
 *(SORT_BY_ALIGNMENT(.bss.$RAM2.*))
 *(SORT_BY_ALIGNMENT(.bss.$SRAM_LOWER.*))
                0x1fff0000                . = ALIGN ((. != 0x0)?0x8:0x1)
                [!provide]                PROVIDE (__end_bss_RAM2 = .)

.bss_RAM3       0x14000000        0x0
                0x14000000                . = ALIGN (0x8)
                [!provide]                PROVIDE (__start_bss_RAM3 = .)
 *(SORT_BY_ALIGNMENT(.bss.$RAM3))
 *(SORT_BY_ALIGNMENT(.bss.$FLEX_RAM))
 *(SORT_BY_ALIGNMENT(.bss.$RAM3.*))
 *(SORT_BY_ALIGNMENT(.bss.$FLEX_RAM.*))
                0x14000000                . = ALIGN ((. != 0x0)?0x8:0x1)
                [!provide]                PROVIDE (__end_bss_RAM3 = .)

.bss            0x20000000      0x108
                0x20000000                . = ALIGN (0x8)
                0x20000000                _bss = .
 *(SORT_BY_ALIGNMENT(.bss*))
 .bss.g_dspiHandle
                0x20000000        0xc ./drivers/fsl_dspi.o
 .bss.s_dspiMasterIsr
                0x2000000c        0x4 ./drivers/fsl_dspi.o
 .bss.s_dspiSlaveIsr
                0x20000010        0x4 ./drivers/fsl_dspi.o
 .bss.s_i2cHandle
                0x20000014        0xc ./drivers/fsl_i2c.o
 .bss.s_i2cMasterIsr
                0x20000020        0x4 ./drivers/fsl_i2c.o
 .bss.s_i2cSlaveIsr
                0x20000024        0x4 ./drivers/fsl_i2c.o
 .bss.s_uartHandle
                0x20000028       0x18 ./drivers/fsl_uart.o
 .bss.s_uartIsr
                0x20000040        0x4 ./drivers/fsl_uart.o
 .bss.__Ciob    0x20000044       0xb4 c:/nxp/mcuxpressoide_11.0.1_2563/ide/plugins/com.nxp.mcuxpresso.tools.win32_11.0.1.201907311258/tools/bin/../lib/gcc/arm-none-eabi/8.2.1/../../../../arm-none-eabi/lib/thumb/v7e-m+fp/hard\libcr_semihost_nf.a(__ciob.o)
                0x20000044                __Ciob
 .bss.__end_of_heap
                0x200000f8        0x4 c:/nxp/mcuxpressoide_11.0.1_2563/ide/plugins/com.nxp.mcuxpresso.tools.win32_11.0.1.201907311258/tools/bin/../lib/gcc/arm-none-eabi/8.2.1/../../../../arm-none-eabi/lib/thumb/v7e-m+fp/hard\libcr_c.a(__init_alloc.o)
                0x200000f8                __end_of_heap
 .bss.__heaps   0x200000fc        0x4 c:/nxp/mcuxpressoide_11.0.1_2563/ide/plugins/com.nxp.mcuxpresso.tools.win32_11.0.1.201907311258/tools/bin/../lib/gcc/arm-none-eabi/8.2.1/../../../../arm-none-eabi/lib/thumb/v7e-m+fp/hard\libcr_c.a(__init_alloc.o)
                0x200000fc                __heaps
 .bss.errno     0x20000100        0x4 c:/nxp/mcuxpressoide_11.0.1_2563/ide/plugins/com.nxp.mcuxpresso.tools.win32_11.0.1.201907311258/tools/bin/../lib/gcc/arm-none-eabi/8.2.1/../../../../arm-none-eabi/lib/thumb/v7e-m+fp/hard\libcr_c.a(errno.o)
                0x20000100                errno
 *(SORT_BY_ALIGNMENT(COMMON))
                0x20000108                . = ALIGN (0x8)
 *fill*         0x20000104        0x4 
                0x20000108                _ebss = .
                [!provide]                PROVIDE (end = .)

.noinit_RAM2    0x1fff0000        0x0
                0x1fff0000                . = ALIGN (0x8)
 *(SORT_BY_ALIGNMENT(.noinit.$RAM2))
 *(SORT_BY_ALIGNMENT(.noinit.$SRAM_LOWER))
 *(SORT_BY_ALIGNMENT(.noinit.$RAM2.*))
 *(SORT_BY_ALIGNMENT(.noinit.$SRAM_LOWER.*))
                0x1fff0000                . = ALIGN (0x8)

.noinit_RAM3    0x14000000        0x0
                0x14000000                . = ALIGN (0x8)
 *(SORT_BY_ALIGNMENT(.noinit.$RAM3))
 *(SORT_BY_ALIGNMENT(.noinit.$FLEX_RAM))
 *(SORT_BY_ALIGNMENT(.noinit.$RAM3.*))
 *(SORT_BY_ALIGNMENT(.noinit.$FLEX_RAM.*))
                0x14000000                . = ALIGN (0x8)

.noinit         0x20000108        0x0
                0x20000108                . = ALIGN (0x8)
                0x20000108                _noinit = .
 *(SORT_BY_ALIGNMENT(.noinit*))
                0x20000108                . = ALIGN (0x8)
                0x20000108                _end_noinit = .
                0x00001000                _HeapSize = 0x1000

.heap           0x20000108     0x1000
                0x20000108                _pvHeapStart = .
                0x20001108                . = (. + _HeapSize)
 *fill*         0x20000108     0x1000 
                0x20001108                . = ALIGN (0x8)
                0x20001108                _pvHeapLimit = .
                0x00001000                _StackSize = 0x1000

.heap2stackfill
                0x20001108     0x1000
                0x20002108                . = (. + _StackSize)
 *fill*         0x20001108     0x1000 

.stack          0x2002f000        0x0
                0x2002f000                _vStackBase = .
                0x2002f000                . = ALIGN (0x8)
                0x20030000                _vStackTop = (. + _StackSize)
                0x00000000                _image_start = LOADADDR (.text)
                0x00001958                _image_end = (LOADADDR (.data) + SIZEOF (.data))
                0x00001958                _image_size = (_image_end - _image_start)
OUTPUT(test.axf elf32-littlearm)

.debug_info     0x00000000     0x7409
 .debug_info    0x00000000      0x92e ./startup/startup_mk64f12.o
 .debug_info    0x0000092e      0x438 ./source/test.o
 .debug_info    0x00000d66     0x2593 ./drivers/fsl_dspi.o
 .debug_info    0x000032f9     0x1ede ./drivers/fsl_i2c.o
 .debug_info    0x000051d7     0x1ba2 ./drivers/fsl_uart.o
 .debug_info    0x00006d79      0x690 ./device/system_MK64F12.o

.debug_abbrev   0x00000000      0xe89
 .debug_abbrev  0x00000000      0x17a ./startup/startup_mk64f12.o
 .debug_abbrev  0x0000017a      0x14e ./source/test.o
 .debug_abbrev  0x000002c8      0x38a ./drivers/fsl_dspi.o
 .debug_abbrev  0x00000652      0x382 ./drivers/fsl_i2c.o
 .debug_abbrev  0x000009d4      0x345 ./drivers/fsl_uart.o
 .debug_abbrev  0x00000d19      0x170 ./device/system_MK64F12.o

.debug_aranges  0x00000000      0x850
 .debug_aranges
                0x00000000      0x330 ./startup/startup_mk64f12.o
 .debug_aranges
                0x00000330       0x28 ./source/test.o
 .debug_aranges
                0x00000358      0x1d8 ./drivers/fsl_dspi.o
 .debug_aranges
                0x00000530      0x180 ./drivers/fsl_i2c.o
 .debug_aranges
                0x000006b0      0x170 ./drivers/fsl_uart.o
 .debug_aranges
                0x00000820       0x30 ./device/system_MK64F12.o

.debug_ranges   0x00000000      0x7f0
 .debug_ranges  0x00000000      0x320 ./startup/startup_mk64f12.o
 .debug_ranges  0x00000320       0x18 ./source/test.o
 .debug_ranges  0x00000338      0x1c8 ./drivers/fsl_dspi.o
 .debug_ranges  0x00000500      0x170 ./drivers/fsl_i2c.o
 .debug_ranges  0x00000670      0x160 ./drivers/fsl_uart.o
 .debug_ranges  0x000007d0       0x20 ./device/system_MK64F12.o

.debug_macro    0x00000000      0x4ad
 .debug_macro   0x00000000       0x29 ./startup/startup_mk64f12.o
 .debug_macro   0x00000029       0x86 ./source/test.o
 .debug_macro   0x000000af      0x103 ./drivers/fsl_dspi.o
 .debug_macro   0x000001b2       0x3a ./drivers/fsl_dspi.o
 .debug_macro   0x000001ec      0x103 ./drivers/fsl_i2c.o
 .debug_macro   0x000002ef       0x1c ./drivers/fsl_i2c.o
 .debug_macro   0x0000030b      0x10a ./drivers/fsl_uart.o
 .debug_macro   0x00000415       0x98 ./device/system_MK64F12.o

.debug_line     0x00000000     0x4ad2
 .debug_line    0x00000000      0x90e ./startup/startup_mk64f12.o
 .debug_line    0x0000090e      0x250 ./source/test.o
 .debug_line    0x00000b5e     0x1727 ./drivers/fsl_dspi.o
 .debug_line    0x00002285     0x136d ./drivers/fsl_i2c.o
 .debug_line    0x000035f2     0x1138 ./drivers/fsl_uart.o
 .debug_line    0x0000472a      0x3a8 ./device/system_MK64F12.o

.debug_str      0x00000000    0x7d838
 .debug_str     0x00000000     0x36ad ./startup/startup_mk64f12.o
                               0x3705 (size before relaxing)
 .debug_str     0x000036ad    0x6e41c ./source/test.o
                              0x7130f (size before relaxing)
 .debug_str     0x00071ac9     0xa1e1 ./drivers/fsl_dspi.o
                              0x7b4a0 (size before relaxing)
 .debug_str     0x0007bcaa      0xca2 ./drivers/fsl_i2c.o
                              0x7ad3a (size before relaxing)
 .debug_str     0x0007c94c      0xdc6 ./drivers/fsl_uart.o
                              0x7ae47 (size before relaxing)
 .debug_str     0x0007d712      0x126 ./device/system_MK64F12.o
                              0x7811a (size before relaxing)

.comment        0x00000000       0x75
 .comment       0x00000000       0x75 ./startup/startup_mk64f12.o
                                 0x76 (size before relaxing)
 .comment       0x00000075       0x76 ./source/test.o
 .comment       0x00000075       0x76 ./drivers/fsl_dspi.o
 .comment       0x00000075       0x76 ./drivers/fsl_i2c.o
 .comment       0x00000075       0x76 ./drivers/fsl_uart.o
 .comment       0x00000075       0x76 ./device/system_MK64F12.o
 .comment       0x00000075       0x76 c:/nxp/mcuxpressoide_11.0.1_2563/ide/plugins/com.nxp.mcuxpresso.tools.win32_11.0.1.201907311258/tools/bin/../lib/gcc/arm-none-eabi/8.2.1/../../../../arm-none-eabi/lib/thumb/v7e-m+fp/hard\libcr_semihost_nf.a(_cr__main.o)
 .comment       0x00000075       0x76 c:/nxp/mcuxpressoide_11.0.1_2563/ide/plugins/com.nxp.mcuxpresso.tools.win32_11.0.1.201907311258/tools/bin/../lib/gcc/arm-none-eabi/8.2.1/../../../../arm-none-eabi/lib/thumb/v7e-m+fp/hard\libcr_semihost_nf.a(_cr_assert.o)
 .comment       0x00000075       0x76 c:/nxp/mcuxpressoide_11.0.1_2563/ide/plugins/com.nxp.mcuxpresso.tools.win32_11.0.1.201907311258/tools/bin/../lib/gcc/arm-none-eabi/8.2.1/../../../../arm-none-eabi/lib/thumb/v7e-m+fp/hard\libcr_semihost_nf.a(__ciob.o)
 .comment       0x00000075       0x76 c:/nxp/mcuxpressoide_11.0.1_2563/ide/plugins/com.nxp.mcuxpresso.tools.win32_11.0.1.201907311258/tools/bin/../lib/gcc/arm-none-eabi/8.2.1/../../../../arm-none-eabi/lib/thumb/v7e-m+fp/hard\libcr_c.a(memset.o)
 .comment       0x00000075       0x76 c:/nxp/mcuxpressoide_11.0.1_2563/ide/plugins/com.nxp.mcuxpresso.tools.win32_11.0.1.201907311258/tools/bin/../lib/gcc/arm-none-eabi/8.2.1/../../../../arm-none-eabi/lib/thumb/v7e-m+fp/hard\libcr_c.a(_deferredlazyseek.o)
 .comment       0x00000075       0x76 c:/nxp/mcuxpressoide_11.0.1_2563/ide/plugins/com.nxp.mcuxpresso.tools.win32_11.0.1.201907311258/tools/bin/../lib/gcc/arm-none-eabi/8.2.1/../../../../arm-none-eabi/lib/thumb/v7e-m+fp/hard\libcr_c.a(_fflush.o)
 .comment       0x00000075       0x76 c:/nxp/mcuxpressoide_11.0.1_2563/ide/plugins/com.nxp.mcuxpresso.tools.win32_11.0.1.201907311258/tools/bin/../lib/gcc/arm-none-eabi/8.2.1/../../../../arm-none-eabi/lib/thumb/v7e-m+fp/hard\libcr_c.a(_writebuf.o)
 .comment       0x00000075       0x76 c:/nxp/mcuxpressoide_11.0.1_2563/ide/plugins/com.nxp.mcuxpresso.tools.win32_11.0.1.201907311258/tools/bin/../lib/gcc/arm-none-eabi/8.2.1/../../../../arm-none-eabi/lib/thumb/v7e-m+fp/hard\libcr_c.a(alloc.o)
 .comment       0x00000075       0x76 c:/nxp/mcuxpressoide_11.0.1_2563/ide/plugins/com.nxp.mcuxpresso.tools.win32_11.0.1.201907311258/tools/bin/../lib/gcc/arm-none-eabi/8.2.1/../../../../arm-none-eabi/lib/thumb/v7e-m+fp/hard\libcr_c.a(fputs.o)
 .comment       0x00000075       0x76 c:/nxp/mcuxpressoide_11.0.1_2563/ide/plugins/com.nxp.mcuxpresso.tools.win32_11.0.1.201907311258/tools/bin/../lib/gcc/arm-none-eabi/8.2.1/../../../../arm-none-eabi/lib/thumb/v7e-m+fp/hard\libcr_c.a(fseek.o)
 .comment       0x00000075       0x76 c:/nxp/mcuxpressoide_11.0.1_2563/ide/plugins/com.nxp.mcuxpresso.tools.win32_11.0.1.201907311258/tools/bin/../lib/gcc/arm-none-eabi/8.2.1/../../../../arm-none-eabi/lib/thumb/v7e-m+fp/hard\libcr_c.a(ftell.o)
 .comment       0x00000075       0x76 c:/nxp/mcuxpressoide_11.0.1_2563/ide/plugins/com.nxp.mcuxpresso.tools.win32_11.0.1.201907311258/tools/bin/../lib/gcc/arm-none-eabi/8.2.1/../../../../arm-none-eabi/lib/thumb/v7e-m+fp/hard\libcr_c.a(initio.o)
 .comment       0x00000075       0x76 c:/nxp/mcuxpressoide_11.0.1_2563/ide/plugins/com.nxp.mcuxpresso.tools.win32_11.0.1.201907311258/tools/bin/../lib/gcc/arm-none-eabi/8.2.1/../../../../arm-none-eabi/lib/thumb/v7e-m+fp/hard\libcr_c.a(setvbuf.o)
 .comment       0x00000075       0x76 c:/nxp/mcuxpressoide_11.0.1_2563/ide/plugins/com.nxp.mcuxpresso.tools.win32_11.0.1.201907311258/tools/bin/../lib/gcc/arm-none-eabi/8.2.1/../../../../arm-none-eabi/lib/thumb/v7e-m+fp/hard\libcr_c.a(strlen.o)
 .comment       0x00000075       0x76 c:/nxp/mcuxpressoide_11.0.1_2563/ide/plugins/com.nxp.mcuxpresso.tools.win32_11.0.1.201907311258/tools/bin/../lib/gcc/arm-none-eabi/8.2.1/../../../../arm-none-eabi/lib/thumb/v7e-m+fp/hard\libcr_c.a(__init_alloc.o)
 .comment       0x00000075       0x76 c:/nxp/mcuxpressoide_11.0.1_2563/ide/plugins/com.nxp.mcuxpresso.tools.win32_11.0.1.201907311258/tools/bin/../lib/gcc/arm-none-eabi/8.2.1/../../../../arm-none-eabi/lib/thumb/v7e-m+fp/hard\libcr_c.a(_cr_sbrk.o)
 .comment       0x00000075       0x76 c:/nxp/mcuxpressoide_11.0.1_2563/ide/plugins/com.nxp.mcuxpresso.tools.win32_11.0.1.201907311258/tools/bin/../lib/gcc/arm-none-eabi/8.2.1/../../../../arm-none-eabi/lib/thumb/v7e-m+fp/hard\libcr_c.a(_fdopen.o)
 .comment       0x00000075       0x76 c:/nxp/mcuxpressoide_11.0.1_2563/ide/plugins/com.nxp.mcuxpresso.tools.win32_11.0.1.201907311258/tools/bin/../lib/gcc/arm-none-eabi/8.2.1/../../../../arm-none-eabi/lib/thumb/v7e-m+fp/hard\libcr_c.a(errno.o)
 .comment       0x00000075       0x76 c:/nxp/mcuxpressoide_11.0.1_2563/ide/plugins/com.nxp.mcuxpresso.tools.win32_11.0.1.201907311258/tools/bin/../lib/gcc/arm-none-eabi/8.2.1/../../../../arm-none-eabi/lib/thumb/v7e-m+fp/hard\libcr_c.a(fclose.o)
 .comment       0x00000075       0x76 c:/nxp/mcuxpressoide_11.0.1_2563/ide/plugins/com.nxp.mcuxpresso.tools.win32_11.0.1.201907311258/tools/bin/../lib/gcc/arm-none-eabi/8.2.1/../../../../arm-none-eabi/lib/thumb/v7e-m+fp/hard\libcr_c.a(fflush.o)
 .comment       0x00000075       0x76 c:/nxp/mcuxpressoide_11.0.1_2563/ide/plugins/com.nxp.mcuxpresso.tools.win32_11.0.1.201907311258/tools/bin/../lib/gcc/arm-none-eabi/8.2.1/../../../../arm-none-eabi/lib/thumb/v7e-m+fp/hard\libcr_c.a(remove.o)
 .comment       0x00000075       0x76 c:/nxp/mcuxpressoide_11.0.1_2563/ide/plugins/com.nxp.mcuxpresso.tools.win32_11.0.1.201907311258/tools/bin/../lib/gcc/arm-none-eabi/8.2.1/../../../../arm-none-eabi/lib/thumb/v7e-m+fp/hard\libcr_c.a(_cr_check_heap.o)
 .comment       0x00000075       0x76 c:/nxp/mcuxpressoide_11.0.1_2563/ide/plugins/com.nxp.mcuxpresso.tools.win32_11.0.1.201907311258/tools/bin/../lib/gcc/arm-none-eabi/8.2.1/../../../../arm-none-eabi/lib/thumb/v7e-m+fp/hard\libcr_c.a(_do_fflush.o)

.ARM.attributes
                0x00000000       0x32
 .ARM.attributes
                0x00000000       0x34 ./startup/startup_mk64f12.o
 .ARM.attributes
                0x00000034       0x34 ./source/test.o
 .ARM.attributes
                0x00000068       0x34 ./drivers/fsl_dspi.o
 .ARM.attributes
                0x0000009c       0x34 ./drivers/fsl_i2c.o
 .ARM.attributes
                0x000000d0       0x34 ./drivers/fsl_uart.o
 .ARM.attributes
                0x00000104       0x34 ./device/system_MK64F12.o
 .ARM.attributes
                0x00000138       0x34 c:/nxp/mcuxpressoide_11.0.1_2563/ide/plugins/com.nxp.mcuxpresso.tools.win32_11.0.1.201907311258/tools/bin/../lib/gcc/arm-none-eabi/8.2.1/../../../../arm-none-eabi/lib/thumb/v7e-m+fp/hard\libcr_semihost_nf.a(_cr__main.o)
 .ARM.attributes
                0x0000016c       0x34 c:/nxp/mcuxpressoide_11.0.1_2563/ide/plugins/com.nxp.mcuxpresso.tools.win32_11.0.1.201907311258/tools/bin/../lib/gcc/arm-none-eabi/8.2.1/../../../../arm-none-eabi/lib/thumb/v7e-m+fp/hard\libcr_semihost_nf.a(_cr_assert.o)
 .ARM.attributes
                0x000001a0       0x39 c:/nxp/mcuxpressoide_11.0.1_2563/ide/plugins/com.nxp.mcuxpresso.tools.win32_11.0.1.201907311258/tools/bin/../lib/gcc/arm-none-eabi/8.2.1/../../../../arm-none-eabi/lib/thumb/v7e-m+fp/hard\libcr_semihost_nf.a(__ciob.o)
 .ARM.attributes
                0x000001d9       0x20 c:/nxp/mcuxpressoide_11.0.1_2563/ide/plugins/com.nxp.mcuxpresso.tools.win32_11.0.1.201907311258/tools/bin/../lib/gcc/arm-none-eabi/8.2.1/../../../../arm-none-eabi/lib/thumb/v7e-m+fp/hard\libcr_semihost_nf.a(__sys_appexit.o)
 .ARM.attributes
                0x000001f9       0x34 c:/nxp/mcuxpressoide_11.0.1_2563/ide/plugins/com.nxp.mcuxpresso.tools.win32_11.0.1.201907311258/tools/bin/../lib/gcc/arm-none-eabi/8.2.1/../../../../arm-none-eabi/lib/thumb/v7e-m+fp/hard\libcr_c.a(memset.o)
 .ARM.attributes
                0x0000022d       0x34 c:/nxp/mcuxpressoide_11.0.1_2563/ide/plugins/com.nxp.mcuxpresso.tools.win32_11.0.1.201907311258/tools/bin/../lib/gcc/arm-none-eabi/8.2.1/../../../../arm-none-eabi/lib/thumb/v7e-m+fp/hard\libcr_c.a(_deferredlazyseek.o)
 .ARM.attributes
                0x00000261       0x34 c:/nxp/mcuxpressoide_11.0.1_2563/ide/plugins/com.nxp.mcuxpresso.tools.win32_11.0.1.201907311258/tools/bin/../lib/gcc/arm-none-eabi/8.2.1/../../../../arm-none-eabi/lib/thumb/v7e-m+fp/hard\libcr_c.a(_fflush.o)
 .ARM.attributes
                0x00000295       0x34 c:/nxp/mcuxpressoide_11.0.1_2563/ide/plugins/com.nxp.mcuxpresso.tools.win32_11.0.1.201907311258/tools/bin/../lib/gcc/arm-none-eabi/8.2.1/../../../../arm-none-eabi/lib/thumb/v7e-m+fp/hard\libcr_c.a(_writebuf.o)
 .ARM.attributes
                0x000002c9       0x34 c:/nxp/mcuxpressoide_11.0.1_2563/ide/plugins/com.nxp.mcuxpresso.tools.win32_11.0.1.201907311258/tools/bin/../lib/gcc/arm-none-eabi/8.2.1/../../../../arm-none-eabi/lib/thumb/v7e-m+fp/hard\libcr_c.a(alloc.o)
 .ARM.attributes
                0x000002fd       0x34 c:/nxp/mcuxpressoide_11.0.1_2563/ide/plugins/com.nxp.mcuxpresso.tools.win32_11.0.1.201907311258/tools/bin/../lib/gcc/arm-none-eabi/8.2.1/../../../../arm-none-eabi/lib/thumb/v7e-m+fp/hard\libcr_c.a(fputs.o)
 .ARM.attributes
                0x00000331       0x34 c:/nxp/mcuxpressoide_11.0.1_2563/ide/plugins/com.nxp.mcuxpresso.tools.win32_11.0.1.201907311258/tools/bin/../lib/gcc/arm-none-eabi/8.2.1/../../../../arm-none-eabi/lib/thumb/v7e-m+fp/hard\libcr_c.a(fseek.o)
 .ARM.attributes
                0x00000365       0x34 c:/nxp/mcuxpressoide_11.0.1_2563/ide/plugins/com.nxp.mcuxpresso.tools.win32_11.0.1.201907311258/tools/bin/../lib/gcc/arm-none-eabi/8.2.1/../../../../arm-none-eabi/lib/thumb/v7e-m+fp/hard\libcr_c.a(ftell.o)
 .ARM.attributes
                0x00000399       0x34 c:/nxp/mcuxpressoide_11.0.1_2563/ide/plugins/com.nxp.mcuxpresso.tools.win32_11.0.1.201907311258/tools/bin/../lib/gcc/arm-none-eabi/8.2.1/../../../../arm-none-eabi/lib/thumb/v7e-m+fp/hard\libcr_c.a(initio.o)
 .ARM.attributes
                0x000003cd       0x34 c:/nxp/mcuxpressoide_11.0.1_2563/ide/plugins/com.nxp.mcuxpresso.tools.win32_11.0.1.201907311258/tools/bin/../lib/gcc/arm-none-eabi/8.2.1/../../../../arm-none-eabi/lib/thumb/v7e-m+fp/hard\libcr_c.a(setvbuf.o)
 .ARM.attributes
                0x00000401       0x34 c:/nxp/mcuxpressoide_11.0.1_2563/ide/plugins/com.nxp.mcuxpresso.tools.win32_11.0.1.201907311258/tools/bin/../lib/gcc/arm-none-eabi/8.2.1/../../../../arm-none-eabi/lib/thumb/v7e-m+fp/hard\libcr_c.a(strlen.o)
 .ARM.attributes
                0x00000435       0x34 c:/nxp/mcuxpressoide_11.0.1_2563/ide/plugins/com.nxp.mcuxpresso.tools.win32_11.0.1.201907311258/tools/bin/../lib/gcc/arm-none-eabi/8.2.1/../../../../arm-none-eabi/lib/thumb/v7e-m+fp/hard\libcr_c.a(__init_alloc.o)
 .ARM.attributes
                0x00000469       0x34 c:/nxp/mcuxpressoide_11.0.1_2563/ide/plugins/com.nxp.mcuxpresso.tools.win32_11.0.1.201907311258/tools/bin/../lib/gcc/arm-none-eabi/8.2.1/../../../../arm-none-eabi/lib/thumb/v7e-m+fp/hard\libcr_c.a(_cr_sbrk.o)
 .ARM.attributes
                0x0000049d       0x34 c:/nxp/mcuxpressoide_11.0.1_2563/ide/plugins/com.nxp.mcuxpresso.tools.win32_11.0.1.201907311258/tools/bin/../lib/gcc/arm-none-eabi/8.2.1/../../../../arm-none-eabi/lib/thumb/v7e-m+fp/hard\libcr_c.a(_fdopen.o)
 .ARM.attributes
                0x000004d1       0x39 c:/nxp/mcuxpressoide_11.0.1_2563/ide/plugins/com.nxp.mcuxpresso.tools.win32_11.0.1.201907311258/tools/bin/../lib/gcc/arm-none-eabi/8.2.1/../../../../arm-none-eabi/lib/thumb/v7e-m+fp/hard\libcr_c.a(errno.o)
 .ARM.attributes
                0x0000050a       0x34 c:/nxp/mcuxpressoide_11.0.1_2563/ide/plugins/com.nxp.mcuxpresso.tools.win32_11.0.1.201907311258/tools/bin/../lib/gcc/arm-none-eabi/8.2.1/../../../../arm-none-eabi/lib/thumb/v7e-m+fp/hard\libcr_c.a(fclose.o)
 .ARM.attributes
                0x0000053e       0x34 c:/nxp/mcuxpressoide_11.0.1_2563/ide/plugins/com.nxp.mcuxpresso.tools.win32_11.0.1.201907311258/tools/bin/../lib/gcc/arm-none-eabi/8.2.1/../../../../arm-none-eabi/lib/thumb/v7e-m+fp/hard\libcr_c.a(fflush.o)
 .ARM.attributes
                0x00000572       0x34 c:/nxp/mcuxpressoide_11.0.1_2563/ide/plugins/com.nxp.mcuxpresso.tools.win32_11.0.1.201907311258/tools/bin/../lib/gcc/arm-none-eabi/8.2.1/../../../../arm-none-eabi/lib/thumb/v7e-m+fp/hard\libcr_c.a(remove.o)
 .ARM.attributes
                0x000005a6       0x34 c:/nxp/mcuxpressoide_11.0.1_2563/ide/plugins/com.nxp.mcuxpresso.tools.win32_11.0.1.201907311258/tools/bin/../lib/gcc/arm-none-eabi/8.2.1/../../../../arm-none-eabi/lib/thumb/v7e-m+fp/hard\libcr_c.a(_cr_check_heap.o)
 .ARM.attributes
                0x000005da       0x34 c:/nxp/mcuxpressoide_11.0.1_2563/ide/plugins/com.nxp.mcuxpresso.tools.win32_11.0.1.201907311258/tools/bin/../lib/gcc/arm-none-eabi/8.2.1/../../../../arm-none-eabi/lib/thumb/v7e-m+fp/hard\libcr_c.a(_do_fflush.o)
 .ARM.attributes
                0x0000060e       0x20 c:/nxp/mcuxpressoide_11.0.1_2563/ide/plugins/com.nxp.mcuxpresso.tools.win32_11.0.1.201907311258/tools/bin/../lib/gcc/arm-none-eabi/8.2.1/thumb/v7e-m+fp/hard\libcr_eabihelpers.a(memcpy.o)
 .ARM.attributes
                0x0000062e       0x20 c:/nxp/mcuxpressoide_11.0.1_2563/ide/plugins/com.nxp.mcuxpresso.tools.win32_11.0.1.201907311258/tools/bin/../lib/gcc/arm-none-eabi/8.2.1/../../../../arm-none-eabi/lib/thumb/v7e-m+fp/hard\libcr_semihost_nf.a(__sys_close.o)
 .ARM.attributes
                0x0000064e       0x20 c:/nxp/mcuxpressoide_11.0.1_2563/ide/plugins/com.nxp.mcuxpresso.tools.win32_11.0.1.201907311258/tools/bin/../lib/gcc/arm-none-eabi/8.2.1/../../../../arm-none-eabi/lib/thumb/v7e-m+fp/hard\libcr_semihost_nf.a(__sys_flen.o)
 .ARM.attributes
                0x0000066e       0x20 c:/nxp/mcuxpressoide_11.0.1_2563/ide/plugins/com.nxp.mcuxpresso.tools.win32_11.0.1.201907311258/tools/bin/../lib/gcc/arm-none-eabi/8.2.1/../../../../arm-none-eabi/lib/thumb/v7e-m+fp/hard\libcr_semihost_nf.a(__sys_istty.o)
 .ARM.attributes
                0x0000068e       0x20 c:/nxp/mcuxpressoide_11.0.1_2563/ide/plugins/com.nxp.mcuxpresso.tools.win32_11.0.1.201907311258/tools/bin/../lib/gcc/arm-none-eabi/8.2.1/../../../../arm-none-eabi/lib/thumb/v7e-m+fp/hard\libcr_semihost_nf.a(__sys_remove.o)
 .ARM.attributes
                0x000006ae       0x20 c:/nxp/mcuxpressoide_11.0.1_2563/ide/plugins/com.nxp.mcuxpresso.tools.win32_11.0.1.201907311258/tools/bin/../lib/gcc/arm-none-eabi/8.2.1/../../../../arm-none-eabi/lib/thumb/v7e-m+fp/hard\libcr_semihost_nf.a(__sys_seek.o)
 .ARM.attributes
                0x000006ce       0x20 c:/nxp/mcuxpressoide_11.0.1_2563/ide/plugins/com.nxp.mcuxpresso.tools.win32_11.0.1.201907311258/tools/bin/../lib/gcc/arm-none-eabi/8.2.1/../../../../arm-none-eabi/lib/thumb/v7e-m+fp/hard\libcr_semihost_nf.a(__sys_tmpnam.o)
 .ARM.attributes
                0x000006ee       0x20 c:/nxp/mcuxpressoide_11.0.1_2563/ide/plugins/com.nxp.mcuxpresso.tools.win32_11.0.1.201907311258/tools/bin/../lib/gcc/arm-none-eabi/8.2.1/../../../../arm-none-eabi/lib/thumb/v7e-m+fp/hard\libcr_semihost_nf.a(__sys_write.o)

.debug_frame    0x00000000     0x1e80
 .debug_frame   0x00000000      0x904 ./startup/startup_mk64f12.o
 .debug_frame   0x00000904       0x54 ./source/test.o
 .debug_frame   0x00000958      0x834 ./drivers/fsl_dspi.o
 .debug_frame   0x0000118c      0x694 ./drivers/fsl_i2c.o
 .debug_frame   0x00001820      0x5ec ./drivers/fsl_uart.o
 .debug_frame   0x00001e0c       0x74 ./device/system_MK64F12.o

Cross Reference Table

Symbol                                            File
ADC0_DriverIRQHandler                             ./startup/startup_mk64f12.o
ADC0_IRQHandler                                   ./startup/startup_mk64f12.o
ADC16_ClearStatusFlags                            ./drivers/fsl_adc16.o
ADC16_Deinit                                      ./drivers/fsl_adc16.o
ADC16_DoAutoCalibration                           ./drivers/fsl_adc16.o
ADC16_GetChannelStatusFlags                       ./drivers/fsl_adc16.o
ADC16_GetDefaultConfig                            ./drivers/fsl_adc16.o
ADC16_GetStatusFlags                              ./drivers/fsl_adc16.o
ADC16_Init                                        ./drivers/fsl_adc16.o
ADC16_SetChannelConfig                            ./drivers/fsl_adc16.o
ADC16_SetChannelMuxMode                           ./drivers/fsl_adc16.o
ADC16_SetHardwareAverage                          ./drivers/fsl_adc16.o
ADC16_SetHardwareCompareConfig                    ./drivers/fsl_adc16.o
ADC1_DriverIRQHandler                             ./startup/startup_mk64f12.o
ADC1_IRQHandler                                   ./startup/startup_mk64f12.o
BOARD_BootClockRUN                                ./board/boards/clock_config.o
BOARD_BootClockVLPR                               ./board/boards/clock_config.o
BOARD_InitACCELPins                               ./board/boards/pin_mux.o
BOARD_InitBootClocks                              ./board/boards/clock_config.o
BOARD_InitBootPeripherals                         ./board/boards/peripherals.o
BOARD_InitBootPins                                ./board/boards/pin_mux.o
BOARD_InitButtonsPins                             ./board/boards/pin_mux.o
BOARD_InitDEBUG_UARTPins                          ./board/boards/pin_mux.o
BOARD_InitDebugConsole                            ./board/boards/board.o
BOARD_InitENETPins                                ./board/boards/pin_mux.o
BOARD_InitLEDsPins                                ./board/boards/pin_mux.o
BOARD_InitOSCPins                                 ./board/boards/pin_mux.o
BOARD_InitPeripherals                             ./board/boards/peripherals.o
BOARD_InitPins                                    ./board/boards/pin_mux.o
BOARD_InitSDHCPins                                ./board/boards/pin_mux.o
BOARD_InitUSBPins                                 ./board/boards/pin_mux.o
BusFault_Handler                                  ./startup/startup_mk64f12.o
CAN0_Bus_Off_IRQHandler                           ./startup/startup_mk64f12.o
CAN0_DriverIRQHandler                             ./startup/startup_mk64f12.o
CAN0_Error_IRQHandler                             ./startup/startup_mk64f12.o
CAN0_ORed_Message_buffer_IRQHandler               ./startup/startup_mk64f12.o
CAN0_Rx_Warning_IRQHandler                        ./startup/startup_mk64f12.o
CAN0_Tx_Warning_IRQHandler                        ./startup/startup_mk64f12.o
CAN0_Wake_Up_IRQHandler                           ./startup/startup_mk64f12.o
CLOCK_BootToBlpeMode                              ./drivers/fsl_clock.o
CLOCK_BootToBlpiMode                              ./drivers/fsl_clock.o
                                                  ./board/boards/clock_config.o
CLOCK_BootToFeeMode                               ./drivers/fsl_clock.o
CLOCK_BootToFeiMode                               ./drivers/fsl_clock.o
CLOCK_BootToPeeMode                               ./drivers/fsl_clock.o
                                                  ./board/boards/clock_config.o
CLOCK_CalcPllDiv                                  ./drivers/fsl_clock.o
CLOCK_ClearStatusFlags                            ./drivers/fsl_clock.o
CLOCK_DeinitOsc0                                  ./drivers/fsl_clock.o
CLOCK_EnablePll0                                  ./drivers/fsl_clock.o
CLOCK_EnableUsbfs0Clock                           ./drivers/fsl_clock.o
                                                  ./board/boards/clock_config.o
CLOCK_ExternalModeToFbeModeQuick                  ./drivers/fsl_clock.o
CLOCK_GetBusClkFreq                               ./drivers/fsl_clock.o
CLOCK_GetCoreSysClkFreq                           ./drivers/fsl_clock.o
                                                  ./board/boards/board.o
CLOCK_GetEr32kClkFreq                             ./drivers/fsl_clock.o
CLOCK_GetFixedFreqClkFreq                         ./drivers/fsl_clock.o
CLOCK_GetFlashClkFreq                             ./drivers/fsl_clock.o
CLOCK_GetFlexBusClkFreq                           ./drivers/fsl_clock.o
CLOCK_GetFllFreq                                  ./drivers/fsl_clock.o
CLOCK_GetFreq                                     ./drivers/fsl_clock.o
CLOCK_GetInternalRefClkFreq                       ./drivers/fsl_clock.o
CLOCK_GetMode                                     ./drivers/fsl_clock.o
CLOCK_GetOsc0ErClkFreq                            ./drivers/fsl_clock.o
CLOCK_GetOutClkFreq                               ./drivers/fsl_clock.o
CLOCK_GetPlatClkFreq                              ./drivers/fsl_clock.o
CLOCK_GetPll0Freq                                 ./drivers/fsl_clock.o
CLOCK_GetPllFllSelClkFreq                         ./drivers/fsl_clock.o
CLOCK_GetStatusFlags                              ./drivers/fsl_clock.o
CLOCK_InitOsc0                                    ./drivers/fsl_clock.o
                                                  ./board/boards/clock_config.o
CLOCK_InternalModeToFbiModeQuick                  ./drivers/fsl_clock.o
CLOCK_SetBlpeMode                                 ./drivers/fsl_clock.o
CLOCK_SetBlpiMode                                 ./drivers/fsl_clock.o
CLOCK_SetExternalRefClkConfig                     ./drivers/fsl_clock.o
CLOCK_SetFbeMode                                  ./drivers/fsl_clock.o
CLOCK_SetFbiMode                                  ./drivers/fsl_clock.o
CLOCK_SetFeeMode                                  ./drivers/fsl_clock.o
CLOCK_SetFeiMode                                  ./drivers/fsl_clock.o
CLOCK_SetInternalRefClkConfig                     ./drivers/fsl_clock.o
                                                  ./board/boards/clock_config.o
CLOCK_SetMcgConfig                                ./drivers/fsl_clock.o
CLOCK_SetOsc0MonitorMode                          ./drivers/fsl_clock.o
CLOCK_SetPbeMode                                  ./drivers/fsl_clock.o
CLOCK_SetPeeMode                                  ./drivers/fsl_clock.o
CLOCK_SetPll0MonitorMode                          ./drivers/fsl_clock.o
CLOCK_SetRtcOscMonitorMode                        ./drivers/fsl_clock.o
CLOCK_SetSimConfig                                ./drivers/fsl_clock.o
                                                  ./board/boards/clock_config.o
CLOCK_TrimInternalRefClk                          ./drivers/fsl_clock.o
CMP0_DriverIRQHandler                             ./startup/startup_mk64f12.o
CMP0_IRQHandler                                   ./startup/startup_mk64f12.o
CMP1_DriverIRQHandler                             ./startup/startup_mk64f12.o
CMP1_IRQHandler                                   ./startup/startup_mk64f12.o
CMP2_DriverIRQHandler                             ./startup/startup_mk64f12.o
CMP2_IRQHandler                                   ./startup/startup_mk64f12.o
CMT_DriverIRQHandler                              ./startup/startup_mk64f12.o
CMT_IRQHandler                                    ./startup/startup_mk64f12.o
DAC0_DriverIRQHandler                             ./startup/startup_mk64f12.o
DAC0_IRQHandler                                   ./startup/startup_mk64f12.o
DAC1_DriverIRQHandler                             ./startup/startup_mk64f12.o
DAC1_IRQHandler                                   ./startup/startup_mk64f12.o
DMA0_DriverIRQHandler                             ./startup/startup_mk64f12.o
DMA0_IRQHandler                                   ./startup/startup_mk64f12.o
DMA10_DriverIRQHandler                            ./startup/startup_mk64f12.o
DMA10_IRQHandler                                  ./startup/startup_mk64f12.o
DMA11_DriverIRQHandler                            ./startup/startup_mk64f12.o
DMA11_IRQHandler                                  ./startup/startup_mk64f12.o
DMA12_DriverIRQHandler                            ./startup/startup_mk64f12.o
DMA12_IRQHandler                                  ./startup/startup_mk64f12.o
DMA13_DriverIRQHandler                            ./startup/startup_mk64f12.o
DMA13_IRQHandler                                  ./startup/startup_mk64f12.o
DMA14_DriverIRQHandler                            ./startup/startup_mk64f12.o
DMA14_IRQHandler                                  ./startup/startup_mk64f12.o
DMA15_DriverIRQHandler                            ./startup/startup_mk64f12.o
DMA15_IRQHandler                                  ./startup/startup_mk64f12.o
DMA1_DriverIRQHandler                             ./startup/startup_mk64f12.o
DMA1_IRQHandler                                   ./startup/startup_mk64f12.o
DMA2_DriverIRQHandler                             ./startup/startup_mk64f12.o
DMA2_IRQHandler                                   ./startup/startup_mk64f12.o
DMA3_DriverIRQHandler                             ./startup/startup_mk64f12.o
DMA3_IRQHandler                                   ./startup/startup_mk64f12.o
DMA4_DriverIRQHandler                             ./startup/startup_mk64f12.o
DMA4_IRQHandler                                   ./startup/startup_mk64f12.o
DMA5_DriverIRQHandler                             ./startup/startup_mk64f12.o
DMA5_IRQHandler                                   ./startup/startup_mk64f12.o
DMA6_DriverIRQHandler                             ./startup/startup_mk64f12.o
DMA6_IRQHandler                                   ./startup/startup_mk64f12.o
DMA7_DriverIRQHandler                             ./startup/startup_mk64f12.o
DMA7_IRQHandler                                   ./startup/startup_mk64f12.o
DMA8_DriverIRQHandler                             ./startup/startup_mk64f12.o
DMA8_IRQHandler                                   ./startup/startup_mk64f12.o
DMA9_DriverIRQHandler                             ./startup/startup_mk64f12.o
DMA9_IRQHandler                                   ./startup/startup_mk64f12.o
DMA_Error_DriverIRQHandler                        ./startup/startup_mk64f12.o
DMA_Error_IRQHandler                              ./startup/startup_mk64f12.o
DSPI_Deinit                                       ./drivers/fsl_dspi.o
DSPI_EnableInterrupts                             ./drivers/fsl_dspi.o
DSPI_GetDefaultDataCommandConfig                  ./drivers/fsl_dspi.o
DSPI_GetDummyDataInstance                         ./drivers/fsl_dspi.o
DSPI_GetInstance                                  ./drivers/fsl_dspi.o
DSPI_MasterGetDefaultConfig                       ./drivers/fsl_dspi.o
DSPI_MasterHalfDuplexTransferBlocking             ./drivers/fsl_dspi.o
DSPI_MasterHalfDuplexTransferNonBlocking          ./drivers/fsl_dspi.o
DSPI_MasterInit                                   ./drivers/fsl_dspi.o
DSPI_MasterSetBaudRate                            ./drivers/fsl_dspi.o
DSPI_MasterSetDelayScaler                         ./drivers/fsl_dspi.o
DSPI_MasterSetDelayTimes                          ./drivers/fsl_dspi.o
DSPI_MasterTransferAbort                          ./drivers/fsl_dspi.o
DSPI_MasterTransferBlocking                       ./drivers/fsl_dspi.o
DSPI_MasterTransferCreateHandle                   ./drivers/fsl_dspi.o
DSPI_MasterTransferGetCount                       ./drivers/fsl_dspi.o
DSPI_MasterTransferHandleIRQ                      ./drivers/fsl_dspi.o
DSPI_MasterTransferNonBlocking                    ./drivers/fsl_dspi.o
DSPI_MasterWriteCommandDataBlocking               ./drivers/fsl_dspi.o
DSPI_MasterWriteDataBlocking                      ./drivers/fsl_dspi.o
DSPI_SetDummyData                                 ./drivers/fsl_dspi.o
DSPI_SlaveGetDefaultConfig                        ./drivers/fsl_dspi.o
DSPI_SlaveInit                                    ./drivers/fsl_dspi.o
DSPI_SlaveTransferAbort                           ./drivers/fsl_dspi.o
DSPI_SlaveTransferCreateHandle                    ./drivers/fsl_dspi.o
DSPI_SlaveTransferGetCount                        ./drivers/fsl_dspi.o
DSPI_SlaveTransferHandleIRQ                       ./drivers/fsl_dspi.o
DSPI_SlaveTransferNonBlocking                     ./drivers/fsl_dspi.o
DSPI_SlaveWriteDataBlocking                       ./drivers/fsl_dspi.o
DbgConsole_Deinit                                 ./utilities/fsl_debug_console.o
DbgConsole_Init                                   ./utilities/fsl_debug_console.o
                                                  ./board/boards/board.o
DbgConsole_ReadCharacter                          ./utilities/fsl_debug_console.o
DbgConsole_ReadLine                               ./utilities/fsl_debug_console.o
DbgConsole_ReadOneCharacter                       ./utilities/fsl_debug_console.o
DbgConsole_SendData                               ./utilities/fsl_debug_console.o
DbgConsole_SendDataReliable                       ./utilities/fsl_debug_console.o
DebugMon_Handler                                  ./startup/startup_mk64f12.o
ENET_1588_Timer_DriverIRQHandler                  ./startup/startup_mk64f12.o
ENET_1588_Timer_IRQHandler                        ./startup/startup_mk64f12.o
ENET_Error_DriverIRQHandler                       ./startup/startup_mk64f12.o
ENET_Error_IRQHandler                             ./startup/startup_mk64f12.o
ENET_Receive_DriverIRQHandler                     ./startup/startup_mk64f12.o
ENET_Receive_IRQHandler                           ./startup/startup_mk64f12.o
ENET_Transmit_DriverIRQHandler                    ./startup/startup_mk64f12.o
ENET_Transmit_IRQHandler                          ./startup/startup_mk64f12.o
FTFE_DriverIRQHandler                             ./startup/startup_mk64f12.o
FTFE_IRQHandler                                   ./startup/startup_mk64f12.o
FTM0_DriverIRQHandler                             ./startup/startup_mk64f12.o
FTM0_IRQHandler                                   ./startup/startup_mk64f12.o
FTM1_DriverIRQHandler                             ./startup/startup_mk64f12.o
FTM1_IRQHandler                                   ./startup/startup_mk64f12.o
FTM2_DriverIRQHandler                             ./startup/startup_mk64f12.o
FTM2_IRQHandler                                   ./startup/startup_mk64f12.o
FTM3_DriverIRQHandler                             ./startup/startup_mk64f12.o
FTM3_IRQHandler                                   ./startup/startup_mk64f12.o
Flash_Config                                      ./startup/startup_mk64f12.o
GPIO_PinInit                                      ./drivers/fsl_gpio.o
                                                  ./board/boards/pin_mux.o
GPIO_PortClearInterruptFlags                      ./drivers/fsl_gpio.o
GPIO_PortGetInterruptFlags                        ./drivers/fsl_gpio.o
HAL_UartDeinit                                    ./component/uart/uart_adapter.o
                                                  ./component/serial_manager/serial_port_uart.o
HAL_UartInit                                      ./component/uart/uart_adapter.o
                                                  ./component/serial_manager/serial_port_uart.o
HAL_UartReceiveBlocking                           ./component/uart/uart_adapter.o
                                                  ./component/serial_manager/serial_port_uart.o
HAL_UartSendBlocking                              ./component/uart/uart_adapter.o
                                                  ./component/serial_manager/serial_port_uart.o
HardFault_Handler                                 ./startup/startup_mk64f12.o
I2C0_DriverIRQHandler                             ./drivers/fsl_i2c.o
                                                  ./startup/startup_mk64f12.o
I2C0_IRQHandler                                   ./startup/startup_mk64f12.o
I2C1_DriverIRQHandler                             ./drivers/fsl_i2c.o
                                                  ./startup/startup_mk64f12.o
I2C1_IRQHandler                                   ./startup/startup_mk64f12.o
I2C2_DriverIRQHandler                             ./drivers/fsl_i2c.o
                                                  ./startup/startup_mk64f12.o
I2C2_IRQHandler                                   ./startup/startup_mk64f12.o
I2C_DisableInterrupts                             ./drivers/fsl_i2c.o
I2C_EnableInterrupts                              ./drivers/fsl_i2c.o
I2C_GetInstance                                   ./drivers/fsl_i2c.o
I2C_MasterDeinit                                  ./drivers/fsl_i2c.o
I2C_MasterGetDefaultConfig                        ./drivers/fsl_i2c.o
I2C_MasterGetStatusFlags                          ./drivers/fsl_i2c.o
I2C_MasterInit                                    ./drivers/fsl_i2c.o
I2C_MasterReadBlocking                            ./drivers/fsl_i2c.o
I2C_MasterRepeatedStart                           ./drivers/fsl_i2c.o
I2C_MasterSetBaudRate                             ./drivers/fsl_i2c.o
I2C_MasterStart                                   ./drivers/fsl_i2c.o
I2C_MasterStop                                    ./drivers/fsl_i2c.o
I2C_MasterTransferAbort                           ./drivers/fsl_i2c.o
I2C_MasterTransferBlocking                        ./drivers/fsl_i2c.o
I2C_MasterTransferCreateHandle                    ./drivers/fsl_i2c.o
I2C_MasterTransferGetCount                        ./drivers/fsl_i2c.o
I2C_MasterTransferHandleIRQ                       ./drivers/fsl_i2c.o
I2C_MasterTransferNonBlocking                     ./drivers/fsl_i2c.o
I2C_MasterWriteBlocking                           ./drivers/fsl_i2c.o
I2C_SlaveDeinit                                   ./drivers/fsl_i2c.o
I2C_SlaveGetDefaultConfig                         ./drivers/fsl_i2c.o
I2C_SlaveInit                                     ./drivers/fsl_i2c.o
I2C_SlaveReadBlocking                             ./drivers/fsl_i2c.o
I2C_SlaveTransferAbort                            ./drivers/fsl_i2c.o
I2C_SlaveTransferCreateHandle                     ./drivers/fsl_i2c.o
I2C_SlaveTransferGetCount                         ./drivers/fsl_i2c.o
I2C_SlaveTransferHandleIRQ                        ./drivers/fsl_i2c.o
I2C_SlaveTransferNonBlocking                      ./drivers/fsl_i2c.o
I2C_SlaveWriteBlocking                            ./drivers/fsl_i2c.o
I2S0_Rx_DriverIRQHandler                          ./startup/startup_mk64f12.o
I2S0_Rx_IRQHandler                                ./startup/startup_mk64f12.o
I2S0_Tx_DriverIRQHandler                          ./startup/startup_mk64f12.o
I2S0_Tx_IRQHandler                                ./startup/startup_mk64f12.o
IntDefaultHandler                                 ./startup/startup_mk64f12.o
LIST_AddHead                                      ./component/lists/generic_list.o
LIST_AddPrevElement                               ./component/lists/generic_list.o
LIST_AddTail                                      ./component/lists/generic_list.o
LIST_GetAvailableSize                             ./component/lists/generic_list.o
LIST_GetHead                                      ./component/lists/generic_list.o
LIST_GetList                                      ./component/lists/generic_list.o
LIST_GetNext                                      ./component/lists/generic_list.o
LIST_GetPrev                                      ./component/lists/generic_list.o
LIST_GetSize                                      ./component/lists/generic_list.o
LIST_Init                                         ./component/lists/generic_list.o
LIST_RemoveElement                                ./component/lists/generic_list.o
LIST_RemoveHead                                   ./component/lists/generic_list.o
LLWU_DriverIRQHandler                             ./startup/startup_mk64f12.o
LLWU_IRQHandler                                   ./startup/startup_mk64f12.o
LPTMR0_DriverIRQHandler                           ./startup/startup_mk64f12.o
LPTMR0_IRQHandler                                 ./startup/startup_mk64f12.o
LVD_LVW_DriverIRQHandler                          ./startup/startup_mk64f12.o
LVD_LVW_IRQHandler                                ./startup/startup_mk64f12.o
MCG_DriverIRQHandler                              ./startup/startup_mk64f12.o
MCG_IRQHandler                                    ./startup/startup_mk64f12.o
MCM_DriverIRQHandler                              ./startup/startup_mk64f12.o
MCM_IRQHandler                                    ./startup/startup_mk64f12.o
MemManage_Handler                                 ./startup/startup_mk64f12.o
NMI_Handler                                       ./startup/startup_mk64f12.o
PDB0_DriverIRQHandler                             ./startup/startup_mk64f12.o
PDB0_IRQHandler                                   ./startup/startup_mk64f12.o
PIT0_DriverIRQHandler                             ./startup/startup_mk64f12.o
PIT0_IRQHandler                                   ./startup/startup_mk64f12.o
PIT1_DriverIRQHandler                             ./startup/startup_mk64f12.o
PIT1_IRQHandler                                   ./startup/startup_mk64f12.o
PIT2_DriverIRQHandler                             ./startup/startup_mk64f12.o
PIT2_IRQHandler                                   ./startup/startup_mk64f12.o
PIT3_DriverIRQHandler                             ./startup/startup_mk64f12.o
PIT3_IRQHandler                                   ./startup/startup_mk64f12.o
PORTA_DriverIRQHandler                            ./startup/startup_mk64f12.o
PORTA_IRQHandler                                  ./startup/startup_mk64f12.o
PORTB_DriverIRQHandler                            ./startup/startup_mk64f12.o
PORTB_IRQHandler                                  ./startup/startup_mk64f12.o
PORTC_DriverIRQHandler                            ./startup/startup_mk64f12.o
PORTC_IRQHandler                                  ./startup/startup_mk64f12.o
PORTD_DriverIRQHandler                            ./startup/startup_mk64f12.o
PORTD_IRQHandler                                  ./startup/startup_mk64f12.o
PORTE_DriverIRQHandler                            ./startup/startup_mk64f12.o
PORTE_IRQHandler                                  ./startup/startup_mk64f12.o
PendSV_Handler                                    ./startup/startup_mk64f12.o
RNG_DriverIRQHandler                              ./startup/startup_mk64f12.o
RNG_IRQHandler                                    ./startup/startup_mk64f12.o
RTC_ClearStatusFlags                              ./drivers/fsl_rtc.o
RTC_DisableInterrupts                             ./drivers/fsl_rtc.o
RTC_DriverIRQHandler                              ./startup/startup_mk64f12.o
RTC_EnableInterrupts                              ./drivers/fsl_rtc.o
RTC_GetAlarm                                      ./drivers/fsl_rtc.o
RTC_GetDatetime                                   ./drivers/fsl_rtc.o
RTC_GetDefaultConfig                              ./drivers/fsl_rtc.o
RTC_GetEnabledInterrupts                          ./drivers/fsl_rtc.o
RTC_GetStatusFlags                                ./drivers/fsl_rtc.o
RTC_IRQHandler                                    ./startup/startup_mk64f12.o
RTC_Init                                          ./drivers/fsl_rtc.o
RTC_Seconds_DriverIRQHandler                      ./startup/startup_mk64f12.o
RTC_Seconds_IRQHandler                            ./startup/startup_mk64f12.o
RTC_SetAlarm                                      ./drivers/fsl_rtc.o
RTC_SetDatetime                                   ./drivers/fsl_rtc.o
Read_Collision_DriverIRQHandler                   ./startup/startup_mk64f12.o
Read_Collision_IRQHandler                         ./startup/startup_mk64f12.o
Reserved71_DriverIRQHandler                       ./startup/startup_mk64f12.o
Reserved71_IRQHandler                             ./startup/startup_mk64f12.o
ResetISR                                          ./startup/startup_mk64f12.o
SDHC_DriverIRQHandler                             ./startup/startup_mk64f12.o
SDHC_IRQHandler                                   ./startup/startup_mk64f12.o
SDK_DelayAtLeastUs                                ./drivers/fsl_clock.o
SDK_Free                                          ./drivers/fsl_common.o
SDK_Malloc                                        ./drivers/fsl_common.o
SMC_PostExitStopModes                             ./drivers/fsl_smc.o
SMC_PostExitWaitModes                             ./drivers/fsl_smc.o
SMC_PreEnterStopModes                             ./drivers/fsl_smc.o
SMC_PreEnterWaitModes                             ./drivers/fsl_smc.o
SMC_SetPowerModeLls                               ./drivers/fsl_smc.o
SMC_SetPowerModeRun                               ./drivers/fsl_smc.o
SMC_SetPowerModeStop                              ./drivers/fsl_smc.o
SMC_SetPowerModeVlls                              ./drivers/fsl_smc.o
SMC_SetPowerModeVlpr                              ./drivers/fsl_smc.o
                                                  ./board/boards/clock_config.o
SMC_SetPowerModeVlps                              ./drivers/fsl_smc.o
SMC_SetPowerModeVlpw                              ./drivers/fsl_smc.o
SMC_SetPowerModeWait                              ./drivers/fsl_smc.o
SPI0_DriverIRQHandler                             ./drivers/fsl_dspi.o
                                                  ./startup/startup_mk64f12.o
SPI0_IRQHandler                                   ./startup/startup_mk64f12.o
SPI1_DriverIRQHandler                             ./drivers/fsl_dspi.o
                                                  ./startup/startup_mk64f12.o
SPI1_IRQHandler                                   ./startup/startup_mk64f12.o
SPI2_DriverIRQHandler                             ./drivers/fsl_dspi.o
                                                  ./startup/startup_mk64f12.o
SPI2_IRQHandler                                   ./startup/startup_mk64f12.o
SVC_Handler                                       ./startup/startup_mk64f12.o
SWI_DriverIRQHandler                              ./startup/startup_mk64f12.o
SWI_IRQHandler                                    ./startup/startup_mk64f12.o
SerialManager_CloseReadHandle                     ./component/serial_manager/serial_manager.o
                                                  ./utilities/fsl_debug_console.o
SerialManager_CloseWriteHandle                    ./component/serial_manager/serial_manager.o
                                                  ./utilities/fsl_debug_console.o
SerialManager_Deinit                              ./component/serial_manager/serial_manager.o
SerialManager_EnterLowpower                       ./component/serial_manager/serial_manager.o
SerialManager_ExitLowpower                        ./component/serial_manager/serial_manager.o
SerialManager_Init                                ./component/serial_manager/serial_manager.o
                                                  ./utilities/fsl_debug_console.o
SerialManager_OpenReadHandle                      ./component/serial_manager/serial_manager.o
                                                  ./utilities/fsl_debug_console.o
SerialManager_OpenWriteHandle                     ./component/serial_manager/serial_manager.o
                                                  ./utilities/fsl_debug_console.o
SerialManager_ReadBlocking                        ./component/serial_manager/serial_manager.o
                                                  ./utilities/fsl_debug_console.o
SerialManager_WriteBlocking                       ./component/serial_manager/serial_manager.o
                                                  ./utilities/fsl_debug_console.o
Serial_UartDeinit                                 ./component/serial_manager/serial_port_uart.o
                                                  ./component/serial_manager/serial_manager.o
Serial_UartInit                                   ./component/serial_manager/serial_port_uart.o
                                                  ./component/serial_manager/serial_manager.o
Serial_UartRead                                   ./component/serial_manager/serial_port_uart.o
                                                  ./component/serial_manager/serial_manager.o
Serial_UartWrite                                  ./component/serial_manager/serial_port_uart.o