inputControl.c:31:6:initEnums	4	static
inputControl.c:41:5:getTuneNr	4	static
inputControl.c:48:5:getDisplay	4	static
inputControl.c:55:5:getHour	4	static
inputControl.c:62:5:getMin	4	static
inputControl.c:69:5:getSec	4	static
inputControl.c:76:5:getHourAlarm	4	static
inputControl.c:83:5:getMinAlarm	4	static
inputControl.c:90:5:getSecAlarm	4	static
inputControl.c:97:5:getSettingNr	4	static
inputControl.c:104:8:getSetting	24	static
inputControl.c:130:8:getTune	24	static
inputControl.c:156:6:incrementTime	16	static
inputControl.c:189:6:decrementTime	16	static
inputControl.c:221:6:incrementAlarm	16	static
inputControl.c:253:6:decrementAlarm	16	static
inputControl.c:285:6:setDisplay	16	static
inputControl.c:293:6:PORTC_IRQHandler	8	static
inputControl.c:389:6:PORTB_IRQHandler	8	static
